Jul 28 14:32:20 sshVictim sshd[3303]: pam_unix(sshd:auth): check pass; user unknown
Jul 28 14:32:20 sshVictim sshd[3303]: pam_unix(sshd:auth): authentication failure; logname= uid=0 euid=0 tty=ssh ruser= rhost=46.101.106.10 
Jul 28 14:32:20 sshVictim sshd[3301]: Failed password for root from 137.184.219.69 port 48130 ssh2
Jul 28 14:32:21 sshVictim sshd[3301]: Received disconnect from 137.184.219.69 port 48130:11: Bye Bye [preauth]
Jul 28 14:32:21 sshVictim sshd[3301]: Disconnected from authenticating user root 137.184.219.69 port 48130 [preauth]
Jul 28 14:32:22 sshVictim sshd[3303]: Failed password for invalid user PPAP from 46.101.106.10 port 47396 ssh2
Jul 28 14:32:23 sshVictim sshd[3303]: Received disconnect from 46.101.106.10 port 47396:11: Bye Bye [preauth]
Jul 28 14:32:23 sshVictim sshd[3303]: Disconnected from invalid user PPAP 46.101.106.10 port 47396 [preauth]
Jul 28 14:32:26 sshVictim sshd[3305]: pam_unix(sshd:auth): authentication failure; logname= uid=0 euid=0 tty=ssh ruser= rhost=20.219.196.147  user=root
Jul 28 14:32:28 sshVictim sshd[3305]: Failed password for root from 20.219.196.147 port 59114 ssh2
Jul 28 14:32:28 sshVictim sshd[3307]: Invalid user wangqi from 200.219.222.220 port 53292
Jul 28 14:32:28 sshVictim sshd[3307]: pam_unix(sshd:auth): check pass; user unknown
Jul 28 14:32:28 sshVictim sshd[3307]: pam_unix(sshd:auth): authentication failure; logname= uid=0 euid=0 tty=ssh ruser= rhost=200.219.222.220 
Jul 28 14:32:28 sshVictim sshd[3305]: Received disconnect from 20.219.196.147 port 59114:11: Bye Bye [preauth]
Jul 28 14:32:28 sshVictim sshd[3305]: Disconnected from authenticating user root 20.219.196.147 port 59114 [preauth]
Jul 28 14:32:30 sshVictim sshd[3307]: Failed password for invalid user wangqi from 200.219.222.220 port 53292 ssh2
Jul 28 14:32:31 sshVictim sshd[3307]: Received disconnect from 200.219.222.220 port 53292:11: Bye Bye [preauth]
Jul 28 14:32:31 sshVictim sshd[3307]: Disconnected from invalid user wangqi 200.219.222.220 port 53292 [preauth]
Jul 28 14:32:55 sshVictim sshd[3312]: pam_unix(sshd:auth): authentication failure; logname= uid=0 euid=0 tty=ssh ruser= rhost=143.110.190.255  user=root
Jul 28 14:32:57 sshVictim sshd[3312]: Failed password for root from 143.110.190.255 port 57660 ssh2
Jul 28 14:32:57 sshVictim sshd[3312]: Received disconnect from 143.110.190.255 port 57660:11: Bye Bye [preauth]
Jul 28 14:32:57 sshVictim sshd[3312]: Disconnected from authenticating user root 143.110.190.255 port 57660 [preauth]
Jul 28 14:33:04 sshVictim sshd[3314]: Invalid user svn from 178.62.108.63 port 34564
Jul 28 14:33:04 sshVictim sshd[3314]: pam_unix(sshd:auth): check pass; user unknown
Jul 28 14:33:04 sshVictim sshd[3314]: pam_unix(sshd:auth): authentication failure; logname= uid=0 euid=0 tty=ssh ruser= rhost=178.62.108.63 
Jul 28 14:33:05 sshVictim sshd[3314]: Failed password for invalid user svn from 178.62.108.63 port 34564 ssh2
Jul 28 14:33:05 sshVictim sshd[3320]: pam_unix(sshd:auth): authentication failure; logname= uid=0 euid=0 tty=ssh ruser= rhost=23.95.115.90  user=root
Jul 28 14:33:06 sshVictim sshd[3318]: pam_unix(sshd:auth): authentication failure; logname= uid=0 euid=0 tty=ssh ruser= rhost=139.59.0.209  user=root
Jul 28 14:33:07 sshVictim sshd[3314]: Received disconnect from 178.62.108.63 port 34564:11: Bye Bye [preauth]
Jul 28 14:33:07 sshVictim sshd[3314]: Disconnected from invalid user svn 178.62.108.63 port 34564 [preauth]
Jul 28 14:33:07 sshVictim sshd[3316]: pam_unix(sshd:auth): authentication failure; logname= uid=0 euid=0 tty=ssh ruser= rhost=165.227.68.95  user=root
Jul 28 14:33:07 sshVictim sshd[3320]: Failed password for root from 23.95.115.90 port 53500 ssh2
Jul 28 14:33:07 sshVictim sshd[3320]: Received disconnect from 23.95.115.90 port 53500:11: Bye Bye [preauth]
Jul 28 14:33:07 sshVictim sshd[3320]: Disconnected from authenticating user root 23.95.115.90 port 53500 [preauth]
Jul 28 14:33:08 sshVictim sshd[3318]: Failed password for root from 139.59.0.209 port 53118 ssh2
Jul 28 14:33:09 sshVictim sshd[3316]: Failed password for root from 165.227.68.95 port 44574 ssh2
Jul 28 14:33:09 sshVictim sshd[3316]: Received disconnect from 165.227.68.95 port 44574:11: Bye Bye [preauth]
Jul 28 14:33:09 sshVictim sshd[3316]: Disconnected from authenticating user root 165.227.68.95 port 44574 [preauth]
Jul 28 14:33:10 sshVictim sshd[3318]: Received disconnect from 139.59.0.209 port 53118:11: Bye Bye [preauth]
Jul 28 14:33:10 sshVictim sshd[3318]: Disconnected from authenticating user root 139.59.0.209 port 53118 [preauth]
Jul 28 14:33:16 sshVictim sshd[3322]: Invalid user accounts from 193.228.110.131 port 37714
Jul 28 14:33:16 sshVictim sshd[3322]: pam_unix(sshd:auth): check pass; user unknown
Jul 28 14:33:16 sshVictim sshd[3322]: pam_unix(sshd:auth): authentication failure; logname= uid=0 euid=0 tty=ssh ruser= rhost=193.228.110.131 
Jul 28 14:33:16 sshVictim sshd[3324]: Invalid user glpi from 46.101.214.249 port 53490
Jul 28 14:33:16 sshVictim sshd[3324]: pam_unix(sshd:auth): check pass; user unknown
Jul 28 14:33:16 sshVictim sshd[3324]: pam_unix(sshd:auth): authentication failure; logname= uid=0 euid=0 tty=ssh ruser= rhost=46.101.214.249 
Jul 28 14:33:17 sshVictim sshd[3322]: Failed password for invalid user accounts from 193.228.110.131 port 37714 ssh2
Jul 28 14:33:17 sshVictim sshd[3324]: Failed password for invalid user glpi from 46.101.214.249 port 53490 ssh2
Jul 28 14:33:18 sshVictim sshd[3324]: Received disconnect from 46.101.214.249 port 53490:11: Bye Bye [preauth]
Jul 28 14:33:18 sshVictim sshd[3324]: Disconnected from invalid user glpi 46.101.214.249 port 53490 [preauth]
Jul 28 14:33:18 sshVictim sshd[3322]: Received disconnect from 193.228.110.131 port 37714:11: Bye Bye [preauth]
Jul 28 14:33:18 sshVictim sshd[3322]: Disconnected from invalid user accounts 193.228.110.131 port 37714 [preauth]
Jul 28 14:33:24 sshVictim sshd[3328]: pam_unix(sshd:auth): authentication failure; logname= uid=0 euid=0 tty=ssh ruser= rhost=118.70.169.150  user=root
Jul 28 14:33:24 sshVictim sshd[3326]: pam_unix(sshd:auth): authentication failure; logname= uid=0 euid=0 tty=ssh ruser= rhost=137.184.219.69  user=root
Jul 28 14:33:26 sshVictim sshd[3328]: Failed password for root from 118.70.169.150 port 48719 ssh2
Jul 28 14:33:26 sshVictim sshd[3326]: Failed password for root from 137.184.219.69 port 36474 ssh2
Jul 28 14:33:26 sshVictim sshd[3330]: Invalid user ubuntu from 46.101.106.10 port 36144
Jul 28 14:33:26 sshVictim sshd[3330]: pam_unix(sshd:auth): check pass; user unknown
Jul 28 14:33:26 sshVictim sshd[3330]: pam_unix(sshd:auth): authentication failure; logname= uid=0 euid=0 tty=ssh ruser= rhost=46.101.106.10 
Jul 28 14:33:26 sshVictim sshd[3328]: Received disconnect from 118.70.169.150 port 48719:11: Bye Bye [preauth]
Jul 28 14:33:26 sshVictim sshd[3328]: Disconnected from authenticating user root 118.70.169.150 port 48719 [preauth]
Jul 28 14:33:26 sshVictim sshd[3326]: Received disconnect from 137.184.219.69 port 36474:11: Bye Bye [preauth]
Jul 28 14:33:26 sshVictim sshd[3326]: Disconnected from authenticating user root 137.184.219.69 port 36474 [preauth]
Jul 28 14:33:28 sshVictim sshd[3330]: Failed password for invalid user ubuntu from 46.101.106.10 port 36144 ssh2
Jul 28 14:33:28 sshVictim sshd[3330]: Received disconnect from 46.101.106.10 port 36144:11: Bye Bye [preauth]
Jul 28 14:33:28 sshVictim sshd[3330]: Disconnected from invalid user ubuntu 46.101.106.10 port 36144 [preauth]
Jul 28 14:33:34 sshVictim sshd[3272]: fatal: Timeout before authentication for 61.177.172.114 port 37384
Jul 28 14:33:38 sshVictim sshd[3334]: pam_unix(sshd:auth): authentication failure; logname= uid=0 euid=0 tty=ssh ruser= rhost=103.37.83.26  user=root
Jul 28 14:33:39 sshVictim sshd[3334]: Failed password for root from 103.37.83.26 port 45112 ssh2
Jul 28 14:33:40 sshVictim sshd[3334]: Received disconnect from 103.37.83.26 port 45112:11: Bye Bye [preauth]
Jul 28 14:33:40 sshVictim sshd[3334]: Disconnected from authenticating user root 103.37.83.26 port 45112 [preauth]
Jul 28 14:33:42 sshVictim sshd[3336]: Invalid user zk from 200.219.222.220 port 41520
Jul 28 14:33:42 sshVictim sshd[3336]: pam_unix(sshd:auth): check pass; user unknown
Jul 28 14:33:42 sshVictim sshd[3336]: pam_unix(sshd:auth): authentication failure; logname= uid=0 euid=0 tty=ssh ruser= rhost=200.219.222.220 
Jul 28 14:33:43 sshVictim sshd[3336]: Failed password for invalid user zk from 200.219.222.220 port 41520 ssh2
Jul 28 14:33:45 sshVictim sshd[3336]: Received disconnect from 200.219.222.220 port 41520:11: Bye Bye [preauth]
Jul 28 14:33:45 sshVictim sshd[3336]: Disconnected from invalid user zk 200.219.222.220 port 41520 [preauth]
Jul 28 14:33:47 sshVictim sshd[3338]: pam_unix(sshd:auth): authentication failure; logname= uid=0 euid=0 tty=ssh ruser= rhost=20.219.196.147  user=root
Jul 28 14:33:49 sshVictim sshd[3338]: Failed password for root from 20.219.196.147 port 59202 ssh2
Jul 28 14:33:51 sshVictim sshd[3338]: Received disconnect from 20.219.196.147 port 59202:11: Bye Bye [preauth]
Jul 28 14:33:51 sshVictim sshd[3338]: Disconnected from authenticating user root 20.219.196.147 port 59202 [preauth]
Jul 28 14:33:59 sshVictim sshd[3332]: Connection reset by 61.177.173.39 port 34209 [preauth]
Jul 28 14:34:07 sshVictim sshd[3340]: pam_unix(sshd:auth): authentication failure; logname= uid=0 euid=0 tty=ssh ruser= rhost=143.110.190.255  user=root
Jul 28 14:34:09 sshVictim sshd[3340]: Failed password for root from 143.110.190.255 port 45686 ssh2
Jul 28 14:34:11 sshVictim sshd[3340]: Received disconnect from 143.110.190.255 port 45686:11: Bye Bye [preauth]
Jul 28 14:34:11 sshVictim sshd[3340]: Disconnected from authenticating user root 143.110.190.255 port 45686 [preauth]
Jul 28 14:34:12 sshVictim sshd[3342]: pam_unix(sshd:auth): authentication failure; logname= uid=0 euid=0 tty=ssh ruser= rhost=23.95.115.90  user=root
Jul 28 14:34:14 sshVictim sshd[3342]: Failed password for root from 23.95.115.90 port 42130 ssh2
Jul 28 14:34:14 sshVictim sshd[3342]: Received disconnect from 23.95.115.90 port 42130:11: Bye Bye [preauth]
Jul 28 14:34:14 sshVictim sshd[3342]: Disconnected from authenticating user root 23.95.115.90 port 42130 [preauth]
Jul 28 14:34:15 sshVictim sshd[3344]: Invalid user sammy from 178.62.108.63 port 51418
Jul 28 14:34:15 sshVictim sshd[3344]: pam_unix(sshd:auth): check pass; user unknown
Jul 28 14:34:15 sshVictim sshd[3344]: pam_unix(sshd:auth): authentication failure; logname= uid=0 euid=0 tty=ssh ruser= rhost=178.62.108.63 
Jul 28 14:34:16 sshVictim sshd[3344]: Failed password for invalid user sammy from 178.62.108.63 port 51418 ssh2
Jul 28 14:34:16 sshVictim sshd[3344]: Received disconnect from 178.62.108.63 port 51418:11: Bye Bye [preauth]
Jul 28 14:34:16 sshVictim sshd[3344]: Disconnected from invalid user sammy 178.62.108.63 port 51418 [preauth]
Jul 28 14:34:17 sshVictim sshd[3298]: fatal: Timeout before authentication for 61.177.172.114 port 63367
Jul 28 14:34:20 sshVictim sshd[3346]: Invalid user bran from 193.228.110.131 port 54366
Jul 28 14:34:20 sshVictim sshd[3346]: pam_unix(sshd:auth): check pass; user unknown
Jul 28 14:34:20 sshVictim sshd[3346]: pam_unix(sshd:auth): authentication failure; logname= uid=0 euid=0 tty=ssh ruser= rhost=193.228.110.131 
Jul 28 14:34:21 sshVictim sshd[3348]: pam_unix(sshd:auth): authentication failure; logname= uid=0 euid=0 tty=ssh ruser= rhost=139.59.0.209  user=root
Jul 28 14:34:22 sshVictim sshd[3346]: Failed password for invalid user bran from 193.228.110.131 port 54366 ssh2
Jul 28 14:34:23 sshVictim sshd[3346]: Received disconnect from 193.228.110.131 port 54366:11: Bye Bye [preauth]
Jul 28 14:34:23 sshVictim sshd[3346]: Disconnected from invalid user bran 193.228.110.131 port 54366 [preauth]
Jul 28 14:34:23 sshVictim sshd[3348]: Failed password for root from 139.59.0.209 port 41692 ssh2
Jul 28 14:34:23 sshVictim sshd[3350]: Invalid user emil from 46.101.214.249 port 42232
Jul 28 14:34:23 sshVictim sshd[3350]: pam_unix(sshd:auth): check pass; user unknown
Jul 28 14:34:23 sshVictim sshd[3350]: pam_unix(sshd:auth): authentication failure; logname= uid=0 euid=0 tty=ssh ruser= rhost=46.101.214.249 
Jul 28 14:34:26 sshVictim sshd[3348]: Received disconnect from 139.59.0.209 port 41692:11: Bye Bye [preauth]
Jul 28 14:34:26 sshVictim sshd[3348]: Disconnected from authenticating user root 139.59.0.209 port 41692 [preauth]
Jul 28 14:34:26 sshVictim sshd[3350]: Failed password for invalid user emil from 46.101.214.249 port 42232 ssh2
Jul 28 14:34:27 sshVictim sshd[3352]: pam_unix(sshd:auth): authentication failure; logname= uid=0 euid=0 tty=ssh ruser= rhost=165.227.68.95  user=root
Jul 28 14:34:28 sshVictim sshd[3350]: Received disconnect from 46.101.214.249 port 42232:11: Bye Bye [preauth]
Jul 28 14:34:28 sshVictim sshd[3350]: Disconnected from invalid user emil 46.101.214.249 port 42232 [preauth]
Jul 28 14:34:29 sshVictim sshd[3309]: fatal: Timeout before authentication for 61.177.172.114 port 32647
Jul 28 14:34:29 sshVictim sshd[3352]: Failed password for root from 165.227.68.95 port 33056 ssh2
Jul 28 14:34:29 sshVictim sshd[3352]: Received disconnect from 165.227.68.95 port 33056:11: Bye Bye [preauth]
Jul 28 14:34:29 sshVictim sshd[3352]: Disconnected from authenticating user root 165.227.68.95 port 33056 [preauth]
Jul 28 14:34:32 sshVictim sshd[3354]: Invalid user es from 46.101.106.10 port 53116
Jul 28 14:34:32 sshVictim sshd[3354]: pam_unix(sshd:auth): check pass; user unknown
Jul 28 14:34:32 sshVictim sshd[3354]: pam_unix(sshd:auth): authentication failure; logname= uid=0 euid=0 tty=ssh ruser= rhost=46.101.106.10 
Jul 28 14:34:34 sshVictim sshd[3354]: Failed password for invalid user es from 46.101.106.10 port 53116 ssh2
Jul 28 14:34:35 sshVictim sshd[3354]: Received disconnect from 46.101.106.10 port 53116:11: Bye Bye [preauth]
Jul 28 14:34:35 sshVictim sshd[3354]: Disconnected from invalid user es 46.101.106.10 port 53116 [preauth]
Jul 28 14:34:39 sshVictim sshd[3356]: pam_unix(sshd:auth): authentication failure; logname= uid=0 euid=0 tty=ssh ruser= rhost=137.184.219.69  user=root
Jul 28 14:34:39 sshVictim sshd[3310]: fatal: Timeout before authentication for 61.177.172.114 port 47082
Jul 28 14:34:41 sshVictim sshd[3356]: Failed password for root from 137.184.219.69 port 53056 ssh2
Jul 28 14:34:43 sshVictim sshd[3356]: Received disconnect from 137.184.219.69 port 53056:11: Bye Bye [preauth]
Jul 28 14:34:43 sshVictim sshd[3356]: Disconnected from authenticating user root 137.184.219.69 port 53056 [preauth]
Jul 28 14:34:47 sshVictim sshd[3358]: pam_unix(sshd:auth): authentication failure; logname= uid=0 euid=0 tty=ssh ruser= rhost=118.70.169.150  user=root
Jul 28 14:34:49 sshVictim sshd[3358]: Failed password for root from 118.70.169.150 port 56986 ssh2
Jul 28 14:34:51 sshVictim sshd[3358]: Received disconnect from 118.70.169.150 port 56986:11: Bye Bye [preauth]
Jul 28 14:34:51 sshVictim sshd[3358]: Disconnected from authenticating user root 118.70.169.150 port 56986 [preauth]
Jul 28 14:34:55 sshVictim sshd[3361]: Invalid user bernard from 200.219.222.220 port 57994
Jul 28 14:34:55 sshVictim sshd[3361]: pam_unix(sshd:auth): check pass; user unknown
Jul 28 14:34:55 sshVictim sshd[3361]: pam_unix(sshd:auth): authentication failure; logname= uid=0 euid=0 tty=ssh ruser= rhost=200.219.222.220 
Jul 28 14:34:57 sshVictim sshd[3361]: Failed password for invalid user bernard from 200.219.222.220 port 57994 ssh2
Jul 28 14:34:58 sshVictim sshd[3361]: Received disconnect from 200.219.222.220 port 57994:11: Bye Bye [preauth]
Jul 28 14:34:58 sshVictim sshd[3361]: Disconnected from invalid user bernard 200.219.222.220 port 57994 [preauth]
Jul 28 14:35:17 sshVictim sshd[3364]: pam_unix(sshd:auth): authentication failure; logname= uid=0 euid=0 tty=ssh ruser= rhost=103.37.83.26  user=root
Jul 28 14:35:18 sshVictim sshd[3366]: pam_unix(sshd:auth): authentication failure; logname= uid=0 euid=0 tty=ssh ruser= rhost=20.219.196.147  user=root
Jul 28 14:35:20 sshVictim sshd[3366]: Failed password for root from 20.219.196.147 port 59294 ssh2
Jul 28 14:35:20 sshVictim sshd[3364]: Failed password for root from 103.37.83.26 port 53482 ssh2
Jul 28 14:35:20 sshVictim sshd[3368]: pam_unix(sshd:auth): authentication failure; logname= uid=0 euid=0 tty=ssh ruser= rhost=23.95.115.90  user=root
Jul 28 14:35:20 sshVictim sshd[3366]: Received disconnect from 20.219.196.147 port 59294:11: Bye Bye [preauth]
Jul 28 14:35:20 sshVictim sshd[3366]: Disconnected from authenticating user root 20.219.196.147 port 59294 [preauth]
Jul 28 14:35:21 sshVictim sshd[3364]: Received disconnect from 103.37.83.26 port 53482:11: Bye Bye [preauth]
Jul 28 14:35:21 sshVictim sshd[3364]: Disconnected from authenticating user root 103.37.83.26 port 53482 [preauth]
Jul 28 14:35:22 sshVictim sshd[3368]: Failed password for root from 23.95.115.90 port 58992 ssh2
Jul 28 14:35:22 sshVictim sshd[3370]: pam_unix(sshd:auth): authentication failure; logname= uid=0 euid=0 tty=ssh ruser= rhost=143.110.190.255  user=root
Jul 28 14:35:24 sshVictim sshd[3368]: Received disconnect from 23.95.115.90 port 58992:11: Bye Bye [preauth]
Jul 28 14:35:24 sshVictim sshd[3368]: Disconnected from authenticating user root 23.95.115.90 port 58992 [preauth]
Jul 28 14:35:24 sshVictim sshd[3370]: Failed password for root from 143.110.190.255 port 33712 ssh2
Jul 28 14:35:25 sshVictim sshd[3372]: Invalid user surf from 178.62.108.63 port 40038
Jul 28 14:35:25 sshVictim sshd[3372]: pam_unix(sshd:auth): check pass; user unknown
Jul 28 14:35:25 sshVictim sshd[3372]: pam_unix(sshd:auth): authentication failure; logname= uid=0 euid=0 tty=ssh ruser= rhost=178.62.108.63 
Jul 28 14:35:26 sshVictim sshd[3374]: Invalid user svncode from 193.228.110.131 port 42788
Jul 28 14:35:26 sshVictim sshd[3374]: pam_unix(sshd:auth): check pass; user unknown
Jul 28 14:35:26 sshVictim sshd[3374]: pam_unix(sshd:auth): authentication failure; logname= uid=0 euid=0 tty=ssh ruser= rhost=193.228.110.131 
Jul 28 14:35:26 sshVictim sshd[3370]: Received disconnect from 143.110.190.255 port 33712:11: Bye Bye [preauth]
Jul 28 14:35:26 sshVictim sshd[3370]: Disconnected from authenticating user root 143.110.190.255 port 33712 [preauth]
Jul 28 14:35:27 sshVictim sshd[3372]: Failed password for invalid user surf from 178.62.108.63 port 40038 ssh2
Jul 28 14:35:28 sshVictim sshd[3374]: Failed password for invalid user svncode from 193.228.110.131 port 42788 ssh2
Jul 28 14:35:28 sshVictim sshd[3372]: Received disconnect from 178.62.108.63 port 40038:11: Bye Bye [preauth]
Jul 28 14:35:28 sshVictim sshd[3372]: Disconnected from invalid user surf 178.62.108.63 port 40038 [preauth]
Jul 28 14:35:28 sshVictim sshd[3374]: Received disconnect from 193.228.110.131 port 42788:11: Bye Bye [preauth]
Jul 28 14:35:28 sshVictim sshd[3374]: Disconnected from invalid user svncode 193.228.110.131 port 42788 [preauth]
Jul 28 14:35:29 sshVictim sshd[3376]: Invalid user transfer from 46.101.214.249 port 59210
Jul 28 14:35:29 sshVictim sshd[3376]: pam_unix(sshd:auth): check pass; user unknown
Jul 28 14:35:29 sshVictim sshd[3376]: pam_unix(sshd:auth): authentication failure; logname= uid=0 euid=0 tty=ssh ruser= rhost=46.101.214.249 
Jul 28 14:35:31 sshVictim sshd[3376]: Failed password for invalid user transfer from 46.101.214.249 port 59210 ssh2
Jul 28 14:35:33 sshVictim sshd[3376]: Received disconnect from 46.101.214.249 port 59210:11: Bye Bye [preauth]
Jul 28 14:35:33 sshVictim sshd[3376]: Disconnected from invalid user transfer 46.101.214.249 port 59210 [preauth]
Jul 28 14:35:41 sshVictim sshd[3378]: pam_unix(sshd:auth): authentication failure; logname= uid=0 euid=0 tty=ssh ruser= rhost=139.59.0.209  user=root
Jul 28 14:35:42 sshVictim sshd[3380]: Invalid user cent from 46.101.106.10 port 41858
Jul 28 14:35:42 sshVictim sshd[3380]: pam_unix(sshd:auth): check pass; user unknown
Jul 28 14:35:42 sshVictim sshd[3380]: pam_unix(sshd:auth): authentication failure; logname= uid=0 euid=0 tty=ssh ruser= rhost=46.101.106.10 
Jul 28 14:35:43 sshVictim sshd[3378]: Failed password for root from 139.59.0.209 port 58498 ssh2
Jul 28 14:35:43 sshVictim sshd[3382]: pam_unix(sshd:auth): authentication failure; logname= uid=0 euid=0 tty=ssh ruser= rhost=165.227.68.95  user=root
Jul 28 14:35:43 sshVictim sshd[3380]: Failed password for invalid user cent from 46.101.106.10 port 41858 ssh2
Jul 28 14:35:43 sshVictim sshd[3380]: Received disconnect from 46.101.106.10 port 41858:11: Bye Bye [preauth]
Jul 28 14:35:43 sshVictim sshd[3380]: Disconnected from invalid user cent 46.101.106.10 port 41858 [preauth]
Jul 28 14:35:45 sshVictim sshd[3378]: Received disconnect from 139.59.0.209 port 58498:11: Bye Bye [preauth]
Jul 28 14:35:45 sshVictim sshd[3378]: Disconnected from authenticating user root 139.59.0.209 port 58498 [preauth]
Jul 28 14:35:45 sshVictim sshd[3382]: Failed password for root from 165.227.68.95 port 49756 ssh2
Jul 28 14:35:45 sshVictim sshd[3382]: Received disconnect from 165.227.68.95 port 49756:11: Bye Bye [preauth]
Jul 28 14:35:45 sshVictim sshd[3382]: Disconnected from authenticating user root 165.227.68.95 port 49756 [preauth]
Jul 28 14:35:55 sshVictim sshd[3384]: pam_unix(sshd:auth): authentication failure; logname= uid=0 euid=0 tty=ssh ruser= rhost=137.184.219.69  user=root
Jul 28 14:35:57 sshVictim sshd[3384]: Failed password for root from 137.184.219.69 port 41402 ssh2
Jul 28 14:35:57 sshVictim sshd[3384]: Received disconnect from 137.184.219.69 port 41402:11: Bye Bye [preauth]
Jul 28 14:35:57 sshVictim sshd[3384]: Disconnected from authenticating user root 137.184.219.69 port 41402 [preauth]
Jul 28 14:36:09 sshVictim sshd[3386]: Invalid user kassa from 200.219.222.220 port 46246
Jul 28 14:36:09 sshVictim sshd[3386]: pam_unix(sshd:auth): check pass; user unknown
Jul 28 14:36:09 sshVictim sshd[3386]: pam_unix(sshd:auth): authentication failure; logname= uid=0 euid=0 tty=ssh ruser= rhost=200.219.222.220 
Jul 28 14:36:11 sshVictim sshd[3386]: Failed password for invalid user kassa from 200.219.222.220 port 46246 ssh2
Jul 28 14:36:13 sshVictim sshd[3386]: Received disconnect from 200.219.222.220 port 46246:11: Bye Bye [preauth]
Jul 28 14:36:13 sshVictim sshd[3386]: Disconnected from invalid user kassa 200.219.222.220 port 46246 [preauth]
Jul 28 14:36:14 sshVictim sshd[3388]: pam_unix(sshd:auth): authentication failure; logname= uid=0 euid=0 tty=ssh ruser= rhost=118.70.169.150  user=root
Jul 28 14:36:16 sshVictim sshd[3388]: Failed password for root from 118.70.169.150 port 65260 ssh2
Jul 28 14:36:18 sshVictim sshd[3388]: Received disconnect from 118.70.169.150 port 65260:11: Bye Bye [preauth]
Jul 28 14:36:18 sshVictim sshd[3388]: Disconnected from authenticating user root 118.70.169.150 port 65260 [preauth]
Jul 28 14:36:28 sshVictim sshd[3390]: pam_unix(sshd:auth): authentication failure; logname= uid=0 euid=0 tty=ssh ruser= rhost=23.95.115.90  user=root
Jul 28 14:36:31 sshVictim sshd[3390]: Failed password for root from 23.95.115.90 port 47622 ssh2
Jul 28 14:36:32 sshVictim sshd[3390]: Received disconnect from 23.95.115.90 port 47622:11: Bye Bye [preauth]
Jul 28 14:36:32 sshVictim sshd[3390]: Disconnected from authenticating user root 23.95.115.90 port 47622 [preauth]
Jul 28 14:36:34 sshVictim sshd[3392]: Invalid user student from 193.228.110.131 port 59436
Jul 28 14:36:34 sshVictim sshd[3392]: pam_unix(sshd:auth): check pass; user unknown
Jul 28 14:36:34 sshVictim sshd[3392]: pam_unix(sshd:auth): authentication failure; logname= uid=0 euid=0 tty=ssh ruser= rhost=193.228.110.131 
Jul 28 14:36:36 sshVictim sshd[3392]: Failed password for invalid user student from 193.228.110.131 port 59436 ssh2
Jul 28 14:36:39 sshVictim sshd[3392]: Received disconnect from 193.228.110.131 port 59436:11: Bye Bye [preauth]
Jul 28 14:36:39 sshVictim sshd[3392]: Disconnected from invalid user student 193.228.110.131 port 59436 [preauth]
Jul 28 14:36:39 sshVictim sshd[3394]: Invalid user juergen from 46.101.214.249 port 47946
Jul 28 14:36:39 sshVictim sshd[3394]: pam_unix(sshd:auth): check pass; user unknown
Jul 28 14:36:39 sshVictim sshd[3394]: pam_unix(sshd:auth): authentication failure; logname= uid=0 euid=0 tty=ssh ruser= rhost=46.101.214.249 
Jul 28 14:36:41 sshVictim sshd[3396]: pam_unix(sshd:auth): authentication failure; logname= uid=0 euid=0 tty=ssh ruser= rhost=143.110.190.255  user=root
Jul 28 14:36:41 sshVictim sshd[3394]: Failed password for invalid user juergen from 46.101.214.249 port 47946 ssh2
Jul 28 14:36:41 sshVictim sshd[3394]: Received disconnect from 46.101.214.249 port 47946:11: Bye Bye [preauth]
Jul 28 14:36:41 sshVictim sshd[3394]: Disconnected from invalid user juergen 46.101.214.249 port 47946 [preauth]
Jul 28 14:36:43 sshVictim sshd[3398]: pam_unix(sshd:auth): authentication failure; logname= uid=0 euid=0 tty=ssh ruser= rhost=20.219.196.147  user=root
Jul 28 14:36:43 sshVictim sshd[3396]: Failed password for root from 143.110.190.255 port 49972 ssh2
Jul 28 14:36:44 sshVictim sshd[3400]: Invalid user ubuntu from 178.62.108.63 port 56892
Jul 28 14:36:44 sshVictim sshd[3400]: pam_unix(sshd:auth): check pass; user unknown
Jul 28 14:36:44 sshVictim sshd[3400]: pam_unix(sshd:auth): authentication failure; logname= uid=0 euid=0 tty=ssh ruser= rhost=178.62.108.63 
Jul 28 14:36:44 sshVictim sshd[3398]: Failed password for root from 20.219.196.147 port 59384 ssh2
Jul 28 14:36:45 sshVictim sshd[3396]: Received disconnect from 143.110.190.255 port 49972:11: Bye Bye [preauth]
Jul 28 14:36:45 sshVictim sshd[3396]: Disconnected from authenticating user root 143.110.190.255 port 49972 [preauth]
Jul 28 14:36:45 sshVictim sshd[3398]: Received disconnect from 20.219.196.147 port 59384:11: Bye Bye [preauth]
Jul 28 14:36:45 sshVictim sshd[3398]: Disconnected from authenticating user root 20.219.196.147 port 59384 [preauth]
Jul 28 14:36:46 sshVictim sshd[3400]: Failed password for invalid user ubuntu from 178.62.108.63 port 56892 ssh2
Jul 28 14:36:46 sshVictim sshd[3400]: Received disconnect from 178.62.108.63 port 56892:11: Bye Bye [preauth]
Jul 28 14:36:46 sshVictim sshd[3400]: Disconnected from invalid user ubuntu 178.62.108.63 port 56892 [preauth]
Jul 28 14:36:49 sshVictim sshd[3402]: Invalid user wang from 46.101.106.10 port 58830
Jul 28 14:36:49 sshVictim sshd[3402]: pam_unix(sshd:auth): check pass; user unknown
Jul 28 14:36:49 sshVictim sshd[3402]: pam_unix(sshd:auth): authentication failure; logname= uid=0 euid=0 tty=ssh ruser= rhost=46.101.106.10 
Jul 28 14:36:51 sshVictim sshd[3402]: Failed password for invalid user wang from 46.101.106.10 port 58830 ssh2
Jul 28 14:36:53 sshVictim sshd[3402]: Received disconnect from 46.101.106.10 port 58830:11: Bye Bye [preauth]
Jul 28 14:36:53 sshVictim sshd[3402]: Disconnected from invalid user wang 46.101.106.10 port 58830 [preauth]
Jul 28 14:36:54 sshVictim sshd[3405]: pam_unix(sshd:auth): authentication failure; logname= uid=0 euid=0 tty=ssh ruser= rhost=103.37.83.26  user=root
Jul 28 14:36:56 sshVictim sshd[3405]: Failed password for root from 103.37.83.26 port 33617 ssh2
Jul 28 14:36:58 sshVictim sshd[3407]: pam_unix(sshd:auth): authentication failure; logname= uid=0 euid=0 tty=ssh ruser= rhost=139.59.0.209  user=root
Jul 28 14:36:58 sshVictim sshd[3405]: Received disconnect from 103.37.83.26 port 33617:11: Bye Bye [preauth]
Jul 28 14:36:58 sshVictim sshd[3405]: Disconnected from authenticating user root 103.37.83.26 port 33617 [preauth]
Jul 28 14:37:00 sshVictim sshd[3407]: Failed password for root from 139.59.0.209 port 47072 ssh2
Jul 28 14:37:02 sshVictim sshd[3407]: Received disconnect from 139.59.0.209 port 47072:11: Bye Bye [preauth]
Jul 28 14:37:02 sshVictim sshd[3407]: Disconnected from authenticating user root 139.59.0.209 port 47072 [preauth]
Jul 28 14:37:02 sshVictim sshd[3409]: pam_unix(sshd:auth): authentication failure; logname= uid=0 euid=0 tty=ssh ruser= rhost=137.184.219.69  user=root
Jul 28 14:37:04 sshVictim sshd[3409]: Failed password for root from 137.184.219.69 port 57982 ssh2
Jul 28 14:37:04 sshVictim sshd[3409]: Received disconnect from 137.184.219.69 port 57982:11: Bye Bye [preauth]
Jul 28 14:37:04 sshVictim sshd[3409]: Disconnected from authenticating user root 137.184.219.69 port 57982 [preauth]
Jul 28 14:37:09 sshVictim sshd[3411]: pam_unix(sshd:auth): authentication failure; logname= uid=0 euid=0 tty=ssh ruser= rhost=165.227.68.95  user=root
Jul 28 14:37:11 sshVictim sshd[3411]: Failed password for root from 165.227.68.95 port 38522 ssh2
Jul 28 14:37:13 sshVictim sshd[3411]: Received disconnect from 165.227.68.95 port 38522:11: Bye Bye [preauth]
Jul 28 14:37:13 sshVictim sshd[3411]: Disconnected from authenticating user root 165.227.68.95 port 38522 [preauth]
Jul 28 14:37:14 sshVictim sshd[3413]: Unable to negotiate with 193.106.191.150 port 47822: no matching host key type found. Their offer: ssh-rsa,ssh-dss [preauth]
Jul 28 14:37:27 sshVictim sshd[3416]: Invalid user test1 from 200.219.222.220 port 34496
Jul 28 14:37:27 sshVictim sshd[3416]: pam_unix(sshd:auth): check pass; user unknown
Jul 28 14:37:27 sshVictim sshd[3416]: pam_unix(sshd:auth): authentication failure; logname= uid=0 euid=0 tty=ssh ruser= rhost=200.219.222.220 
Jul 28 14:37:29 sshVictim sshd[3416]: Failed password for invalid user test1 from 200.219.222.220 port 34496 ssh2
Jul 28 14:37:31 sshVictim sshd[3416]: Received disconnect from 200.219.222.220 port 34496:11: Bye Bye [preauth]
Jul 28 14:37:31 sshVictim sshd[3416]: Disconnected from invalid user test1 200.219.222.220 port 34496 [preauth]
Jul 28 14:37:38 sshVictim sshd[3420]: pam_unix(sshd:auth): authentication failure; logname= uid=0 euid=0 tty=ssh ruser= rhost=23.95.115.90  user=root
Jul 28 14:37:39 sshVictim sshd[3420]: Failed password for root from 23.95.115.90 port 36248 ssh2
Jul 28 14:37:40 sshVictim sshd[3420]: Received disconnect from 23.95.115.90 port 36248:11: Bye Bye [preauth]
Jul 28 14:37:40 sshVictim sshd[3420]: Disconnected from authenticating user root 23.95.115.90 port 36248 [preauth]
Jul 28 14:37:44 sshVictim sshd[3424]: pam_unix(sshd:auth): authentication failure; logname= uid=0 euid=0 tty=ssh ruser= rhost=118.70.169.150  user=root
Jul 28 14:37:45 sshVictim sshd[3426]: Invalid user tn from 46.101.214.249 port 36688
Jul 28 14:37:45 sshVictim sshd[3426]: pam_unix(sshd:auth): check pass; user unknown
Jul 28 14:37:45 sshVictim sshd[3426]: pam_unix(sshd:auth): authentication failure; logname= uid=0 euid=0 tty=ssh ruser= rhost=46.101.214.249 
Jul 28 14:37:46 sshVictim sshd[3424]: Failed password for root from 118.70.169.150 port 45289 ssh2
Jul 28 14:37:46 sshVictim sshd[3428]: Invalid user dspace from 193.228.110.131 port 47856
Jul 28 14:37:46 sshVictim sshd[3428]: pam_unix(sshd:auth): check pass; user unknown
Jul 28 14:37:46 sshVictim sshd[3428]: pam_unix(sshd:auth): authentication failure; logname= uid=0 euid=0 tty=ssh ruser= rhost=193.228.110.131 
Jul 28 14:37:47 sshVictim sshd[3426]: Failed password for invalid user tn from 46.101.214.249 port 36688 ssh2
Jul 28 14:37:47 sshVictim sshd[3426]: Received disconnect from 46.101.214.249 port 36688:11: Bye Bye [preauth]
Jul 28 14:37:47 sshVictim sshd[3426]: Disconnected from invalid user tn 46.101.214.249 port 36688 [preauth]
Jul 28 14:37:48 sshVictim sshd[3424]: Received disconnect from 118.70.169.150 port 45289:11: Bye Bye [preauth]
Jul 28 14:37:48 sshVictim sshd[3424]: Disconnected from authenticating user root 118.70.169.150 port 45289 [preauth]
Jul 28 14:37:48 sshVictim sshd[3428]: Failed password for invalid user dspace from 193.228.110.131 port 47856 ssh2
Jul 28 14:37:49 sshVictim sshd[3428]: Received disconnect from 193.228.110.131 port 47856:11: Bye Bye [preauth]
Jul 28 14:37:49 sshVictim sshd[3428]: Disconnected from invalid user dspace 193.228.110.131 port 47856 [preauth]
Jul 28 14:37:52 sshVictim sshd[3419]: Invalid user oracle from 54.37.80.227 port 60698
Jul 28 14:37:55 sshVictim sshd[3432]: pam_unix(sshd:auth): authentication failure; logname= uid=0 euid=0 tty=ssh ruser= rhost=143.110.190.255  user=root
Jul 28 14:37:55 sshVictim sshd[3434]: Invalid user shubham from 46.101.106.10 port 47570
Jul 28 14:37:55 sshVictim sshd[3434]: pam_unix(sshd:auth): check pass; user unknown
Jul 28 14:37:55 sshVictim sshd[3434]: pam_unix(sshd:auth): authentication failure; logname= uid=0 euid=0 tty=ssh ruser= rhost=46.101.106.10 
Jul 28 14:37:55 sshVictim sshd[3436]: Invalid user guest1 from 178.62.108.63 port 45514
Jul 28 14:37:55 sshVictim sshd[3436]: pam_unix(sshd:auth): check pass; user unknown
Jul 28 14:37:55 sshVictim sshd[3436]: pam_unix(sshd:auth): authentication failure; logname= uid=0 euid=0 tty=ssh ruser= rhost=178.62.108.63 
Jul 28 14:37:57 sshVictim sshd[3432]: Failed password for root from 143.110.190.255 port 37998 ssh2
Jul 28 14:37:57 sshVictim sshd[3434]: Failed password for invalid user shubham from 46.101.106.10 port 47570 ssh2
Jul 28 14:37:57 sshVictim sshd[3434]: Received disconnect from 46.101.106.10 port 47570:11: Bye Bye [preauth]
Jul 28 14:37:57 sshVictim sshd[3434]: Disconnected from invalid user shubham 46.101.106.10 port 47570 [preauth]
Jul 28 14:37:57 sshVictim sshd[3418]: pam_unix(sshd:auth): authentication failure; logname= uid=0 euid=0 tty=ssh ruser= rhost=54.37.80.227  user=root
Jul 28 14:37:58 sshVictim sshd[3419]: pam_unix(sshd:auth): check pass; user unknown
Jul 28 14:37:58 sshVictim sshd[3419]: pam_unix(sshd:auth): authentication failure; logname= uid=0 euid=0 tty=ssh ruser= rhost=54.37.80.227 
Jul 28 14:37:58 sshVictim sshd[3436]: Failed password for invalid user guest1 from 178.62.108.63 port 45514 ssh2
Jul 28 14:37:59 sshVictim sshd[3432]: Received disconnect from 143.110.190.255 port 37998:11: Bye Bye [preauth]
Jul 28 14:37:59 sshVictim sshd[3432]: Disconnected from authenticating user root 143.110.190.255 port 37998 [preauth]
Jul 28 14:37:59 sshVictim sshd[3436]: Received disconnect from 178.62.108.63 port 45514:11: Bye Bye [preauth]
Jul 28 14:37:59 sshVictim sshd[3436]: Disconnected from invalid user guest1 178.62.108.63 port 45514 [preauth]
Jul 28 14:37:59 sshVictim sshd[3418]: Failed password for root from 54.37.80.227 port 60706 ssh2
Jul 28 14:38:00 sshVictim sshd[3419]: Failed password for invalid user oracle from 54.37.80.227 port 60698 ssh2
Jul 28 14:38:04 sshVictim sshd[3418]: Connection closed by authenticating user root 54.37.80.227 port 60706 [preauth]
Jul 28 14:38:05 sshVictim sshd[3419]: Connection closed by invalid user oracle 54.37.80.227 port 60698 [preauth]
Jul 28 14:38:07 sshVictim sshd[3438]: Invalid user Support from 179.60.147.127 port 31936
Jul 28 14:38:08 sshVictim sshd[3438]: pam_unix(sshd:auth): check pass; user unknown
Jul 28 14:38:08 sshVictim sshd[3438]: pam_unix(sshd:auth): authentication failure; logname= uid=0 euid=0 tty=ssh ruser= rhost=179.60.147.127 
Jul 28 14:38:09 sshVictim sshd[3438]: Failed password for invalid user Support from 179.60.147.127 port 31936 ssh2
Jul 28 14:38:09 sshVictim sshd[3440]: pam_unix(sshd:auth): authentication failure; logname= uid=0 euid=0 tty=ssh ruser= rhost=20.219.196.147  user=root
Jul 28 14:38:11 sshVictim sshd[3438]: Connection closed by invalid user Support 179.60.147.127 port 31936 [preauth]
Jul 28 14:38:11 sshVictim sshd[3440]: Failed password for root from 20.219.196.147 port 59476 ssh2
Jul 28 14:38:14 sshVictim sshd[3440]: Received disconnect from 20.219.196.147 port 59476:11: Bye Bye [preauth]
Jul 28 14:38:14 sshVictim sshd[3440]: Disconnected from authenticating user root 20.219.196.147 port 59476 [preauth]
Jul 28 14:38:14 sshVictim sshd[3442]: pam_unix(sshd:auth): authentication failure; logname= uid=0 euid=0 tty=ssh ruser= rhost=139.59.0.209  user=root
Jul 28 14:38:16 sshVictim sshd[3444]: pam_unix(sshd:auth): authentication failure; logname= uid=0 euid=0 tty=ssh ruser= rhost=137.184.219.69  user=root
Jul 28 14:38:17 sshVictim sshd[3442]: Failed password for root from 139.59.0.209 port 35648 ssh2
Jul 28 14:38:18 sshVictim sshd[3442]: Received disconnect from 139.59.0.209 port 35648:11: Bye Bye [preauth]
Jul 28 14:38:18 sshVictim sshd[3442]: Disconnected from authenticating user root 139.59.0.209 port 35648 [preauth]
Jul 28 14:38:19 sshVictim sshd[3444]: Failed password for root from 137.184.219.69 port 46328 ssh2
Jul 28 14:38:20 sshVictim sshd[3444]: Received disconnect from 137.184.219.69 port 46328:11: Bye Bye [preauth]
Jul 28 14:38:20 sshVictim sshd[3444]: Disconnected from authenticating user root 137.184.219.69 port 46328 [preauth]
Jul 28 14:38:32 sshVictim sshd[3446]: pam_unix(sshd:auth): authentication failure; logname= uid=0 euid=0 tty=ssh ruser= rhost=103.37.83.26  user=root
Jul 28 14:38:34 sshVictim sshd[3446]: Failed password for root from 103.37.83.26 port 41985 ssh2
Jul 28 14:38:34 sshVictim sshd[3446]: Received disconnect from 103.37.83.26 port 41985:11: Bye Bye [preauth]
Jul 28 14:38:34 sshVictim sshd[3446]: Disconnected from authenticating user root 103.37.83.26 port 41985 [preauth]
Jul 28 14:38:38 sshVictim sshd[3448]: pam_unix(sshd:auth): authentication failure; logname= uid=0 euid=0 tty=ssh ruser= rhost=200.219.222.220  user=bin
Jul 28 14:38:40 sshVictim sshd[3448]: Failed password for bin from 200.219.222.220 port 50964 ssh2
Jul 28 14:38:40 sshVictim sshd[3450]: pam_unix(sshd:auth): authentication failure; logname= uid=0 euid=0 tty=ssh ruser= rhost=165.227.68.95  user=root
Jul 28 14:38:41 sshVictim sshd[3448]: Received disconnect from 200.219.222.220 port 50964:11: Bye Bye [preauth]
Jul 28 14:38:41 sshVictim sshd[3448]: Disconnected from authenticating user bin 200.219.222.220 port 50964 [preauth]
Jul 28 14:38:43 sshVictim sshd[3450]: Failed password for root from 165.227.68.95 port 55234 ssh2
Jul 28 14:38:44 sshVictim sshd[3450]: Received disconnect from 165.227.68.95 port 55234:11: Bye Bye [preauth]
Jul 28 14:38:44 sshVictim sshd[3450]: Disconnected from authenticating user root 165.227.68.95 port 55234 [preauth]
Jul 28 14:38:46 sshVictim sshd[3452]: pam_unix(sshd:auth): authentication failure; logname= uid=0 euid=0 tty=ssh ruser= rhost=23.95.115.90  user=root
Jul 28 14:38:47 sshVictim sshd[3452]: Failed password for root from 23.95.115.90 port 53108 ssh2
Jul 28 14:38:48 sshVictim sshd[3452]: Received disconnect from 23.95.115.90 port 53108:11: Bye Bye [preauth]
Jul 28 14:38:48 sshVictim sshd[3452]: Disconnected from authenticating user root 23.95.115.90 port 53108 [preauth]
Jul 28 14:38:48 sshVictim sshd[3454]: Invalid user ubuntu from 46.101.214.249 port 53652
Jul 28 14:38:48 sshVictim sshd[3454]: pam_unix(sshd:auth): check pass; user unknown
Jul 28 14:38:48 sshVictim sshd[3454]: pam_unix(sshd:auth): authentication failure; logname= uid=0 euid=0 tty=ssh ruser= rhost=46.101.214.249 
Jul 28 14:38:50 sshVictim sshd[3454]: Failed password for invalid user ubuntu from 46.101.214.249 port 53652 ssh2
Jul 28 14:38:50 sshVictim sshd[3454]: Received disconnect from 46.101.214.249 port 53652:11: Bye Bye [preauth]
Jul 28 14:38:50 sshVictim sshd[3454]: Disconnected from invalid user ubuntu 46.101.214.249 port 53652 [preauth]
Jul 28 14:38:51 sshVictim sshd[3456]: Invalid user murad from 193.228.110.131 port 36276
Jul 28 14:38:51 sshVictim sshd[3456]: pam_unix(sshd:auth): check pass; user unknown
Jul 28 14:38:51 sshVictim sshd[3456]: pam_unix(sshd:auth): authentication failure; logname= uid=0 euid=0 tty=ssh ruser= rhost=193.228.110.131 
Jul 28 14:38:53 sshVictim sshd[3456]: Failed password for invalid user murad from 193.228.110.131 port 36276 ssh2
Jul 28 14:38:53 sshVictim sshd[3456]: Received disconnect from 193.228.110.131 port 36276:11: Bye Bye [preauth]
Jul 28 14:38:53 sshVictim sshd[3456]: Disconnected from invalid user murad 193.228.110.131 port 36276 [preauth]
Jul 28 14:38:56 sshVictim sshd[3458]: Invalid user integra from 46.101.106.10 port 36310
Jul 28 14:38:56 sshVictim sshd[3458]: pam_unix(sshd:auth): check pass; user unknown
Jul 28 14:38:56 sshVictim sshd[3458]: pam_unix(sshd:auth): authentication failure; logname= uid=0 euid=0 tty=ssh ruser= rhost=46.101.106.10 
Jul 28 14:38:58 sshVictim sshd[3458]: Failed password for invalid user integra from 46.101.106.10 port 36310 ssh2
Jul 28 14:39:00 sshVictim sshd[3458]: Received disconnect from 46.101.106.10 port 36310:11: Bye Bye [preauth]
Jul 28 14:39:00 sshVictim sshd[3458]: Disconnected from invalid user integra 46.101.106.10 port 36310 [preauth]
Jul 28 14:39:04 sshVictim sshd[3460]: Invalid user guest from 178.62.108.63 port 34134
Jul 28 14:39:04 sshVictim sshd[3460]: pam_unix(sshd:auth): check pass; user unknown
Jul 28 14:39:04 sshVictim sshd[3460]: pam_unix(sshd:auth): authentication failure; logname= uid=0 euid=0 tty=ssh ruser= rhost=178.62.108.63 
Jul 28 14:39:06 sshVictim sshd[3462]: pam_unix(sshd:auth): authentication failure; logname= uid=0 euid=0 tty=ssh ruser= rhost=118.70.169.150  user=root
Jul 28 14:39:06 sshVictim sshd[3460]: Failed password for invalid user guest from 178.62.108.63 port 34134 ssh2
Jul 28 14:39:07 sshVictim sshd[3464]: pam_unix(sshd:auth): authentication failure; logname= uid=0 euid=0 tty=ssh ruser= rhost=143.110.190.255  user=root
Jul 28 14:39:08 sshVictim sshd[3462]: Failed password for root from 118.70.169.150 port 53548 ssh2
Jul 28 14:39:08 sshVictim sshd[3460]: Received disconnect from 178.62.108.63 port 34134:11: Bye Bye [preauth]
Jul 28 14:39:08 sshVictim sshd[3460]: Disconnected from invalid user guest 178.62.108.63 port 34134 [preauth]
Jul 28 14:39:08 sshVictim sshd[3462]: Received disconnect from 118.70.169.150 port 53548:11: Bye Bye [preauth]
Jul 28 14:39:08 sshVictim sshd[3462]: Disconnected from authenticating user root 118.70.169.150 port 53548 [preauth]
Jul 28 14:39:08 sshVictim sshd[3464]: Failed password for root from 143.110.190.255 port 54256 ssh2
Jul 28 14:39:09 sshVictim sshd[3464]: Received disconnect from 143.110.190.255 port 54256:11: Bye Bye [preauth]
Jul 28 14:39:09 sshVictim sshd[3464]: Disconnected from authenticating user root 143.110.190.255 port 54256 [preauth]
Jul 28 14:39:15 sshVictim sshd[3415]: fatal: Timeout before authentication for 61.177.172.91 port 14380
Jul 28 14:39:24 sshVictim sshd[3466]: pam_unix(sshd:auth): authentication failure; logname= uid=0 euid=0 tty=ssh ruser= rhost=139.59.0.209  user=root
Jul 28 14:39:26 sshVictim sshd[3466]: Failed password for root from 139.59.0.209 port 52454 ssh2
Jul 28 14:39:27 sshVictim sshd[3466]: Received disconnect from 139.59.0.209 port 52454:11: Bye Bye [preauth]
Jul 28 14:39:27 sshVictim sshd[3466]: Disconnected from authenticating user root 139.59.0.209 port 52454 [preauth]
Jul 28 14:39:27 sshVictim sshd[3468]: pam_unix(sshd:auth): authentication failure; logname= uid=0 euid=0 tty=ssh ruser= rhost=20.219.196.147  user=root
Jul 28 14:39:29 sshVictim sshd[3470]: pam_unix(sshd:auth): authentication failure; logname= uid=0 euid=0 tty=ssh ruser= rhost=137.184.219.69  user=root
Jul 28 14:39:29 sshVictim sshd[3468]: Failed password for root from 20.219.196.147 port 59570 ssh2
Jul 28 14:39:31 sshVictim sshd[3470]: Failed password for root from 137.184.219.69 port 34676 ssh2
Jul 28 14:39:32 sshVictim sshd[3468]: Received disconnect from 20.219.196.147 port 59570:11: Bye Bye [preauth]
Jul 28 14:39:32 sshVictim sshd[3468]: Disconnected from authenticating user root 20.219.196.147 port 59570 [preauth]
Jul 28 14:39:33 sshVictim sshd[3470]: Received disconnect from 137.184.219.69 port 34676:11: Bye Bye [preauth]
Jul 28 14:39:33 sshVictim sshd[3470]: Disconnected from authenticating user root 137.184.219.69 port 34676 [preauth]
Jul 28 14:39:45 sshVictim sshd[3430]: fatal: Timeout before authentication for 61.177.172.90 port 19324
Jul 28 14:39:46 sshVictim sshd[3472]: pam_unix(sshd:auth): authentication failure; logname= uid=0 euid=0 tty=ssh ruser= rhost=23.95.115.90  user=root
Jul 28 14:39:48 sshVictim sshd[3472]: Failed password for root from 23.95.115.90 port 41744 ssh2
Jul 28 14:39:50 sshVictim sshd[3472]: Received disconnect from 23.95.115.90 port 41744:11: Bye Bye [preauth]
Jul 28 14:39:50 sshVictim sshd[3472]: Disconnected from authenticating user root 23.95.115.90 port 41744 [preauth]
Jul 28 14:39:52 sshVictim sshd[3475]: Invalid user joan from 46.101.214.249 port 42386
Jul 28 14:39:52 sshVictim sshd[3475]: pam_unix(sshd:auth): check pass; user unknown
Jul 28 14:39:52 sshVictim sshd[3475]: pam_unix(sshd:auth): authentication failure; logname= uid=0 euid=0 tty=ssh ruser= rhost=46.101.214.249 
Jul 28 14:39:54 sshVictim sshd[3477]: Invalid user ftpuser3 from 200.219.222.220 port 39200
Jul 28 14:39:54 sshVictim sshd[3477]: pam_unix(sshd:auth): check pass; user unknown
Jul 28 14:39:54 sshVictim sshd[3477]: pam_unix(sshd:auth): authentication failure; logname= uid=0 euid=0 tty=ssh ruser= rhost=200.219.222.220 
Jul 28 14:39:54 sshVictim sshd[3475]: Failed password for invalid user joan from 46.101.214.249 port 42386 ssh2
Jul 28 14:39:55 sshVictim sshd[3479]: Invalid user bbb from 193.228.110.131 port 52928
Jul 28 14:39:55 sshVictim sshd[3479]: pam_unix(sshd:auth): check pass; user unknown
Jul 28 14:39:55 sshVictim sshd[3479]: pam_unix(sshd:auth): authentication failure; logname= uid=0 euid=0 tty=ssh ruser= rhost=193.228.110.131 
Jul 28 14:39:55 sshVictim sshd[3475]: Received disconnect from 46.101.214.249 port 42386:11: Bye Bye [preauth]
Jul 28 14:39:55 sshVictim sshd[3475]: Disconnected from invalid user joan 46.101.214.249 port 42386 [preauth]
Jul 28 14:39:56 sshVictim sshd[3477]: Failed password for invalid user ftpuser3 from 200.219.222.220 port 39200 ssh2
Jul 28 14:39:56 sshVictim sshd[3479]: Failed password for invalid user bbb from 193.228.110.131 port 52928 ssh2
Jul 28 14:39:57 sshVictim sshd[3477]: Received disconnect from 200.219.222.220 port 39200:11: Bye Bye [preauth]
Jul 28 14:39:57 sshVictim sshd[3477]: Disconnected from invalid user ftpuser3 200.219.222.220 port 39200 [preauth]
Jul 28 14:39:57 sshVictim sshd[3479]: Received disconnect from 193.228.110.131 port 52928:11: Bye Bye [preauth]
Jul 28 14:39:57 sshVictim sshd[3479]: Disconnected from invalid user bbb 193.228.110.131 port 52928 [preauth]
Jul 28 14:39:57 sshVictim sshd[3481]: Invalid user juergen from 46.101.106.10 port 53282
Jul 28 14:39:57 sshVictim sshd[3481]: pam_unix(sshd:auth): check pass; user unknown
Jul 28 14:39:57 sshVictim sshd[3481]: pam_unix(sshd:auth): authentication failure; logname= uid=0 euid=0 tty=ssh ruser= rhost=46.101.106.10 
Jul 28 14:39:59 sshVictim sshd[3481]: Failed password for invalid user juergen from 46.101.106.10 port 53282 ssh2
Jul 28 14:39:59 sshVictim sshd[3481]: Received disconnect from 46.101.106.10 port 53282:11: Bye Bye [preauth]
Jul 28 14:39:59 sshVictim sshd[3481]: Disconnected from invalid user juergen 46.101.106.10 port 53282 [preauth]
Jul 28 14:40:04 sshVictim sshd[3485]: pam_unix(sshd:auth): authentication failure; logname= uid=0 euid=0 tty=ssh ruser= rhost=103.37.83.26  user=root
Jul 28 14:40:05 sshVictim sshd[3483]: pam_unix(sshd:auth): authentication failure; logname= uid=0 euid=0 tty=ssh ruser= rhost=165.227.68.95  user=root
Jul 28 14:40:06 sshVictim sshd[3485]: Failed password for root from 103.37.83.26 port 50353 ssh2
Jul 28 14:40:06 sshVictim sshd[3485]: Received disconnect from 103.37.83.26 port 50353:11: Bye Bye [preauth]
Jul 28 14:40:06 sshVictim sshd[3485]: Disconnected from authenticating user root 103.37.83.26 port 50353 [preauth]
Jul 28 14:40:08 sshVictim sshd[3483]: Failed password for root from 165.227.68.95 port 43702 ssh2
Jul 28 14:40:09 sshVictim sshd[3483]: Received disconnect from 165.227.68.95 port 43702:11: Bye Bye [preauth]
Jul 28 14:40:09 sshVictim sshd[3483]: Disconnected from authenticating user root 165.227.68.95 port 43702 [preauth]
Jul 28 14:40:09 sshVictim sshd[3487]: Invalid user testing from 178.62.108.63 port 50986
Jul 28 14:40:09 sshVictim sshd[3487]: pam_unix(sshd:auth): check pass; user unknown
Jul 28 14:40:09 sshVictim sshd[3487]: pam_unix(sshd:auth): authentication failure; logname= uid=0 euid=0 tty=ssh ruser= rhost=178.62.108.63 
Jul 28 14:40:12 sshVictim sshd[3487]: Failed password for invalid user testing from 178.62.108.63 port 50986 ssh2
Jul 28 14:40:14 sshVictim sshd[3487]: Received disconnect from 178.62.108.63 port 50986:11: Bye Bye [preauth]
Jul 28 14:40:14 sshVictim sshd[3487]: Disconnected from invalid user testing 178.62.108.63 port 50986 [preauth]
Jul 28 14:40:18 sshVictim sshd[3490]: pam_unix(sshd:auth): authentication failure; logname= uid=0 euid=0 tty=ssh ruser= rhost=143.110.190.255  user=root
Jul 28 14:40:19 sshVictim sshd[3490]: Failed password for root from 143.110.190.255 port 42282 ssh2
Jul 28 14:40:20 sshVictim sshd[3490]: Received disconnect from 143.110.190.255 port 42282:11: Bye Bye [preauth]
Jul 28 14:40:20 sshVictim sshd[3490]: Disconnected from authenticating user root 143.110.190.255 port 42282 [preauth]
Jul 28 14:40:30 sshVictim sshd[3492]: pam_unix(sshd:auth): authentication failure; logname= uid=0 euid=0 tty=ssh ruser= rhost=118.70.169.150  user=root
Jul 28 14:40:32 sshVictim sshd[3492]: Failed password for root from 118.70.169.150 port 61830 ssh2
Jul 28 14:40:34 sshVictim sshd[3492]: Received disconnect from 118.70.169.150 port 61830:11: Bye Bye [preauth]
Jul 28 14:40:34 sshVictim sshd[3492]: Disconnected from authenticating user root 118.70.169.150 port 61830 [preauth]
Jul 28 14:40:35 sshVictim sshd[3494]: pam_unix(sshd:auth): authentication failure; logname= uid=0 euid=0 tty=ssh ruser= rhost=139.59.0.209  user=root
Jul 28 14:40:37 sshVictim sshd[3494]: Failed password for root from 139.59.0.209 port 41028 ssh2
Jul 28 14:40:39 sshVictim sshd[3494]: Received disconnect from 139.59.0.209 port 41028:11: Bye Bye [preauth]
Jul 28 14:40:39 sshVictim sshd[3494]: Disconnected from authenticating user root 139.59.0.209 port 41028 [preauth]
Jul 28 14:40:40 sshVictim sshd[3496]: pam_unix(sshd:auth): authentication failure; logname= uid=0 euid=0 tty=ssh ruser= rhost=137.184.219.69  user=root
Jul 28 14:40:43 sshVictim sshd[3496]: Failed password for root from 137.184.219.69 port 51256 ssh2
Jul 28 14:40:44 sshVictim sshd[3496]: Received disconnect from 137.184.219.69 port 51256:11: Bye Bye [preauth]
