Jul 28 14:49:15 sshVictim sshd[3691]: Disconnected from authenticating user root 139.59.0.209 port 45744 [preauth]
Jul 28 14:49:16 sshVictim sshd[3693]: Received disconnect from 178.62.108.63 port 44646:11: Bye Bye [preauth]
Jul 28 14:49:16 sshVictim sshd[3693]: Disconnected from invalid user user2 178.62.108.63 port 44646 [preauth]
Jul 28 14:49:24 sshVictim sshd[3695]: pam_unix(sshd:auth): authentication failure; logname= uid=0 euid=0 tty=ssh ruser= rhost=118.70.169.150  user=root
Jul 28 14:49:27 sshVictim sshd[3695]: Failed password for root from 118.70.169.150 port 54985 ssh2
Jul 28 14:49:29 sshVictim sshd[3695]: Received disconnect from 118.70.169.150 port 54985:11: Bye Bye [preauth]
Jul 28 14:49:29 sshVictim sshd[3695]: Disconnected from authenticating user root 118.70.169.150 port 54985 [preauth]
Jul 28 14:49:33 sshVictim sshd[3697]: pam_unix(sshd:auth): authentication failure; logname= uid=0 euid=0 tty=ssh ruser= rhost=103.37.83.26  user=root
Jul 28 14:49:35 sshVictim sshd[3697]: Failed password for root from 103.37.83.26 port 44102 ssh2
Jul 28 14:49:36 sshVictim sshd[3697]: Received disconnect from 103.37.83.26 port 44102:11: Bye Bye [preauth]
Jul 28 14:49:36 sshVictim sshd[3697]: Disconnected from authenticating user root 103.37.83.26 port 44102 [preauth]
Jul 28 14:49:46 sshVictim sshd[3699]: pam_unix(sshd:auth): authentication failure; logname= uid=0 euid=0 tty=ssh ruser= rhost=143.110.190.255  user=root
Jul 28 14:49:48 sshVictim sshd[3699]: Failed password for root from 143.110.190.255 port 59418 ssh2
Jul 28 14:49:49 sshVictim sshd[3701]: Invalid user bran from 200.219.222.220 port 58000
Jul 28 14:49:49 sshVictim sshd[3701]: pam_unix(sshd:auth): check pass; user unknown
Jul 28 14:49:49 sshVictim sshd[3701]: pam_unix(sshd:auth): authentication failure; logname= uid=0 euid=0 tty=ssh ruser= rhost=200.219.222.220 
Jul 28 14:49:49 sshVictim sshd[3703]: pam_unix(sshd:auth): authentication failure; logname= uid=0 euid=0 tty=ssh ruser= rhost=165.227.68.95  user=root
Jul 28 14:49:50 sshVictim sshd[3699]: Received disconnect from 143.110.190.255 port 59418:11: Bye Bye [preauth]
Jul 28 14:49:50 sshVictim sshd[3699]: Disconnected from authenticating user root 143.110.190.255 port 59418 [preauth]
Jul 28 14:49:51 sshVictim sshd[3701]: Failed password for invalid user bran from 200.219.222.220 port 58000 ssh2
Jul 28 14:49:51 sshVictim sshd[3703]: Failed password for root from 165.227.68.95 port 48598 ssh2
Jul 28 14:49:52 sshVictim sshd[3701]: Received disconnect from 200.219.222.220 port 58000:11: Bye Bye [preauth]
Jul 28 14:49:52 sshVictim sshd[3701]: Disconnected from invalid user bran 200.219.222.220 port 58000 [preauth]
Jul 28 14:49:53 sshVictim sshd[3706]: pam_unix(sshd:auth): authentication failure; logname= uid=0 euid=0 tty=ssh ruser= rhost=137.184.219.69  user=root
Jul 28 14:49:53 sshVictim sshd[3703]: Received disconnect from 165.227.68.95 port 48598:11: Bye Bye [preauth]
Jul 28 14:49:53 sshVictim sshd[3703]: Disconnected from authenticating user root 165.227.68.95 port 48598 [preauth]
Jul 28 14:49:55 sshVictim sshd[3706]: Failed password for root from 137.184.219.69 port 42730 ssh2
Jul 28 14:49:57 sshVictim sshd[3706]: Received disconnect from 137.184.219.69 port 42730:11: Bye Bye [preauth]
Jul 28 14:49:57 sshVictim sshd[3706]: Disconnected from authenticating user root 137.184.219.69 port 42730 [preauth]
Jul 28 14:50:21 sshVictim sshd[3708]: pam_unix(sshd:auth): authentication failure; logname= uid=0 euid=0 tty=ssh ruser= rhost=20.219.196.147  user=root
Jul 28 14:50:23 sshVictim sshd[3710]: Invalid user tomcat from 178.62.108.63 port 33268
Jul 28 14:50:23 sshVictim sshd[3710]: pam_unix(sshd:auth): check pass; user unknown
Jul 28 14:50:23 sshVictim sshd[3710]: pam_unix(sshd:auth): authentication failure; logname= uid=0 euid=0 tty=ssh ruser= rhost=178.62.108.63 
Jul 28 14:50:24 sshVictim sshd[3708]: Failed password for root from 20.219.196.147 port 60312 ssh2
Jul 28 14:50:25 sshVictim sshd[3710]: Failed password for invalid user tomcat from 178.62.108.63 port 33268 ssh2
Jul 28 14:50:26 sshVictim sshd[3708]: Received disconnect from 20.219.196.147 port 60312:11: Bye Bye [preauth]
Jul 28 14:50:26 sshVictim sshd[3708]: Disconnected from authenticating user root 20.219.196.147 port 60312 [preauth]
Jul 28 14:50:27 sshVictim sshd[3710]: Received disconnect from 178.62.108.63 port 33268:11: Bye Bye [preauth]
Jul 28 14:50:27 sshVictim sshd[3710]: Disconnected from invalid user tomcat 178.62.108.63 port 33268 [preauth]
Jul 28 14:50:27 sshVictim sshd[3712]: pam_unix(sshd:auth): authentication failure; logname= uid=0 euid=0 tty=ssh ruser= rhost=139.59.0.209  user=root
Jul 28 14:50:29 sshVictim sshd[3712]: Failed password for root from 139.59.0.209 port 34318 ssh2
Jul 28 14:50:31 sshVictim sshd[3712]: Received disconnect from 139.59.0.209 port 34318:11: Bye Bye [preauth]
Jul 28 14:50:31 sshVictim sshd[3712]: Disconnected from authenticating user root 139.59.0.209 port 34318 [preauth]
Jul 28 14:50:40 sshVictim sshd[3715]: Invalid user pi from 88.78.37.173 port 33408
Jul 28 14:50:40 sshVictim sshd[3716]: Invalid user pi from 88.78.37.173 port 33412
Jul 28 14:50:40 sshVictim sshd[3715]: pam_unix(sshd:auth): check pass; user unknown
Jul 28 14:50:40 sshVictim sshd[3715]: pam_unix(sshd:auth): authentication failure; logname= uid=0 euid=0 tty=ssh ruser= rhost=88.78.37.173 
Jul 28 14:50:40 sshVictim sshd[3716]: pam_unix(sshd:auth): check pass; user unknown
Jul 28 14:50:40 sshVictim sshd[3716]: pam_unix(sshd:auth): authentication failure; logname= uid=0 euid=0 tty=ssh ruser= rhost=88.78.37.173 
Jul 28 14:50:42 sshVictim sshd[3715]: Failed password for invalid user pi from 88.78.37.173 port 33408 ssh2
Jul 28 14:50:42 sshVictim sshd[3716]: Failed password for invalid user pi from 88.78.37.173 port 33412 ssh2
Jul 28 14:50:44 sshVictim sshd[3715]: Connection closed by invalid user pi 88.78.37.173 port 33408 [preauth]
Jul 28 14:50:44 sshVictim sshd[3716]: Connection closed by invalid user pi 88.78.37.173 port 33412 [preauth]
Jul 28 14:50:57 sshVictim sshd[3720]: pam_unix(sshd:auth): authentication failure; logname= uid=0 euid=0 tty=ssh ruser= rhost=143.110.190.255  user=root
Jul 28 14:50:59 sshVictim sshd[3720]: Failed password for root from 143.110.190.255 port 47444 ssh2
Jul 28 14:50:59 sshVictim sshd[3723]: pam_unix(sshd:auth): authentication failure; logname= uid=0 euid=0 tty=ssh ruser= rhost=118.70.169.150  user=root
Jul 28 14:51:00 sshVictim sshd[3726]: Invalid user dspace from 200.219.222.220 port 46238
Jul 28 14:51:00 sshVictim sshd[3726]: pam_unix(sshd:auth): check pass; user unknown
Jul 28 14:51:00 sshVictim sshd[3726]: pam_unix(sshd:auth): authentication failure; logname= uid=0 euid=0 tty=ssh ruser= rhost=200.219.222.220 
Jul 28 14:51:01 sshVictim sshd[3720]: Received disconnect from 143.110.190.255 port 47444:11: Bye Bye [preauth]
Jul 28 14:51:01 sshVictim sshd[3720]: Disconnected from authenticating user root 143.110.190.255 port 47444 [preauth]
Jul 28 14:51:02 sshVictim sshd[3723]: Failed password for root from 118.70.169.150 port 63263 ssh2
Jul 28 14:51:02 sshVictim sshd[3726]: Failed password for invalid user dspace from 200.219.222.220 port 46238 ssh2
Jul 28 14:51:02 sshVictim sshd[3726]: Received disconnect from 200.219.222.220 port 46238:11: Bye Bye [preauth]
Jul 28 14:51:02 sshVictim sshd[3726]: Disconnected from invalid user dspace 200.219.222.220 port 46238 [preauth]
Jul 28 14:51:04 sshVictim sshd[3723]: Received disconnect from 118.70.169.150 port 63263:11: Bye Bye [preauth]
Jul 28 14:51:04 sshVictim sshd[3723]: Disconnected from authenticating user root 118.70.169.150 port 63263 [preauth]
Jul 28 14:51:05 sshVictim sshd[3730]: pam_unix(sshd:auth): authentication failure; logname= uid=0 euid=0 tty=ssh ruser= rhost=137.184.219.69  user=root
Jul 28 14:51:05 sshVictim sshd[3728]: pam_unix(sshd:auth): authentication failure; logname= uid=0 euid=0 tty=ssh ruser= rhost=103.37.83.26  user=root
Jul 28 14:51:06 sshVictim sshd[3730]: Failed password for root from 137.184.219.69 port 59310 ssh2
Jul 28 14:51:07 sshVictim sshd[3730]: Received disconnect from 137.184.219.69 port 59310:11: Bye Bye [preauth]
Jul 28 14:51:07 sshVictim sshd[3730]: Disconnected from authenticating user root 137.184.219.69 port 59310 [preauth]
Jul 28 14:51:07 sshVictim sshd[3728]: Failed password for root from 103.37.83.26 port 52480 ssh2
Jul 28 14:51:07 sshVictim sshd[3728]: Received disconnect from 103.37.83.26 port 52480:11: Bye Bye [preauth]
Jul 28 14:51:07 sshVictim sshd[3728]: Disconnected from authenticating user root 103.37.83.26 port 52480 [preauth]
Jul 28 14:51:09 sshVictim sshd[3732]: pam_unix(sshd:auth): authentication failure; logname= uid=0 euid=0 tty=ssh ruser= rhost=165.227.68.95  user=root
Jul 28 14:51:11 sshVictim sshd[3732]: Failed password for root from 165.227.68.95 port 37058 ssh2
Jul 28 14:51:13 sshVictim sshd[3732]: Received disconnect from 165.227.68.95 port 37058:11: Bye Bye [preauth]
Jul 28 14:51:13 sshVictim sshd[3732]: Disconnected from authenticating user root 165.227.68.95 port 37058 [preauth]
Jul 28 14:51:35 sshVictim sshd[3735]: Invalid user alex from 178.62.108.63 port 50122
Jul 28 14:51:35 sshVictim sshd[3735]: pam_unix(sshd:auth): check pass; user unknown
Jul 28 14:51:35 sshVictim sshd[3735]: pam_unix(sshd:auth): authentication failure; logname= uid=0 euid=0 tty=ssh ruser= rhost=178.62.108.63 
Jul 28 14:51:37 sshVictim sshd[3735]: Failed password for invalid user alex from 178.62.108.63 port 50122 ssh2
Jul 28 14:51:37 sshVictim sshd[3735]: Received disconnect from 178.62.108.63 port 50122:11: Bye Bye [preauth]
Jul 28 14:51:37 sshVictim sshd[3735]: Disconnected from invalid user alex 178.62.108.63 port 50122 [preauth]
Jul 28 14:51:40 sshVictim sshd[3737]: pam_unix(sshd:auth): authentication failure; logname= uid=0 euid=0 tty=ssh ruser= rhost=20.219.196.147  user=root
Jul 28 14:51:42 sshVictim sshd[3739]: pam_unix(sshd:auth): authentication failure; logname= uid=0 euid=0 tty=ssh ruser= rhost=139.59.0.209  user=root
Jul 28 14:51:42 sshVictim sshd[3737]: Failed password for root from 20.219.196.147 port 60404 ssh2
Jul 28 14:51:44 sshVictim sshd[3737]: Received disconnect from 20.219.196.147 port 60404:11: Bye Bye [preauth]
Jul 28 14:51:44 sshVictim sshd[3737]: Disconnected from authenticating user root 20.219.196.147 port 60404 [preauth]
Jul 28 14:51:44 sshVictim sshd[3739]: Failed password for root from 139.59.0.209 port 51126 ssh2
Jul 28 14:51:46 sshVictim sshd[3739]: Received disconnect from 139.59.0.209 port 51126:11: Bye Bye [preauth]
Jul 28 14:51:46 sshVictim sshd[3739]: Disconnected from authenticating user root 139.59.0.209 port 51126 [preauth]
Jul 28 14:52:05 sshVictim sshd[3743]: pam_unix(sshd:auth): authentication failure; logname= uid=0 euid=0 tty=ssh ruser= rhost=143.110.190.255  user=root
Jul 28 14:52:08 sshVictim sshd[3743]: Failed password for root from 143.110.190.255 port 35470 ssh2
Jul 28 14:52:09 sshVictim sshd[3743]: Received disconnect from 143.110.190.255 port 35470:11: Bye Bye [preauth]
Jul 28 14:52:09 sshVictim sshd[3743]: Disconnected from authenticating user root 143.110.190.255 port 35470 [preauth]
Jul 28 14:52:10 sshVictim sshd[3745]: Invalid user linux from 200.219.222.220 port 34476
Jul 28 14:52:10 sshVictim sshd[3745]: pam_unix(sshd:auth): check pass; user unknown
Jul 28 14:52:10 sshVictim sshd[3745]: pam_unix(sshd:auth): authentication failure; logname= uid=0 euid=0 tty=ssh ruser= rhost=200.219.222.220 
Jul 28 14:52:12 sshVictim sshd[3745]: Failed password for invalid user linux from 200.219.222.220 port 34476 ssh2
Jul 28 14:52:12 sshVictim sshd[3747]: pam_unix(sshd:auth): authentication failure; logname= uid=0 euid=0 tty=ssh ruser= rhost=137.184.219.69  user=root
Jul 28 14:52:13 sshVictim sshd[3745]: Received disconnect from 200.219.222.220 port 34476:11: Bye Bye [preauth]
Jul 28 14:52:13 sshVictim sshd[3745]: Disconnected from invalid user linux 200.219.222.220 port 34476 [preauth]
Jul 28 14:52:15 sshVictim sshd[3747]: Failed password for root from 137.184.219.69 port 47656 ssh2
Jul 28 14:52:16 sshVictim sshd[3747]: Received disconnect from 137.184.219.69 port 47656:11: Bye Bye [preauth]
Jul 28 14:52:16 sshVictim sshd[3747]: Disconnected from authenticating user root 137.184.219.69 port 47656 [preauth]
Jul 28 14:52:36 sshVictim sshd[3753]: pam_unix(sshd:auth): authentication failure; logname= uid=0 euid=0 tty=ssh ruser= rhost=165.227.68.95  user=root
Jul 28 14:52:38 sshVictim sshd[3714]: fatal: Timeout before authentication for 218.92.0.221 port 39106
Jul 28 14:52:38 sshVictim sshd[3751]: pam_unix(sshd:auth): authentication failure; logname= uid=0 euid=0 tty=ssh ruser= rhost=103.37.83.26  user=root
Jul 28 14:52:38 sshVictim sshd[3753]: Failed password for root from 165.227.68.95 port 54074 ssh2
Jul 28 14:52:40 sshVictim sshd[3751]: Failed password for root from 103.37.83.26 port 60847 ssh2
Jul 28 14:52:40 sshVictim sshd[3753]: Received disconnect from 165.227.68.95 port 54074:11: Bye Bye [preauth]
Jul 28 14:52:40 sshVictim sshd[3753]: Disconnected from authenticating user root 165.227.68.95 port 54074 [preauth]
Jul 28 14:52:41 sshVictim sshd[3751]: Received disconnect from 103.37.83.26 port 60847:11: Bye Bye [preauth]
Jul 28 14:52:41 sshVictim sshd[3751]: Disconnected from authenticating user root 103.37.83.26 port 60847 [preauth]
Jul 28 14:52:52 sshVictim sshd[3755]: Invalid user code from 178.62.108.63 port 38742
Jul 28 14:52:52 sshVictim sshd[3755]: pam_unix(sshd:auth): check pass; user unknown
Jul 28 14:52:52 sshVictim sshd[3755]: pam_unix(sshd:auth): authentication failure; logname= uid=0 euid=0 tty=ssh ruser= rhost=178.62.108.63 
Jul 28 14:52:52 sshVictim sshd[3757]: pam_unix(sshd:auth): authentication failure; logname= uid=0 euid=0 tty=ssh ruser= rhost=139.59.0.209  user=root
Jul 28 14:52:54 sshVictim sshd[3755]: Failed password for invalid user code from 178.62.108.63 port 38742 ssh2
Jul 28 14:52:54 sshVictim sshd[3757]: Failed password for root from 139.59.0.209 port 39700 ssh2
Jul 28 14:52:54 sshVictim sshd[3755]: Received disconnect from 178.62.108.63 port 38742:11: Bye Bye [preauth]
Jul 28 14:52:54 sshVictim sshd[3755]: Disconnected from invalid user code 178.62.108.63 port 38742 [preauth]
Jul 28 14:52:55 sshVictim sshd[3757]: Received disconnect from 139.59.0.209 port 39700:11: Bye Bye [preauth]
Jul 28 14:52:55 sshVictim sshd[3757]: Disconnected from authenticating user root 139.59.0.209 port 39700 [preauth]
Jul 28 14:52:57 sshVictim sshd[3722]: fatal: Timeout before authentication for 61.177.173.47 port 13198
Jul 28 14:52:58 sshVictim sshd[3759]: pam_unix(sshd:auth): authentication failure; logname= uid=0 euid=0 tty=ssh ruser= rhost=20.219.196.147  user=root
Jul 28 14:53:00 sshVictim sshd[3759]: Failed password for root from 20.219.196.147 port 60494 ssh2
Jul 28 14:53:02 sshVictim sshd[3759]: Received disconnect from 20.219.196.147 port 60494:11: Bye Bye [preauth]
Jul 28 14:53:02 sshVictim sshd[3759]: Disconnected from authenticating user root 20.219.196.147 port 60494 [preauth]
Jul 28 14:53:15 sshVictim sshd[3761]: pam_unix(sshd:auth): authentication failure; logname= uid=0 euid=0 tty=ssh ruser= rhost=143.110.190.255  user=root
Jul 28 14:53:16 sshVictim sshd[3761]: Failed password for root from 143.110.190.255 port 51728 ssh2
Jul 28 14:53:17 sshVictim sshd[3761]: Received disconnect from 143.110.190.255 port 51728:11: Bye Bye [preauth]
Jul 28 14:53:17 sshVictim sshd[3761]: Disconnected from authenticating user root 143.110.190.255 port 51728 [preauth]
Jul 28 14:53:21 sshVictim sshd[3763]: Invalid user myftp from 200.219.222.220 port 50932
Jul 28 14:53:21 sshVictim sshd[3763]: pam_unix(sshd:auth): check pass; user unknown
Jul 28 14:53:21 sshVictim sshd[3763]: pam_unix(sshd:auth): authentication failure; logname= uid=0 euid=0 tty=ssh ruser= rhost=200.219.222.220 
Jul 28 14:53:23 sshVictim sshd[3763]: Failed password for invalid user myftp from 200.219.222.220 port 50932 ssh2
Jul 28 14:53:25 sshVictim sshd[3763]: Received disconnect from 200.219.222.220 port 50932:11: Bye Bye [preauth]
Jul 28 14:53:25 sshVictim sshd[3763]: Disconnected from invalid user myftp 200.219.222.220 port 50932 [preauth]
Jul 28 14:53:44 sshVictim sshd[3741]: fatal: Timeout before authentication for 61.177.173.53 port 49060
Jul 28 14:53:45 sshVictim sshd[3767]: Unable to negotiate with 61.177.173.42 port 18782: no matching key exchange method found. Their offer: diffie-hellman-group1-sha1,diffie-hellman-group14-sha1,diffie-hellman-group-exchange-sha1 [preauth]
Jul 28 14:53:56 sshVictim sshd[3771]: Invalid user super from 178.62.108.63 port 55594
Jul 28 14:53:56 sshVictim sshd[3771]: pam_unix(sshd:auth): check pass; user unknown
Jul 28 14:53:56 sshVictim sshd[3771]: pam_unix(sshd:auth): authentication failure; logname= uid=0 euid=0 tty=ssh ruser= rhost=178.62.108.63 
Jul 28 14:53:58 sshVictim sshd[3771]: Failed password for invalid user super from 178.62.108.63 port 55594 ssh2
Jul 28 14:53:59 sshVictim sshd[3771]: Received disconnect from 178.62.108.63 port 55594:11: Bye Bye [preauth]
Jul 28 14:53:59 sshVictim sshd[3771]: Disconnected from invalid user super 178.62.108.63 port 55594 [preauth]
Jul 28 14:53:59 sshVictim sshd[3749]: Connection reset by 61.177.172.114 port 61063 [preauth]
Jul 28 14:54:00 sshVictim sshd[3773]: pam_unix(sshd:auth): authentication failure; logname= uid=0 euid=0 tty=ssh ruser= rhost=165.227.68.95  user=root
Jul 28 14:54:02 sshVictim sshd[3773]: Failed password for root from 165.227.68.95 port 42534 ssh2
Jul 28 14:54:04 sshVictim sshd[3773]: Received disconnect from 165.227.68.95 port 42534:11: Bye Bye [preauth]
Jul 28 14:54:04 sshVictim sshd[3773]: Disconnected from authenticating user root 165.227.68.95 port 42534 [preauth]
Jul 28 14:54:11 sshVictim sshd[3775]: pam_unix(sshd:auth): authentication failure; logname= uid=0 euid=0 tty=ssh ruser= rhost=103.37.83.26  user=root
Jul 28 14:54:13 sshVictim sshd[3775]: Failed password for root from 103.37.83.26 port 40981 ssh2
Jul 28 14:54:15 sshVictim sshd[3775]: Received disconnect from 103.37.83.26 port 40981:11: Bye Bye [preauth]
Jul 28 14:54:15 sshVictim sshd[3775]: Disconnected from authenticating user root 103.37.83.26 port 40981 [preauth]
Jul 28 14:54:17 sshVictim sshd[3777]: pam_unix(sshd:auth): authentication failure; logname= uid=0 euid=0 tty=ssh ruser= rhost=20.219.196.147  user=root
Jul 28 14:54:19 sshVictim sshd[3777]: Failed password for root from 20.219.196.147 port 60582 ssh2
Jul 28 14:54:19 sshVictim sshd[3777]: Received disconnect from 20.219.196.147 port 60582:11: Bye Bye [preauth]
Jul 28 14:54:19 sshVictim sshd[3777]: Disconnected from authenticating user root 20.219.196.147 port 60582 [preauth]
Jul 28 14:54:47 sshVictim sshd[3765]: Invalid user oracle from 54.36.122.190 port 53800
Jul 28 14:54:51 sshVictim sshd[3779]: error: kex_exchange_identification: Connection closed by remote host
Jul 28 14:54:51 sshVictim sshd[3779]: Connection closed by 45.61.188.170 port 50788
Jul 28 14:54:53 sshVictim sshd[3765]: pam_unix(sshd:auth): check pass; user unknown
Jul 28 14:54:53 sshVictim sshd[3765]: pam_unix(sshd:auth): authentication failure; logname= uid=0 euid=0 tty=ssh ruser= rhost=54.36.122.190 
Jul 28 14:54:54 sshVictim sshd[3766]: pam_unix(sshd:auth): authentication failure; logname= uid=0 euid=0 tty=ssh ruser= rhost=54.36.122.190  user=root
Jul 28 14:54:56 sshVictim sshd[3765]: Failed password for invalid user oracle from 54.36.122.190 port 53800 ssh2
Jul 28 14:54:56 sshVictim sshd[3766]: Failed password for root from 54.36.122.190 port 53816 ssh2
Jul 28 14:55:02 sshVictim sshd[3781]: Invalid user wyf from 178.62.108.63 port 44212
Jul 28 14:55:02 sshVictim sshd[3781]: pam_unix(sshd:auth): check pass; user unknown
Jul 28 14:55:02 sshVictim sshd[3781]: pam_unix(sshd:auth): authentication failure; logname= uid=0 euid=0 tty=ssh ruser= rhost=178.62.108.63 
Jul 28 14:55:04 sshVictim sshd[3781]: Failed password for invalid user wyf from 178.62.108.63 port 44212 ssh2
Jul 28 14:55:06 sshVictim sshd[3781]: Received disconnect from 178.62.108.63 port 44212:11: Bye Bye [preauth]
Jul 28 14:55:06 sshVictim sshd[3781]: Disconnected from invalid user wyf 178.62.108.63 port 44212 [preauth]
Jul 28 14:55:22 sshVictim sshd[3783]: pam_unix(sshd:auth): authentication failure; logname= uid=0 euid=0 tty=ssh ruser= rhost=165.227.68.95  user=root
Jul 28 14:55:24 sshVictim sshd[3783]: Failed password for root from 165.227.68.95 port 59228 ssh2
Jul 28 14:55:24 sshVictim sshd[3783]: Received disconnect from 165.227.68.95 port 59228:11: Bye Bye [preauth]
Jul 28 14:55:24 sshVictim sshd[3783]: Disconnected from authenticating user root 165.227.68.95 port 59228 [preauth]
Jul 28 14:55:31 sshVictim sshd[3765]: fatal: Timeout before authentication for 54.36.122.190 port 53800
Jul 28 14:55:32 sshVictim sshd[3766]: fatal: Timeout before authentication for 54.36.122.190 port 53816
Jul 28 14:55:40 sshVictim sshd[3785]: pam_unix(sshd:auth): authentication failure; logname= uid=0 euid=0 tty=ssh ruser= rhost=20.219.196.147  user=root
Jul 28 14:55:42 sshVictim sshd[3785]: Failed password for root from 20.219.196.147 port 60672 ssh2
Jul 28 14:55:44 sshVictim sshd[3785]: Received disconnect from 20.219.196.147 port 60672:11: Bye Bye [preauth]
Jul 28 14:55:44 sshVictim sshd[3785]: Disconnected from authenticating user root 20.219.196.147 port 60672 [preauth]
Jul 28 14:55:50 sshVictim sshd[3787]: pam_unix(sshd:auth): authentication failure; logname= uid=0 euid=0 tty=ssh ruser= rhost=103.37.83.26  user=root
Jul 28 14:55:52 sshVictim sshd[3787]: Failed password for root from 103.37.83.26 port 49351 ssh2
Jul 28 14:55:54 sshVictim sshd[3787]: Received disconnect from 103.37.83.26 port 49351:11: Bye Bye [preauth]
Jul 28 14:55:54 sshVictim sshd[3787]: Disconnected from authenticating user root 103.37.83.26 port 49351 [preauth]
Jul 28 14:56:10 sshVictim sshd[3789]: Invalid user admin from 178.62.108.63 port 32834
Jul 28 14:56:10 sshVictim sshd[3789]: pam_unix(sshd:auth): check pass; user unknown
Jul 28 14:56:10 sshVictim sshd[3789]: pam_unix(sshd:auth): authentication failure; logname= uid=0 euid=0 tty=ssh ruser= rhost=178.62.108.63 
Jul 28 14:56:12 sshVictim sshd[3789]: Failed password for invalid user admin from 178.62.108.63 port 32834 ssh2
Jul 28 14:56:14 sshVictim sshd[3789]: Received disconnect from 178.62.108.63 port 32834:11: Bye Bye [preauth]
Jul 28 14:56:14 sshVictim sshd[3789]: Disconnected from invalid user admin 178.62.108.63 port 32834 [preauth]
Jul 28 14:56:50 sshVictim sshd[3795]: pam_unix(sshd:auth): authentication failure; logname= uid=0 euid=0 tty=ssh ruser= rhost=165.227.68.95  user=root
Jul 28 14:56:52 sshVictim sshd[3795]: Failed password for root from 165.227.68.95 port 48010 ssh2
Jul 28 14:56:52 sshVictim sshd[3795]: Received disconnect from 165.227.68.95 port 48010:11: Bye Bye [preauth]
Jul 28 14:56:52 sshVictim sshd[3795]: Disconnected from authenticating user root 165.227.68.95 port 48010 [preauth]
Jul 28 14:56:54 sshVictim sshd[3792]: Invalid user oracle from 145.239.11.79 port 49740
Jul 28 14:56:57 sshVictim sshd[3792]: pam_unix(sshd:auth): check pass; user unknown
Jul 28 14:56:57 sshVictim sshd[3792]: pam_unix(sshd:auth): authentication failure; logname= uid=0 euid=0 tty=ssh ruser= rhost=145.239.11.79 
Jul 28 14:56:57 sshVictim sshd[3791]: pam_unix(sshd:auth): authentication failure; logname= uid=0 euid=0 tty=ssh ruser= rhost=145.239.11.79  user=root
Jul 28 14:56:59 sshVictim sshd[3792]: Failed password for invalid user oracle from 145.239.11.79 port 49740 ssh2
Jul 28 14:56:59 sshVictim sshd[3791]: Failed password for root from 145.239.11.79 port 49744 ssh2
Jul 28 14:57:03 sshVictim sshd[3792]: Connection closed by invalid user oracle 145.239.11.79 port 49740 [preauth]
Jul 28 14:57:04 sshVictim sshd[3791]: Connection closed by authenticating user root 145.239.11.79 port 49744 [preauth]
Jul 28 14:57:21 sshVictim sshd[3798]: Invalid user damien from 178.62.108.63 port 49686
Jul 28 14:57:21 sshVictim sshd[3798]: pam_unix(sshd:auth): check pass; user unknown
Jul 28 14:57:21 sshVictim sshd[3798]: pam_unix(sshd:auth): authentication failure; logname= uid=0 euid=0 tty=ssh ruser= rhost=178.62.108.63 
Jul 28 14:57:23 sshVictim sshd[3798]: Failed password for invalid user damien from 178.62.108.63 port 49686 ssh2
Jul 28 14:57:25 sshVictim sshd[3798]: Received disconnect from 178.62.108.63 port 49686:11: Bye Bye [preauth]
Jul 28 14:57:25 sshVictim sshd[3798]: Disconnected from invalid user damien 178.62.108.63 port 49686 [preauth]
Jul 28 14:58:10 sshVictim sshd[3800]: pam_unix(sshd:auth): authentication failure; logname= uid=0 euid=0 tty=ssh ruser= rhost=165.227.68.95  user=root
Jul 28 14:58:11 sshVictim sshd[3800]: Failed password for root from 165.227.68.95 port 36480 ssh2
Jul 28 14:58:12 sshVictim sshd[3800]: Received disconnect from 165.227.68.95 port 36480:11: Bye Bye [preauth]
Jul 28 14:58:12 sshVictim sshd[3800]: Disconnected from authenticating user root 165.227.68.95 port 36480 [preauth]
Jul 28 14:58:41 sshVictim sshd[3802]: error: kex_exchange_identification: Connection closed by remote host
Jul 28 14:58:41 sshVictim sshd[3802]: Connection closed by 45.61.186.49 port 60840
Jul 28 14:59:34 sshVictim sshd[3803]: pam_unix(sshd:auth): authentication failure; logname= uid=0 euid=0 tty=ssh ruser= rhost=165.227.68.95  user=root
Jul 28 14:59:36 sshVictim sshd[3803]: Failed password for root from 165.227.68.95 port 53190 ssh2
Jul 28 14:59:37 sshVictim sshd[3803]: Received disconnect from 165.227.68.95 port 53190:11: Bye Bye [preauth]
Jul 28 14:59:37 sshVictim sshd[3803]: Disconnected from authenticating user root 165.227.68.95 port 53190 [preauth]
Jul 28 15:00:36 sshVictim sshd[3810]: Invalid user oracle from 145.239.11.62 port 39088
Jul 28 15:00:40 sshVictim sshd[3810]: pam_unix(sshd:auth): check pass; user unknown
Jul 28 15:00:40 sshVictim sshd[3810]: pam_unix(sshd:auth): authentication failure; logname= uid=0 euid=0 tty=ssh ruser= rhost=145.239.11.62 
Jul 28 15:00:40 sshVictim sshd[3809]: pam_unix(sshd:auth): authentication failure; logname= uid=0 euid=0 tty=ssh ruser= rhost=145.239.11.62  user=root
Jul 28 15:00:42 sshVictim sshd[3810]: Failed password for invalid user oracle from 145.239.11.62 port 39088 ssh2
Jul 28 15:00:42 sshVictim sshd[3809]: Failed password for root from 145.239.11.62 port 39094 ssh2
Jul 28 15:00:46 sshVictim sshd[3809]: Connection closed by authenticating user root 145.239.11.62 port 39094 [preauth]
Jul 28 15:00:47 sshVictim sshd[3810]: Connection closed by invalid user oracle 145.239.11.62 port 39088 [preauth]
Jul 28 15:01:05 sshVictim sshd[3813]: pam_unix(sshd:auth): authentication failure; logname= uid=0 euid=0 tty=ssh ruser= rhost=165.227.68.95  user=root
Jul 28 15:01:07 sshVictim sshd[3813]: Failed password for root from 165.227.68.95 port 42350 ssh2
Jul 28 15:01:08 sshVictim sshd[3813]: Received disconnect from 165.227.68.95 port 42350:11: Bye Bye [preauth]
Jul 28 15:01:08 sshVictim sshd[3813]: Disconnected from authenticating user root 165.227.68.95 port 42350 [preauth]
Jul 28 15:01:38 sshVictim sshd[3805]: fatal: Timeout before authentication for 61.177.173.35 port 42614
Jul 28 15:02:25 sshVictim sshd[3815]: pam_unix(sshd:auth): authentication failure; logname= uid=0 euid=0 tty=ssh ruser= rhost=165.227.68.95  user=root
Jul 28 15:02:28 sshVictim sshd[3815]: Failed password for root from 165.227.68.95 port 59044 ssh2
Jul 28 15:02:29 sshVictim sshd[3815]: Received disconnect from 165.227.68.95 port 59044:11: Bye Bye [preauth]
Jul 28 15:02:29 sshVictim sshd[3815]: Disconnected from authenticating user root 165.227.68.95 port 59044 [preauth]
Jul 28 15:03:30 sshVictim sshd[3818]: Invalid user oracle from 51.77.116.67 port 47952
Jul 28 15:03:32 sshVictim sshd[3821]: Connection reset by 61.177.172.124 port 20885 [preauth]
Jul 28 15:03:34 sshVictim sshd[3817]: pam_unix(sshd:auth): authentication failure; logname= uid=0 euid=0 tty=ssh ruser= rhost=51.77.116.67  user=root
Jul 28 15:03:34 sshVictim sshd[3818]: pam_unix(sshd:auth): check pass; user unknown
Jul 28 15:03:34 sshVictim sshd[3818]: pam_unix(sshd:auth): authentication failure; logname= uid=0 euid=0 tty=ssh ruser= rhost=51.77.116.67 
Jul 28 15:03:36 sshVictim sshd[3817]: Failed password for root from 51.77.116.67 port 47958 ssh2
Jul 28 15:03:36 sshVictim sshd[3818]: Failed password for invalid user oracle from 51.77.116.67 port 47952 ssh2
Jul 28 15:03:42 sshVictim sshd[3818]: Connection closed by invalid user oracle 51.77.116.67 port 47952 [preauth]
Jul 28 15:03:42 sshVictim sshd[3817]: Connection closed by authenticating user root 51.77.116.67 port 47958 [preauth]
Jul 28 15:03:45 sshVictim sshd[3823]: pam_unix(sshd:auth): authentication failure; logname= uid=0 euid=0 tty=ssh ruser= rhost=218.92.0.221  user=root
Jul 28 15:03:47 sshVictim sshd[3823]: Failed password for root from 218.92.0.221 port 48112 ssh2
Jul 28 15:03:54 sshVictim sshd[3823]: message repeated 2 times: [ Failed password for root from 218.92.0.221 port 48112 ssh2]
Jul 28 15:03:54 sshVictim sshd[3823]: Received disconnect from 218.92.0.221 port 48112:11:  [preauth]
Jul 28 15:03:54 sshVictim sshd[3823]: Disconnected from authenticating user root 218.92.0.221 port 48112 [preauth]
Jul 28 15:03:54 sshVictim sshd[3823]: PAM 2 more authentication failures; logname= uid=0 euid=0 tty=ssh ruser= rhost=218.92.0.221  user=root
Jul 28 15:03:56 sshVictim sshd[3825]: pam_unix(sshd:auth): authentication failure; logname= uid=0 euid=0 tty=ssh ruser= rhost=165.227.68.95  user=root
Jul 28 15:03:57 sshVictim sshd[3827]: pam_unix(sshd:auth): authentication failure; logname= uid=0 euid=0 tty=ssh ruser= rhost=218.92.0.221  user=root
Jul 28 15:03:57 sshVictim sshd[3825]: Failed password for root from 165.227.68.95 port 47528 ssh2
Jul 28 15:03:58 sshVictim sshd[3825]: Received disconnect from 165.227.68.95 port 47528:11: Bye Bye [preauth]
Jul 28 15:03:58 sshVictim sshd[3825]: Disconnected from authenticating user root 165.227.68.95 port 47528 [preauth]
Jul 28 15:03:58 sshVictim sshd[3827]: Failed password for root from 218.92.0.221 port 23736 ssh2
Jul 28 15:04:05 sshVictim sshd[3827]: message repeated 2 times: [ Failed password for root from 218.92.0.221 port 23736 ssh2]
Jul 28 15:04:06 sshVictim sshd[3827]: Received disconnect from 218.92.0.221 port 23736:11:  [preauth]
Jul 28 15:04:06 sshVictim sshd[3827]: Disconnected from authenticating user root 218.92.0.221 port 23736 [preauth]
Jul 28 15:04:06 sshVictim sshd[3827]: PAM 2 more authentication failures; logname= uid=0 euid=0 tty=ssh ruser= rhost=218.92.0.221  user=root
Jul 28 15:04:20 sshVictim sshd[3829]: Received disconnect from 218.92.0.221 port 43309:11:  [preauth]
Jul 28 15:04:20 sshVictim sshd[3829]: Disconnected from 218.92.0.221 port 43309 [preauth]
Jul 28 15:04:34 sshVictim sshd[3835]: pam_unix(sshd:auth): authentication failure; logname= uid=0 euid=0 tty=ssh ruser= rhost=218.92.0.221  user=root
Jul 28 15:04:36 sshVictim sshd[3835]: Failed password for root from 218.92.0.221 port 39472 ssh2
Jul 28 15:04:37 sshVictim sshd[3833]: Invalid user oracle from 54.37.83.165 port 39146
Jul 28 15:04:40 sshVictim sshd[3835]: Failed password for root from 218.92.0.221 port 39472 ssh2
Jul 28 15:04:41 sshVictim sshd[3833]: pam_unix(sshd:auth): check pass; user unknown
Jul 28 15:04:41 sshVictim sshd[3833]: pam_unix(sshd:auth): authentication failure; logname= uid=0 euid=0 tty=ssh ruser= rhost=54.37.83.165 
Jul 28 15:04:42 sshVictim sshd[3834]: pam_unix(sshd:auth): authentication failure; logname= uid=0 euid=0 tty=ssh ruser= rhost=54.37.83.165  user=root
Jul 28 15:04:42 sshVictim sshd[3835]: Failed password for root from 218.92.0.221 port 39472 ssh2
Jul 28 15:04:42 sshVictim sshd[3830]: Connection reset by 218.92.0.221 port 11959 [preauth]
Jul 28 15:04:42 sshVictim sshd[3835]: Received disconnect from 218.92.0.221 port 39472:11:  [preauth]
Jul 28 15:04:42 sshVictim sshd[3835]: Disconnected from authenticating user root 218.92.0.221 port 39472 [preauth]
Jul 28 15:04:42 sshVictim sshd[3835]: PAM 2 more authentication failures; logname= uid=0 euid=0 tty=ssh ruser= rhost=218.92.0.221  user=root
Jul 28 15:04:43 sshVictim sshd[3833]: Failed password for invalid user oracle from 54.37.83.165 port 39146 ssh2
Jul 28 15:04:44 sshVictim sshd[3834]: Failed password for root from 54.37.83.165 port 39150 ssh2
Jul 28 15:04:46 sshVictim sshd[3833]: Connection closed by invalid user oracle 54.37.83.165 port 39146 [preauth]
Jul 28 15:04:48 sshVictim sshd[3834]: Connection closed by authenticating user root 54.37.83.165 port 39150 [preauth]
Jul 28 15:04:55 sshVictim sshd[3839]: Connection reset by 218.92.0.221 port 12840 [preauth]
Jul 28 15:05:21 sshVictim sshd[3845]: pam_unix(sshd:auth): authentication failure; logname= uid=0 euid=0 tty=ssh ruser= rhost=218.92.0.221  user=root
Jul 28 15:05:22 sshVictim sshd[3845]: Failed password for root from 218.92.0.221 port 43548 ssh2
Jul 28 15:05:27 sshVictim sshd[3845]: message repeated 2 times: [ Failed password for root from 218.92.0.221 port 43548 ssh2]
Jul 28 15:05:27 sshVictim sshd[3845]: Received disconnect from 218.92.0.221 port 43548:11:  [preauth]
Jul 28 15:05:27 sshVictim sshd[3845]: Disconnected from authenticating user root 218.92.0.221 port 43548 [preauth]
Jul 28 15:05:27 sshVictim sshd[3845]: PAM 2 more authentication failures; logname= uid=0 euid=0 tty=ssh ruser= rhost=218.92.0.221  user=root
Jul 28 15:05:57 sshVictim sshd[3848]: pam_unix(sshd:auth): authentication failure; logname= uid=0 euid=0 tty=ssh ruser= rhost=43.154.114.5  user=root
Jul 28 15:05:59 sshVictim sshd[3848]: Failed password for root from 43.154.114.5 port 37590 ssh2
Jul 28 15:06:02 sshVictim sshd[3848]: Received disconnect from 43.154.114.5 port 37590:11: Bye Bye [preauth]
Jul 28 15:06:02 sshVictim sshd[3848]: Disconnected from authenticating user root 43.154.114.5 port 37590 [preauth]
Jul 28 15:06:22 sshVictim sshd[3850]: pam_unix(sshd:auth): authentication failure; logname= uid=0 euid=0 tty=ssh ruser= rhost=61.177.173.51  user=root
Jul 28 15:06:24 sshVictim sshd[3850]: Failed password for root from 61.177.173.51 port 26793 ssh2
Jul 28 15:06:28 sshVictim sshd[3850]: message repeated 2 times: [ Failed password for root from 61.177.173.51 port 26793 ssh2]
Jul 28 15:06:29 sshVictim sshd[3850]: Received disconnect from 61.177.173.51 port 26793:11:  [preauth]
Jul 28 15:06:29 sshVictim sshd[3850]: Disconnected from authenticating user root 61.177.173.51 port 26793 [preauth]
Jul 28 15:06:29 sshVictim sshd[3850]: PAM 2 more authentication failures; logname= uid=0 euid=0 tty=ssh ruser= rhost=61.177.173.51  user=root
Jul 28 15:06:37 sshVictim sshd[3852]: Invalid user Centos from 179.60.147.127 port 47202
Jul 28 15:06:38 sshVictim sshd[3852]: pam_unix(sshd:auth): check pass; user unknown
Jul 28 15:06:38 sshVictim sshd[3852]: pam_unix(sshd:auth): authentication failure; logname= uid=0 euid=0 tty=ssh ruser= rhost=179.60.147.127 
Jul 28 15:06:40 sshVictim sshd[3852]: Failed password for invalid user Centos from 179.60.147.127 port 47202 ssh2
Jul 28 15:06:42 sshVictim sshd[3852]: Connection closed by invalid user Centos 179.60.147.127 port 47202 [preauth]
Jul 28 15:06:45 sshVictim sshd[3854]: Invalid user Centos from 179.60.147.127 port 47242
Jul 28 15:06:46 sshVictim sshd[3854]: pam_unix(sshd:auth): check pass; user unknown
Jul 28 15:06:46 sshVictim sshd[3854]: pam_unix(sshd:auth): authentication failure; logname= uid=0 euid=0 tty=ssh ruser= rhost=179.60.147.127 
Jul 28 15:06:47 sshVictim sshd[3854]: Failed password for invalid user Centos from 179.60.147.127 port 47242 ssh2
Jul 28 15:06:48 sshVictim sshd[3854]: Connection closed by invalid user Centos 179.60.147.127 port 47242 [preauth]
Jul 28 15:06:54 sshVictim sshd[3841]: fatal: Timeout before authentication for 218.92.0.221 port 36451
Jul 28 15:07:02 sshVictim sshd[3857]: pam_unix(sshd:auth): authentication failure; logname= uid=0 euid=0 tty=ssh ruser= rhost=128.199.6.13  user=root
Jul 28 15:07:04 sshVictim sshd[3857]: Failed password for root from 128.199.6.13 port 44388 ssh2
Jul 28 15:07:06 sshVictim sshd[3857]: Received disconnect from 128.199.6.13 port 44388:11: Bye Bye [preauth]
Jul 28 15:07:06 sshVictim sshd[3857]: Disconnected from authenticating user root 128.199.6.13 port 44388 [preauth]
Jul 28 15:07:06 sshVictim sshd[3843]: fatal: Timeout before authentication for 218.92.0.221 port 11627
Jul 28 15:07:34 sshVictim sshd[3859]: pam_unix(sshd:auth): authentication failure; logname= uid=0 euid=0 tty=ssh ruser= rhost=103.3.247.120  user=root
Jul 28 15:07:36 sshVictim sshd[3859]: Failed password for root from 103.3.247.120 port 55410 ssh2
Jul 28 15:07:38 sshVictim sshd[3859]: Received disconnect from 103.3.247.120 port 55410:11: Bye Bye [preauth]
Jul 28 15:07:38 sshVictim sshd[3859]: Disconnected from authenticating user root 103.3.247.120 port 55410 [preauth]
Jul 28 15:07:50 sshVictim sshd[3861]: pam_unix(sshd:auth): authentication failure; logname= uid=0 euid=0 tty=ssh ruser= rhost=43.154.114.5  user=root
Jul 28 15:07:52 sshVictim sshd[3861]: Failed password for root from 43.154.114.5 port 56412 ssh2
Jul 28 15:07:54 sshVictim sshd[3861]: Received disconnect from 43.154.114.5 port 56412:11: Bye Bye [preauth]
Jul 28 15:07:54 sshVictim sshd[3861]: Disconnected from authenticating user root 43.154.114.5 port 56412 [preauth]
Jul 28 15:08:28 sshVictim sshd[3863]: pam_unix(sshd:auth): authentication failure; logname= uid=0 euid=0 tty=ssh ruser= rhost=43.154.114.5  user=root
Jul 28 15:08:31 sshVictim sshd[3863]: Failed password for root from 43.154.114.5 port 34594 ssh2
Jul 28 15:08:32 sshVictim sshd[3863]: Received disconnect from 43.154.114.5 port 34594:11: Bye Bye [preauth]
Jul 28 15:08:32 sshVictim sshd[3863]: Disconnected from authenticating user root 43.154.114.5 port 34594 [preauth]
Jul 28 15:09:03 sshVictim sshd[3868]: pam_unix(sshd:auth): authentication failure; logname= uid=0 euid=0 tty=ssh ruser= rhost=43.154.114.5  user=root
Jul 28 15:09:05 sshVictim sshd[3868]: Failed password for root from 43.154.114.5 port 41010 ssh2
Jul 28 15:09:07 sshVictim sshd[3868]: Received disconnect from 43.154.114.5 port 41010:11: Bye Bye [preauth]
Jul 28 15:09:07 sshVictim sshd[3868]: Disconnected from authenticating user root 43.154.114.5 port 41010 [preauth]
Jul 28 15:09:39 sshVictim sshd[3870]: pam_unix(sshd:auth): authentication failure; logname= uid=0 euid=0 tty=ssh ruser= rhost=43.154.114.5  user=root
Jul 28 15:09:41 sshVictim sshd[3870]: Failed password for root from 43.154.114.5 port 47426 ssh2
Jul 28 15:09:41 sshVictim sshd[3870]: Received disconnect from 43.154.114.5 port 47426:11: Bye Bye [preauth]
Jul 28 15:09:41 sshVictim sshd[3870]: Disconnected from authenticating user root 43.154.114.5 port 47426 [preauth]
Jul 28 15:10:25 sshVictim sshd[3872]: pam_unix(sshd:auth): authentication failure; logname= uid=0 euid=0 tty=ssh ruser= rhost=43.154.114.5  user=root
Jul 28 15:10:28 sshVictim sshd[3872]: Failed password for root from 43.154.114.5 port 53854 ssh2
Jul 28 15:10:29 sshVictim sshd[3872]: Received disconnect from 43.154.114.5 port 53854:11: Bye Bye [preauth]
Jul 28 15:10:29 sshVictim sshd[3872]: Disconnected from authenticating user root 43.154.114.5 port 53854 [preauth]
Jul 28 15:10:37 sshVictim sshd[3865]: fatal: Timeout before authentication for 61.177.173.39 port 62750
Jul 28 15:10:38 sshVictim sshd[3875]: Invalid user admin from 193.108.118.36 port 21876
Jul 28 15:10:38 sshVictim sshd[3875]: pam_unix(sshd:auth): check pass; user unknown
Jul 28 15:10:38 sshVictim sshd[3875]: pam_unix(sshd:auth): authentication failure; logname= uid=0 euid=0 tty=ssh ruser= rhost=193.108.118.36 
Jul 28 15:10:40 sshVictim sshd[3875]: Failed password for invalid user admin from 193.108.118.36 port 21876 ssh2
Jul 28 15:10:42 sshVictim sshd[3875]: Connection closed by invalid user admin 193.108.118.36 port 21876 [preauth]
Jul 28 15:10:59 sshVictim sshd[3878]: pam_unix(sshd:auth): authentication failure; logname= uid=0 euid=0 tty=ssh ruser= rhost=128.199.6.13  user=root
Jul 28 15:11:02 sshVictim sshd[3880]: pam_unix(sshd:auth): authentication failure; logname= uid=0 euid=0 tty=ssh ruser= rhost=43.154.114.5  user=root
Jul 28 15:11:02 sshVictim sshd[3878]: Failed password for root from 128.199.6.13 port 32936 ssh2
Jul 28 15:11:03 sshVictim sshd[3878]: Received disconnect from 128.199.6.13 port 32936:11: Bye Bye [preauth]
Jul 28 15:11:03 sshVictim sshd[3878]: Disconnected from authenticating user root 128.199.6.13 port 32936 [preauth]
Jul 28 15:11:04 sshVictim sshd[3880]: Failed password for root from 43.154.114.5 port 60270 ssh2
Jul 28 15:11:06 sshVictim sshd[3880]: Received disconnect from 43.154.114.5 port 60270:11: Bye Bye [preauth]
Jul 28 15:11:06 sshVictim sshd[3880]: Disconnected from authenticating user root 43.154.114.5 port 60270 [preauth]
Jul 28 15:11:21 sshVictim sshd[3882]: pam_unix(sshd:auth): authentication failure; logname= uid=0 euid=0 tty=ssh ruser= rhost=103.3.247.120  user=root
Jul 28 15:11:22 sshVictim sshd[3882]: Failed password for root from 103.3.247.120 port 41456 ssh2
Jul 28 15:11:23 sshVictim sshd[3882]: Received disconnect from 103.3.247.120 port 41456:11: Bye Bye [preauth]
Jul 28 15:11:23 sshVictim sshd[3882]: Disconnected from authenticating user root 103.3.247.120 port 41456 [preauth]
Jul 28 15:11:39 sshVictim sshd[3884]: pam_unix(sshd:auth): authentication failure; logname= uid=0 euid=0 tty=ssh ruser= rhost=43.154.114.5  user=root
Jul 28 15:11:40 sshVictim sshd[3884]: Failed password for root from 43.154.114.5 port 38456 ssh2
Jul 28 15:11:41 sshVictim sshd[3884]: Received disconnect from 43.154.114.5 port 38456:11: Bye Bye [preauth]
Jul 28 15:11:41 sshVictim sshd[3884]: Disconnected from authenticating user root 43.154.114.5 port 38456 [preauth]
Jul 28 15:12:04 sshVictim sshd[3886]: pam_unix(sshd:auth): authentication failure; logname= uid=0 euid=0 tty=ssh ruser= rhost=128.199.6.13  user=root
Jul 28 15:12:06 sshVictim sshd[3886]: Failed password for root from 128.199.6.13 port 49762 ssh2
Jul 28 15:12:06 sshVictim sshd[3886]: Received disconnect from 128.199.6.13 port 49762:11: Bye Bye [preauth]
Jul 28 15:12:06 sshVictim sshd[3886]: Disconnected from authenticating user root 128.199.6.13 port 49762 [preauth]
Jul 28 15:12:15 sshVictim sshd[3888]: pam_unix(sshd:auth): authentication failure; logname= uid=0 euid=0 tty=ssh ruser= rhost=43.154.114.5  user=root
Jul 28 15:12:17 sshVictim sshd[3888]: Failed password for root from 43.154.114.5 port 44874 ssh2
Jul 28 15:12:18 sshVictim sshd[3888]: Received disconnect from 43.154.114.5 port 44874:11: Bye Bye [preauth]
Jul 28 15:12:18 sshVictim sshd[3888]: Disconnected from authenticating user root 43.154.114.5 port 44874 [preauth]
Jul 28 15:12:34 sshVictim sshd[3874]: fatal: Timeout before authentication for 61.177.173.56 port 18014
Jul 28 15:12:37 sshVictim sshd[3890]: pam_unix(sshd:auth): authentication failure; logname= uid=0 euid=0 tty=ssh ruser= rhost=103.3.247.120  user=root
Jul 28 15:12:39 sshVictim sshd[3890]: Failed password for root from 103.3.247.120 port 59150 ssh2
Jul 28 15:12:41 sshVictim sshd[3890]: Received disconnect from 103.3.247.120 port 59150:11: Bye Bye [preauth]
Jul 28 15:12:41 sshVictim sshd[3890]: Disconnected from authenticating user root 103.3.247.120 port 59150 [preauth]
Jul 28 15:12:55 sshVictim sshd[3892]: pam_unix(sshd:auth): authentication failure; logname= uid=0 euid=0 tty=ssh ruser= rhost=43.154.114.5  user=root
Jul 28 15:12:57 sshVictim sshd[3892]: Failed password for root from 43.154.114.5 port 51290 ssh2
Jul 28 15:12:59 sshVictim sshd[3892]: Received disconnect from 43.154.114.5 port 51290:11: Bye Bye [preauth]
Jul 28 15:12:59 sshVictim sshd[3892]: Disconnected from authenticating user root 43.154.114.5 port 51290 [preauth]
Jul 28 15:13:10 sshVictim sshd[3894]: pam_unix(sshd:auth): authentication failure; logname= uid=0 euid=0 tty=ssh ruser= rhost=128.199.6.13  user=root
Jul 28 15:13:12 sshVictim sshd[3894]: Failed password for root from 128.199.6.13 port 38354 ssh2
Jul 28 15:13:12 sshVictim sshd[3894]: Received disconnect from 128.199.6.13 port 38354:11: Bye Bye [preauth]
Jul 28 15:13:12 sshVictim sshd[3894]: Disconnected from authenticating user root 128.199.6.13 port 38354 [preauth]
Jul 28 15:13:35 sshVictim sshd[3896]: pam_unix(sshd:auth): authentication failure; logname= uid=0 euid=0 tty=ssh ruser= rhost=43.154.114.5  user=root
Jul 28 15:13:36 sshVictim sshd[3896]: Failed password for root from 43.154.114.5 port 57708 ssh2
Jul 28 15:13:37 sshVictim sshd[3896]: Received disconnect from 43.154.114.5 port 57708:11: Bye Bye [preauth]
Jul 28 15:13:37 sshVictim sshd[3896]: Disconnected from authenticating user root 43.154.114.5 port 57708 [preauth]
Jul 28 15:13:56 sshVictim sshd[3900]: pam_unix(sshd:auth): authentication failure; logname= uid=0 euid=0 tty=ssh ruser= rhost=103.3.247.120  user=root
Jul 28 15:13:58 sshVictim sshd[3900]: Failed password for root from 103.3.247.120 port 48612 ssh2
Jul 28 15:13:59 sshVictim sshd[3898]: Connection reset by 61.177.173.53 port 18221 [preauth]
Jul 28 15:14:00 sshVictim sshd[3900]: Received disconnect from 103.3.247.120 port 48612:11: Bye Bye [preauth]
Jul 28 15:14:00 sshVictim sshd[3900]: Disconnected from authenticating user root 103.3.247.120 port 48612 [preauth]
Jul 28 15:14:13 sshVictim sshd[3902]: pam_unix(sshd:auth): authentication failure; logname= uid=0 euid=0 tty=ssh ruser= rhost=43.154.114.5  user=root
Jul 28 15:14:15 sshVictim sshd[3902]: Failed password for root from 43.154.114.5 port 35898 ssh2
Jul 28 15:14:17 sshVictim sshd[3902]: Received disconnect from 43.154.114.5 port 35898:11: Bye Bye [preauth]
Jul 28 15:14:17 sshVictim sshd[3902]: Disconnected from authenticating user root 43.154.114.5 port 35898 [preauth]
Jul 28 15:14:22 sshVictim sshd[3904]: pam_unix(sshd:auth): authentication failure; logname= uid=0 euid=0 tty=ssh ruser= rhost=61.177.172.98  user=root
Jul 28 15:14:25 sshVictim sshd[3904]: Failed password for root from 61.177.172.98 port 63666 ssh2
Jul 28 15:14:31 sshVictim sshd[3904]: message repeated 2 times: [ Failed password for root from 61.177.172.98 port 63666 ssh2]
Jul 28 15:14:33 sshVictim sshd[3904]: Received disconnect from 61.177.172.98 port 63666:11:  [preauth]
Jul 28 15:14:33 sshVictim sshd[3904]: Disconnected from authenticating user root 61.177.172.98 port 63666 [preauth]
Jul 28 15:14:33 sshVictim sshd[3904]: PAM 2 more authentication failures; logname= uid=0 euid=0 tty=ssh ruser= rhost=61.177.172.98  user=root
Jul 28 15:14:47 sshVictim sshd[3909]: Invalid user server from 92.255.85.69 port 26674
Jul 28 15:14:47 sshVictim sshd[3909]: pam_unix(sshd:auth): check pass; user unknown
Jul 28 15:14:47 sshVictim sshd[3909]: pam_unix(sshd:auth): authentication failure; logname= uid=0 euid=0 tty=ssh ruser= rhost=92.255.85.69 
Jul 28 15:14:49 sshVictim sshd[3909]: Failed password for invalid user server from 92.255.85.69 port 26674 ssh2
Jul 28 15:14:50 sshVictim sshd[3912]: pam_unix(sshd:auth): authentication failure; logname= uid=0 euid=0 tty=ssh ruser= rhost=43.154.114.5  user=root
Jul 28 15:14:51 sshVictim sshd[3909]: Received disconnect from 92.255.85.69 port 26674:11: Bye Bye [preauth]
Jul 28 15:14:51 sshVictim sshd[3909]: Disconnected from invalid user server 92.255.85.69 port 26674 [preauth]
Jul 28 15:14:53 sshVictim sshd[3912]: Failed password for root from 43.154.114.5 port 42318 ssh2
Jul 28 15:14:54 sshVictim sshd[3914]: pam_unix(sshd:auth): authentication failure; logname= uid=0 euid=0 tty=ssh ruser= rhost=128.199.6.13  user=root
Jul 28 15:14:55 sshVictim sshd[3912]: Received disconnect from 43.154.114.5 port 42318:11: Bye Bye [preauth]
Jul 28 15:14:55 sshVictim sshd[3912]: Disconnected from authenticating user root 43.154.114.5 port 42318 [preauth]
Jul 28 15:14:57 sshVictim sshd[3914]: Failed password for root from 128.199.6.13 port 55016 ssh2
Jul 28 15:14:58 sshVictim sshd[3914]: Received disconnect from 128.199.6.13 port 55016:11: Bye Bye [preauth]
Jul 28 15:14:58 sshVictim sshd[3914]: Disconnected from authenticating user root 128.199.6.13 port 55016 [preauth]
Jul 28 15:15:09 sshVictim sshd[3908]: Connection reset by 61.177.172.98 port 60753 [preauth]
Jul 28 15:15:12 sshVictim sshd[3919]: pam_unix(sshd:auth): authentication failure; logname= uid=0 euid=0 tty=ssh ruser= rhost=103.3.247.120  user=root
Jul 28 15:15:14 sshVictim sshd[3919]: Failed password for root from 103.3.247.120 port 38072 ssh2
Jul 28 15:15:16 sshVictim sshd[3919]: Received disconnect from 103.3.247.120 port 38072:11: Bye Bye [preauth]
Jul 28 15:15:16 sshVictim sshd[3919]: Disconnected from authenticating user root 103.3.247.120 port 38072 [preauth]
Jul 28 15:15:35 sshVictim sshd[3921]: pam_unix(sshd:auth): authentication failure; logname= uid=0 euid=0 tty=ssh ruser= rhost=43.154.114.5  user=root
Jul 28 15:15:37 sshVictim sshd[3921]: Failed password for root from 43.154.114.5 port 48738 ssh2
Jul 28 15:15:39 sshVictim sshd[3921]: Received disconnect from 43.154.114.5 port 48738:11: Bye Bye [preauth]
Jul 28 15:15:39 sshVictim sshd[3921]: Disconnected from authenticating user root 43.154.114.5 port 48738 [preauth]
Jul 28 15:16:11 sshVictim sshd[3924]: pam_unix(sshd:auth): authentication failure; logname= uid=0 euid=0 tty=ssh ruser= rhost=128.199.6.13  user=root
Jul 28 15:16:13 sshVictim sshd[3926]: pam_unix(sshd:auth): authentication failure; logname= uid=0 euid=0 tty=ssh ruser= rhost=43.154.114.5  user=root
Jul 28 15:16:13 sshVictim sshd[3924]: Failed password for root from 128.199.6.13 port 43374 ssh2
Jul 28 15:16:13 sshVictim sshd[3924]: Received disconnect from 128.199.6.13 port 43374:11: Bye Bye [preauth]
Jul 28 15:16:13 sshVictim sshd[3924]: Disconnected from authenticating user root 128.199.6.13 port 43374 [preauth]
Jul 28 15:16:14 sshVictim sshd[3926]: Failed password for root from 43.154.114.5 port 55154 ssh2
Jul 28 15:16:15 sshVictim sshd[3926]: Received disconnect from 43.154.114.5 port 55154:11: Bye Bye [preauth]
Jul 28 15:16:15 sshVictim sshd[3926]: Disconnected from authenticating user root 43.154.114.5 port 55154 [preauth]
