Jul 28 14:40:44 sshVictim sshd[3496]: Disconnected from authenticating user root 137.184.219.69 port 51256 [preauth]
Jul 28 14:40:48 sshVictim sshd[3498]: pam_unix(sshd:auth): authentication failure; logname= uid=0 euid=0 tty=ssh ruser= rhost=23.95.115.90  user=root
Jul 28 14:40:49 sshVictim sshd[3500]: pam_unix(sshd:auth): authentication failure; logname= uid=0 euid=0 tty=ssh ruser= rhost=20.219.196.147  user=root
Jul 28 14:40:51 sshVictim sshd[3498]: Failed password for root from 23.95.115.90 port 58610 ssh2
Jul 28 14:40:51 sshVictim sshd[3500]: Failed password for root from 20.219.196.147 port 59662 ssh2
Jul 28 14:40:51 sshVictim sshd[3500]: Received disconnect from 20.219.196.147 port 59662:11: Bye Bye [preauth]
Jul 28 14:40:51 sshVictim sshd[3500]: Disconnected from authenticating user root 20.219.196.147 port 59662 [preauth]
Jul 28 14:40:52 sshVictim sshd[3498]: Received disconnect from 23.95.115.90 port 58610:11: Bye Bye [preauth]
Jul 28 14:40:52 sshVictim sshd[3498]: Disconnected from authenticating user root 23.95.115.90 port 58610 [preauth]
Jul 28 14:40:55 sshVictim sshd[3502]: Invalid user zachary from 46.101.214.249 port 59358
Jul 28 14:40:55 sshVictim sshd[3502]: pam_unix(sshd:auth): check pass; user unknown
Jul 28 14:40:55 sshVictim sshd[3502]: pam_unix(sshd:auth): authentication failure; logname= uid=0 euid=0 tty=ssh ruser= rhost=46.101.214.249 
Jul 28 14:40:57 sshVictim sshd[3502]: Failed password for invalid user zachary from 46.101.214.249 port 59358 ssh2
Jul 28 14:40:57 sshVictim sshd[3502]: Received disconnect from 46.101.214.249 port 59358:11: Bye Bye [preauth]
Jul 28 14:40:57 sshVictim sshd[3502]: Disconnected from invalid user zachary 46.101.214.249 port 59358 [preauth]
Jul 28 14:40:59 sshVictim sshd[3504]: pam_unix(sshd:auth): authentication failure; logname= uid=0 euid=0 tty=ssh ruser= rhost=193.228.110.131  user=bin
Jul 28 14:41:00 sshVictim sshd[3506]: Invalid user oracle from 46.101.106.10 port 42022
Jul 28 14:41:00 sshVictim sshd[3506]: pam_unix(sshd:auth): check pass; user unknown
Jul 28 14:41:00 sshVictim sshd[3506]: pam_unix(sshd:auth): authentication failure; logname= uid=0 euid=0 tty=ssh ruser= rhost=46.101.106.10 
Jul 28 14:41:01 sshVictim sshd[3504]: Failed password for bin from 193.228.110.131 port 41346 ssh2
Jul 28 14:41:02 sshVictim sshd[3506]: Failed password for invalid user oracle from 46.101.106.10 port 42022 ssh2
Jul 28 14:41:02 sshVictim sshd[3504]: Received disconnect from 193.228.110.131 port 41346:11: Bye Bye [preauth]
Jul 28 14:41:02 sshVictim sshd[3504]: Disconnected from authenticating user bin 193.228.110.131 port 41346 [preauth]
Jul 28 14:41:03 sshVictim sshd[3506]: Received disconnect from 46.101.106.10 port 42022:11: Bye Bye [preauth]
Jul 28 14:41:03 sshVictim sshd[3506]: Disconnected from invalid user oracle 46.101.106.10 port 42022 [preauth]
Jul 28 14:41:05 sshVictim sshd[3508]: Invalid user username from 200.219.222.220 port 55678
Jul 28 14:41:05 sshVictim sshd[3508]: pam_unix(sshd:auth): check pass; user unknown
Jul 28 14:41:05 sshVictim sshd[3508]: pam_unix(sshd:auth): authentication failure; logname= uid=0 euid=0 tty=ssh ruser= rhost=200.219.222.220 
Jul 28 14:41:07 sshVictim sshd[3508]: Failed password for invalid user username from 200.219.222.220 port 55678 ssh2
Jul 28 14:41:08 sshVictim sshd[3508]: Received disconnect from 200.219.222.220 port 55678:11: Bye Bye [preauth]
Jul 28 14:41:08 sshVictim sshd[3508]: Disconnected from invalid user username 200.219.222.220 port 55678 [preauth]
Jul 28 14:41:19 sshVictim sshd[3510]: Invalid user logstash from 178.62.108.63 port 39606
Jul 28 14:41:19 sshVictim sshd[3510]: pam_unix(sshd:auth): check pass; user unknown
Jul 28 14:41:19 sshVictim sshd[3510]: pam_unix(sshd:auth): authentication failure; logname= uid=0 euid=0 tty=ssh ruser= rhost=178.62.108.63 
Jul 28 14:41:21 sshVictim sshd[3510]: Failed password for invalid user logstash from 178.62.108.63 port 39606 ssh2
Jul 28 14:41:22 sshVictim sshd[3510]: Received disconnect from 178.62.108.63 port 39606:11: Bye Bye [preauth]
Jul 28 14:41:22 sshVictim sshd[3510]: Disconnected from invalid user logstash 178.62.108.63 port 39606 [preauth]
Jul 28 14:41:31 sshVictim sshd[3512]: pam_unix(sshd:auth): authentication failure; logname= uid=0 euid=0 tty=ssh ruser= rhost=143.110.190.255  user=root
Jul 28 14:41:32 sshVictim sshd[3512]: Failed password for root from 143.110.190.255 port 58540 ssh2
Jul 28 14:41:33 sshVictim sshd[3512]: Received disconnect from 143.110.190.255 port 58540:11: Bye Bye [preauth]
Jul 28 14:41:33 sshVictim sshd[3512]: Disconnected from authenticating user root 143.110.190.255 port 58540 [preauth]
Jul 28 14:41:34 sshVictim sshd[3514]: pam_unix(sshd:auth): authentication failure; logname= uid=0 euid=0 tty=ssh ruser= rhost=165.227.68.95  user=root
Jul 28 14:41:36 sshVictim sshd[3514]: Failed password for root from 165.227.68.95 port 60718 ssh2
Jul 28 14:41:38 sshVictim sshd[3514]: Received disconnect from 165.227.68.95 port 60718:11: Bye Bye [preauth]
Jul 28 14:41:38 sshVictim sshd[3514]: Disconnected from authenticating user root 165.227.68.95 port 60718 [preauth]
Jul 28 14:41:39 sshVictim sshd[3516]: pam_unix(sshd:auth): authentication failure; logname= uid=0 euid=0 tty=ssh ruser= rhost=103.37.83.26  user=root
Jul 28 14:41:42 sshVictim sshd[3516]: Failed password for root from 103.37.83.26 port 58727 ssh2
Jul 28 14:41:44 sshVictim sshd[3516]: Received disconnect from 103.37.83.26 port 58727:11: Bye Bye [preauth]
Jul 28 14:41:44 sshVictim sshd[3516]: Disconnected from authenticating user root 103.37.83.26 port 58727 [preauth]
Jul 28 14:41:48 sshVictim sshd[3518]: pam_unix(sshd:auth): authentication failure; logname= uid=0 euid=0 tty=ssh ruser= rhost=139.59.0.209  user=root
Jul 28 14:41:50 sshVictim sshd[3518]: Failed password for root from 139.59.0.209 port 57834 ssh2
Jul 28 14:41:52 sshVictim sshd[3520]: pam_unix(sshd:auth): authentication failure; logname= uid=0 euid=0 tty=ssh ruser= rhost=137.184.219.69  user=root
Jul 28 14:41:52 sshVictim sshd[3522]: pam_unix(sshd:auth): authentication failure; logname= uid=0 euid=0 tty=ssh ruser= rhost=23.95.115.90  user=root
Jul 28 14:41:52 sshVictim sshd[3518]: Received disconnect from 139.59.0.209 port 57834:11: Bye Bye [preauth]
Jul 28 14:41:52 sshVictim sshd[3518]: Disconnected from authenticating user root 139.59.0.209 port 57834 [preauth]
Jul 28 14:41:54 sshVictim sshd[3520]: Failed password for root from 137.184.219.69 port 39606 ssh2
Jul 28 14:41:54 sshVictim sshd[3522]: Failed password for root from 23.95.115.90 port 47240 ssh2
Jul 28 14:41:54 sshVictim sshd[3520]: Received disconnect from 137.184.219.69 port 39606:11: Bye Bye [preauth]
Jul 28 14:41:54 sshVictim sshd[3520]: Disconnected from authenticating user root 137.184.219.69 port 39606 [preauth]
Jul 28 14:41:54 sshVictim sshd[3522]: Received disconnect from 23.95.115.90 port 47240:11: Bye Bye [preauth]
Jul 28 14:41:54 sshVictim sshd[3522]: Disconnected from authenticating user root 23.95.115.90 port 47240 [preauth]
Jul 28 14:42:00 sshVictim sshd[3528]: Invalid user es from 46.101.214.249 port 48100
Jul 28 14:42:00 sshVictim sshd[3528]: pam_unix(sshd:auth): check pass; user unknown
Jul 28 14:42:00 sshVictim sshd[3528]: pam_unix(sshd:auth): authentication failure; logname= uid=0 euid=0 tty=ssh ruser= rhost=46.101.214.249 
Jul 28 14:42:00 sshVictim sshd[3526]: pam_unix(sshd:auth): authentication failure; logname= uid=0 euid=0 tty=ssh ruser= rhost=118.70.169.150  user=root
Jul 28 14:42:02 sshVictim sshd[3528]: Failed password for invalid user es from 46.101.214.249 port 48100 ssh2
Jul 28 14:42:02 sshVictim sshd[3526]: Failed password for root from 118.70.169.150 port 41860 ssh2
Jul 28 14:42:04 sshVictim sshd[3526]: Received disconnect from 118.70.169.150 port 41860:11: Bye Bye [preauth]
Jul 28 14:42:04 sshVictim sshd[3526]: Disconnected from authenticating user root 118.70.169.150 port 41860 [preauth]
Jul 28 14:42:04 sshVictim sshd[3528]: Received disconnect from 46.101.214.249 port 48100:11: Bye Bye [preauth]
Jul 28 14:42:04 sshVictim sshd[3528]: Disconnected from invalid user es 46.101.214.249 port 48100 [preauth]
Jul 28 14:42:05 sshVictim sshd[3530]: Invalid user mustafa from 193.228.110.131 port 57998
Jul 28 14:42:05 sshVictim sshd[3530]: pam_unix(sshd:auth): check pass; user unknown
Jul 28 14:42:05 sshVictim sshd[3530]: pam_unix(sshd:auth): authentication failure; logname= uid=0 euid=0 tty=ssh ruser= rhost=193.228.110.131 
Jul 28 14:42:05 sshVictim sshd[3532]: Invalid user glpi from 46.101.106.10 port 58994
Jul 28 14:42:05 sshVictim sshd[3532]: pam_unix(sshd:auth): check pass; user unknown
Jul 28 14:42:05 sshVictim sshd[3532]: pam_unix(sshd:auth): authentication failure; logname= uid=0 euid=0 tty=ssh ruser= rhost=46.101.106.10 
Jul 28 14:42:07 sshVictim sshd[3530]: Failed password for invalid user mustafa from 193.228.110.131 port 57998 ssh2
Jul 28 14:42:08 sshVictim sshd[3532]: Failed password for invalid user glpi from 46.101.106.10 port 58994 ssh2
Jul 28 14:42:08 sshVictim sshd[3534]: pam_unix(sshd:auth): authentication failure; logname= uid=0 euid=0 tty=ssh ruser= rhost=20.219.196.147  user=root
Jul 28 14:42:09 sshVictim sshd[3532]: Received disconnect from 46.101.106.10 port 58994:11: Bye Bye [preauth]
Jul 28 14:42:09 sshVictim sshd[3532]: Disconnected from invalid user glpi 46.101.106.10 port 58994 [preauth]
Jul 28 14:42:09 sshVictim sshd[3530]: Received disconnect from 193.228.110.131 port 57998:11: Bye Bye [preauth]
Jul 28 14:42:09 sshVictim sshd[3530]: Disconnected from invalid user mustafa 193.228.110.131 port 57998 [preauth]
Jul 28 14:42:10 sshVictim sshd[3534]: Failed password for root from 20.219.196.147 port 59754 ssh2
Jul 28 14:42:12 sshVictim sshd[3534]: Received disconnect from 20.219.196.147 port 59754:11: Bye Bye [preauth]
Jul 28 14:42:12 sshVictim sshd[3534]: Disconnected from authenticating user root 20.219.196.147 port 59754 [preauth]
Jul 28 14:42:21 sshVictim sshd[3536]: Invalid user murad from 200.219.222.220 port 43906
Jul 28 14:42:21 sshVictim sshd[3536]: pam_unix(sshd:auth): check pass; user unknown
Jul 28 14:42:21 sshVictim sshd[3536]: pam_unix(sshd:auth): authentication failure; logname= uid=0 euid=0 tty=ssh ruser= rhost=200.219.222.220 
Jul 28 14:42:23 sshVictim sshd[3536]: Failed password for invalid user murad from 200.219.222.220 port 43906 ssh2
Jul 28 14:42:23 sshVictim sshd[3536]: Received disconnect from 200.219.222.220 port 43906:11: Bye Bye [preauth]
Jul 28 14:42:23 sshVictim sshd[3536]: Disconnected from invalid user murad 200.219.222.220 port 43906 [preauth]
Jul 28 14:42:27 sshVictim sshd[3540]: Invalid user sw from 178.62.108.63 port 56458
Jul 28 14:42:27 sshVictim sshd[3540]: pam_unix(sshd:auth): check pass; user unknown
Jul 28 14:42:27 sshVictim sshd[3540]: pam_unix(sshd:auth): authentication failure; logname= uid=0 euid=0 tty=ssh ruser= rhost=178.62.108.63 
Jul 28 14:42:29 sshVictim sshd[3540]: Failed password for invalid user sw from 178.62.108.63 port 56458 ssh2
Jul 28 14:42:30 sshVictim sshd[3540]: Received disconnect from 178.62.108.63 port 56458:11: Bye Bye [preauth]
Jul 28 14:42:30 sshVictim sshd[3540]: Disconnected from invalid user sw 178.62.108.63 port 56458 [preauth]
Jul 28 14:42:39 sshVictim sshd[3542]: pam_unix(sshd:auth): authentication failure; logname= uid=0 euid=0 tty=ssh ruser= rhost=143.110.190.255  user=root
Jul 28 14:42:42 sshVictim sshd[3542]: Failed password for root from 143.110.190.255 port 46566 ssh2
Jul 28 14:42:43 sshVictim sshd[3542]: Received disconnect from 143.110.190.255 port 46566:11: Bye Bye [preauth]
Jul 28 14:42:43 sshVictim sshd[3542]: Disconnected from authenticating user root 143.110.190.255 port 46566 [preauth]
Jul 28 14:42:57 sshVictim sshd[3544]: pam_unix(sshd:auth): authentication failure; logname= uid=0 euid=0 tty=ssh ruser= rhost=165.227.68.95  user=root
Jul 28 14:42:59 sshVictim sshd[3546]: pam_unix(sshd:auth): authentication failure; logname= uid=0 euid=0 tty=ssh ruser= rhost=137.184.219.69  user=root
Jul 28 14:43:00 sshVictim sshd[3544]: Failed password for root from 165.227.68.95 port 49180 ssh2
Jul 28 14:43:00 sshVictim sshd[3548]: pam_unix(sshd:auth): authentication failure; logname= uid=0 euid=0 tty=ssh ruser= rhost=23.95.115.90  user=root
Jul 28 14:43:01 sshVictim sshd[3544]: Received disconnect from 165.227.68.95 port 49180:11: Bye Bye [preauth]
Jul 28 14:43:01 sshVictim sshd[3544]: Disconnected from authenticating user root 165.227.68.95 port 49180 [preauth]
Jul 28 14:43:01 sshVictim sshd[3550]: pam_unix(sshd:auth): authentication failure; logname= uid=0 euid=0 tty=ssh ruser= rhost=139.59.0.209  user=root
Jul 28 14:43:01 sshVictim sshd[3546]: Failed password for root from 137.184.219.69 port 56186 ssh2
Jul 28 14:43:02 sshVictim sshd[3548]: Failed password for root from 23.95.115.90 port 35864 ssh2
Jul 28 14:43:03 sshVictim sshd[3546]: Received disconnect from 137.184.219.69 port 56186:11: Bye Bye [preauth]
Jul 28 14:43:03 sshVictim sshd[3546]: Disconnected from authenticating user root 137.184.219.69 port 56186 [preauth]
Jul 28 14:43:03 sshVictim sshd[3550]: Failed password for root from 139.59.0.209 port 46408 ssh2
Jul 28 14:43:03 sshVictim sshd[3550]: Received disconnect from 139.59.0.209 port 46408:11: Bye Bye [preauth]
Jul 28 14:43:03 sshVictim sshd[3550]: Disconnected from authenticating user root 139.59.0.209 port 46408 [preauth]
Jul 28 14:43:04 sshVictim sshd[3548]: Received disconnect from 23.95.115.90 port 35864:11: Bye Bye [preauth]
Jul 28 14:43:04 sshVictim sshd[3548]: Disconnected from authenticating user root 23.95.115.90 port 35864 [preauth]
Jul 28 14:43:07 sshVictim sshd[3552]: Invalid user integra from 46.101.214.249 port 36840
Jul 28 14:43:07 sshVictim sshd[3552]: pam_unix(sshd:auth): check pass; user unknown
Jul 28 14:43:07 sshVictim sshd[3552]: pam_unix(sshd:auth): authentication failure; logname= uid=0 euid=0 tty=ssh ruser= rhost=46.101.214.249 
Jul 28 14:43:09 sshVictim sshd[3552]: Failed password for invalid user integra from 46.101.214.249 port 36840 ssh2
Jul 28 14:43:10 sshVictim sshd[3552]: Received disconnect from 46.101.214.249 port 36840:11: Bye Bye [preauth]
Jul 28 14:43:10 sshVictim sshd[3552]: Disconnected from invalid user integra 46.101.214.249 port 36840 [preauth]
Jul 28 14:43:11 sshVictim sshd[3554]: pam_unix(sshd:auth): authentication failure; logname= uid=0 euid=0 tty=ssh ruser= rhost=103.37.83.26  user=root
Jul 28 14:43:13 sshVictim sshd[3558]: Invalid user kassa from 193.228.110.131 port 46416
Jul 28 14:43:13 sshVictim sshd[3558]: pam_unix(sshd:auth): check pass; user unknown
Jul 28 14:43:13 sshVictim sshd[3558]: pam_unix(sshd:auth): authentication failure; logname= uid=0 euid=0 tty=ssh ruser= rhost=193.228.110.131 
Jul 28 14:43:13 sshVictim sshd[3560]: Invalid user zachary from 46.101.106.10 port 47744
Jul 28 14:43:13 sshVictim sshd[3560]: pam_unix(sshd:auth): check pass; user unknown
Jul 28 14:43:13 sshVictim sshd[3560]: pam_unix(sshd:auth): authentication failure; logname= uid=0 euid=0 tty=ssh ruser= rhost=46.101.106.10 
Jul 28 14:43:14 sshVictim sshd[3554]: Failed password for root from 103.37.83.26 port 38862 ssh2
Jul 28 14:43:15 sshVictim sshd[3558]: Failed password for invalid user kassa from 193.228.110.131 port 46416 ssh2
Jul 28 14:43:15 sshVictim sshd[3554]: Received disconnect from 103.37.83.26 port 38862:11: Bye Bye [preauth]
Jul 28 14:43:15 sshVictim sshd[3554]: Disconnected from authenticating user root 103.37.83.26 port 38862 [preauth]
Jul 28 14:43:16 sshVictim sshd[3560]: Failed password for invalid user zachary from 46.101.106.10 port 47744 ssh2
Jul 28 14:43:16 sshVictim sshd[3560]: Received disconnect from 46.101.106.10 port 47744:11: Bye Bye [preauth]
Jul 28 14:43:16 sshVictim sshd[3560]: Disconnected from invalid user zachary 46.101.106.10 port 47744 [preauth]
Jul 28 14:43:17 sshVictim sshd[3558]: Received disconnect from 193.228.110.131 port 46416:11: Bye Bye [preauth]
Jul 28 14:43:17 sshVictim sshd[3558]: Disconnected from invalid user kassa 193.228.110.131 port 46416 [preauth]
Jul 28 14:43:28 sshVictim sshd[3562]: pam_unix(sshd:auth): authentication failure; logname= uid=0 euid=0 tty=ssh ruser= rhost=118.70.169.150  user=root
Jul 28 14:43:30 sshVictim sshd[3562]: Failed password for root from 118.70.169.150 port 50133 ssh2
Jul 28 14:43:31 sshVictim sshd[3562]: Received disconnect from 118.70.169.150 port 50133:11: Bye Bye [preauth]
Jul 28 14:43:31 sshVictim sshd[3562]: Disconnected from authenticating user root 118.70.169.150 port 50133 [preauth]
Jul 28 14:43:33 sshVictim sshd[3566]: Invalid user herman from 178.62.108.63 port 45078
Jul 28 14:43:33 sshVictim sshd[3566]: pam_unix(sshd:auth): check pass; user unknown
Jul 28 14:43:33 sshVictim sshd[3566]: pam_unix(sshd:auth): authentication failure; logname= uid=0 euid=0 tty=ssh ruser= rhost=178.62.108.63 
Jul 28 14:43:33 sshVictim sshd[3564]: pam_unix(sshd:auth): authentication failure; logname= uid=0 euid=0 tty=ssh ruser= rhost=20.219.196.147  user=root
Jul 28 14:43:35 sshVictim sshd[3566]: Failed password for invalid user herman from 178.62.108.63 port 45078 ssh2
Jul 28 14:43:35 sshVictim sshd[3564]: Failed password for root from 20.219.196.147 port 59846 ssh2
Jul 28 14:43:36 sshVictim sshd[3566]: Received disconnect from 178.62.108.63 port 45078:11: Bye Bye [preauth]
Jul 28 14:43:36 sshVictim sshd[3566]: Disconnected from invalid user herman 178.62.108.63 port 45078 [preauth]
Jul 28 14:43:37 sshVictim sshd[3568]: Invalid user carlos from 200.219.222.220 port 60362
Jul 28 14:43:37 sshVictim sshd[3568]: pam_unix(sshd:auth): check pass; user unknown
Jul 28 14:43:37 sshVictim sshd[3568]: pam_unix(sshd:auth): authentication failure; logname= uid=0 euid=0 tty=ssh ruser= rhost=200.219.222.220 
Jul 28 14:43:37 sshVictim sshd[3564]: Received disconnect from 20.219.196.147 port 59846:11: Bye Bye [preauth]
Jul 28 14:43:37 sshVictim sshd[3564]: Disconnected from authenticating user root 20.219.196.147 port 59846 [preauth]
Jul 28 14:43:39 sshVictim sshd[3568]: Failed password for invalid user carlos from 200.219.222.220 port 60362 ssh2
Jul 28 14:43:39 sshVictim sshd[3568]: Received disconnect from 200.219.222.220 port 60362:11: Bye Bye [preauth]
Jul 28 14:43:39 sshVictim sshd[3568]: Disconnected from invalid user carlos 200.219.222.220 port 60362 [preauth]
Jul 28 14:43:49 sshVictim sshd[3572]: pam_unix(sshd:auth): authentication failure; logname= uid=0 euid=0 tty=ssh ruser= rhost=143.110.190.255  user=root
Jul 28 14:43:51 sshVictim sshd[3572]: Failed password for root from 143.110.190.255 port 34592 ssh2
Jul 28 14:43:53 sshVictim sshd[3572]: Received disconnect from 143.110.190.255 port 34592:11: Bye Bye [preauth]
Jul 28 14:43:53 sshVictim sshd[3572]: Disconnected from authenticating user root 143.110.190.255 port 34592 [preauth]
Jul 28 14:43:55 sshVictim sshd[3524]: fatal: Timeout before authentication for 61.177.172.19 port 50612
Jul 28 14:44:09 sshVictim sshd[3574]: pam_unix(sshd:auth): authentication failure; logname= uid=0 euid=0 tty=ssh ruser= rhost=23.95.115.90  user=root
Jul 28 14:44:10 sshVictim sshd[3576]: pam_unix(sshd:auth): authentication failure; logname= uid=0 euid=0 tty=ssh ruser= rhost=137.184.219.69  user=root
Jul 28 14:44:11 sshVictim sshd[3574]: Failed password for root from 23.95.115.90 port 52724 ssh2
Jul 28 14:44:12 sshVictim sshd[3576]: Failed password for root from 137.184.219.69 port 44532 ssh2
Jul 28 14:44:13 sshVictim sshd[3574]: Received disconnect from 23.95.115.90 port 52724:11: Bye Bye [preauth]
Jul 28 14:44:13 sshVictim sshd[3574]: Disconnected from authenticating user root 23.95.115.90 port 52724 [preauth]
Jul 28 14:44:14 sshVictim sshd[3576]: Received disconnect from 137.184.219.69 port 44532:11: Bye Bye [preauth]
Jul 28 14:44:14 sshVictim sshd[3576]: Disconnected from authenticating user root 137.184.219.69 port 44532 [preauth]
Jul 28 14:44:14 sshVictim sshd[3578]: Invalid user svnuser from 46.101.214.249 port 53802
Jul 28 14:44:14 sshVictim sshd[3578]: pam_unix(sshd:auth): check pass; user unknown
Jul 28 14:44:14 sshVictim sshd[3578]: pam_unix(sshd:auth): authentication failure; logname= uid=0 euid=0 tty=ssh ruser= rhost=46.101.214.249 
Jul 28 14:44:15 sshVictim sshd[3578]: Failed password for invalid user svnuser from 46.101.214.249 port 53802 ssh2
Jul 28 14:44:16 sshVictim sshd[3578]: Received disconnect from 46.101.214.249 port 53802:11: Bye Bye [preauth]
Jul 28 14:44:16 sshVictim sshd[3578]: Disconnected from invalid user svnuser 46.101.214.249 port 53802 [preauth]
Jul 28 14:44:17 sshVictim sshd[3580]: pam_unix(sshd:auth): authentication failure; logname= uid=0 euid=0 tty=ssh ruser= rhost=165.227.68.95  user=root
Jul 28 14:44:17 sshVictim sshd[3583]: Invalid user t from 46.101.106.10 port 36484
Jul 28 14:44:17 sshVictim sshd[3583]: pam_unix(sshd:auth): check pass; user unknown
Jul 28 14:44:17 sshVictim sshd[3583]: pam_unix(sshd:auth): authentication failure; logname= uid=0 euid=0 tty=ssh ruser= rhost=46.101.106.10 
Jul 28 14:44:18 sshVictim sshd[3582]: pam_unix(sshd:auth): authentication failure; logname= uid=0 euid=0 tty=ssh ruser= rhost=139.59.0.209  user=root
Jul 28 14:44:19 sshVictim sshd[3580]: Failed password for root from 165.227.68.95 port 37640 ssh2
Jul 28 14:44:20 sshVictim sshd[3583]: Failed password for invalid user t from 46.101.106.10 port 36484 ssh2
Jul 28 14:44:20 sshVictim sshd[3586]: Invalid user myftp from 193.228.110.131 port 34838
Jul 28 14:44:20 sshVictim sshd[3586]: pam_unix(sshd:auth): check pass; user unknown
Jul 28 14:44:20 sshVictim sshd[3586]: pam_unix(sshd:auth): authentication failure; logname= uid=0 euid=0 tty=ssh ruser= rhost=193.228.110.131 
Jul 28 14:44:21 sshVictim sshd[3582]: Failed password for root from 139.59.0.209 port 34982 ssh2
Jul 28 14:44:21 sshVictim sshd[3583]: Received disconnect from 46.101.106.10 port 36484:11: Bye Bye [preauth]
Jul 28 14:44:21 sshVictim sshd[3583]: Disconnected from invalid user t 46.101.106.10 port 36484 [preauth]
Jul 28 14:44:21 sshVictim sshd[3580]: Received disconnect from 165.227.68.95 port 37640:11: Bye Bye [preauth]
Jul 28 14:44:21 sshVictim sshd[3580]: Disconnected from authenticating user root 165.227.68.95 port 37640 [preauth]
Jul 28 14:44:21 sshVictim sshd[3538]: fatal: Timeout before authentication for 61.177.173.35 port 52344
Jul 28 14:44:22 sshVictim sshd[3586]: Failed password for invalid user myftp from 193.228.110.131 port 34838 ssh2
Jul 28 14:44:22 sshVictim sshd[3582]: Received disconnect from 139.59.0.209 port 34982:11: Bye Bye [preauth]
Jul 28 14:44:22 sshVictim sshd[3582]: Disconnected from authenticating user root 139.59.0.209 port 34982 [preauth]
Jul 28 14:44:24 sshVictim sshd[3586]: Received disconnect from 193.228.110.131 port 34838:11: Bye Bye [preauth]
Jul 28 14:44:24 sshVictim sshd[3586]: Disconnected from invalid user myftp 193.228.110.131 port 34838 [preauth]
Jul 28 14:44:42 sshVictim sshd[3588]: Invalid user dogbert from 178.62.108.63 port 33698
Jul 28 14:44:42 sshVictim sshd[3588]: pam_unix(sshd:auth): check pass; user unknown
Jul 28 14:44:42 sshVictim sshd[3588]: pam_unix(sshd:auth): authentication failure; logname= uid=0 euid=0 tty=ssh ruser= rhost=178.62.108.63 
Jul 28 14:44:44 sshVictim sshd[3590]: pam_unix(sshd:auth): authentication failure; logname= uid=0 euid=0 tty=ssh ruser= rhost=103.37.83.26  user=root
Jul 28 14:44:45 sshVictim sshd[3588]: Failed password for invalid user dogbert from 178.62.108.63 port 33698 ssh2
Jul 28 14:44:45 sshVictim sshd[3588]: Received disconnect from 178.62.108.63 port 33698:11: Bye Bye [preauth]
Jul 28 14:44:45 sshVictim sshd[3588]: Disconnected from invalid user dogbert 178.62.108.63 port 33698 [preauth]
Jul 28 14:44:46 sshVictim sshd[3590]: Failed password for root from 103.37.83.26 port 47228 ssh2
Jul 28 14:44:46 sshVictim sshd[3590]: Received disconnect from 103.37.83.26 port 47228:11: Bye Bye [preauth]
Jul 28 14:44:46 sshVictim sshd[3590]: Disconnected from authenticating user root 103.37.83.26 port 47228 [preauth]
Jul 28 14:44:51 sshVictim sshd[3595]: Invalid user superman from 200.219.222.220 port 48602
Jul 28 14:44:51 sshVictim sshd[3595]: pam_unix(sshd:auth): check pass; user unknown
Jul 28 14:44:51 sshVictim sshd[3595]: pam_unix(sshd:auth): authentication failure; logname= uid=0 euid=0 tty=ssh ruser= rhost=200.219.222.220 
Jul 28 14:44:52 sshVictim sshd[3597]: pam_unix(sshd:auth): authentication failure; logname= uid=0 euid=0 tty=ssh ruser= rhost=20.219.196.147  user=root
Jul 28 14:44:53 sshVictim sshd[3595]: Failed password for invalid user superman from 200.219.222.220 port 48602 ssh2
Jul 28 14:44:54 sshVictim sshd[3595]: Received disconnect from 200.219.222.220 port 48602:11: Bye Bye [preauth]
Jul 28 14:44:54 sshVictim sshd[3595]: Disconnected from invalid user superman 200.219.222.220 port 48602 [preauth]
Jul 28 14:44:55 sshVictim sshd[3597]: Failed password for root from 20.219.196.147 port 59934 ssh2
Jul 28 14:44:56 sshVictim sshd[3597]: Received disconnect from 20.219.196.147 port 59934:11: Bye Bye [preauth]
Jul 28 14:44:56 sshVictim sshd[3597]: Disconnected from authenticating user root 20.219.196.147 port 59934 [preauth]
Jul 28 14:44:56 sshVictim sshd[3599]: pam_unix(sshd:auth): authentication failure; logname= uid=0 euid=0 tty=ssh ruser= rhost=118.70.169.150  user=root
Jul 28 14:44:58 sshVictim sshd[3603]: pam_unix(sshd:auth): authentication failure; logname= uid=0 euid=0 tty=ssh ruser= rhost=143.110.190.255  user=root
Jul 28 14:44:58 sshVictim sshd[3599]: Failed password for root from 118.70.169.150 port 58407 ssh2
Jul 28 14:44:59 sshVictim sshd[3599]: Received disconnect from 118.70.169.150 port 58407:11: Bye Bye [preauth]
Jul 28 14:44:59 sshVictim sshd[3599]: Disconnected from authenticating user root 118.70.169.150 port 58407 [preauth]
Jul 28 14:45:00 sshVictim sshd[3603]: Failed password for root from 143.110.190.255 port 50850 ssh2
Jul 28 14:45:00 sshVictim sshd[3603]: Received disconnect from 143.110.190.255 port 50850:11: Bye Bye [preauth]
Jul 28 14:45:00 sshVictim sshd[3603]: Disconnected from authenticating user root 143.110.190.255 port 50850 [preauth]
Jul 28 14:45:12 sshVictim sshd[3556]: fatal: Timeout before authentication for 145.239.7.213 port 55664
Jul 28 14:45:12 sshVictim sshd[3557]: fatal: Timeout before authentication for 145.239.7.213 port 55668
Jul 28 14:45:15 sshVictim sshd[3605]: pam_unix(sshd:auth): authentication failure; logname= uid=0 euid=0 tty=ssh ruser= rhost=23.95.115.90  user=root
Jul 28 14:45:16 sshVictim sshd[3608]: pam_unix(sshd:auth): authentication failure; logname= uid=0 euid=0 tty=ssh ruser= rhost=137.184.219.69  user=root
Jul 28 14:45:16 sshVictim sshd[3607]: Invalid user PPAP from 46.101.214.249 port 42542
Jul 28 14:45:16 sshVictim sshd[3607]: pam_unix(sshd:auth): check pass; user unknown
Jul 28 14:45:16 sshVictim sshd[3607]: pam_unix(sshd:auth): authentication failure; logname= uid=0 euid=0 tty=ssh ruser= rhost=46.101.214.249 
Jul 28 14:45:17 sshVictim sshd[3605]: Failed password for root from 23.95.115.90 port 41348 ssh2
Jul 28 14:45:19 sshVictim sshd[3605]: Received disconnect from 23.95.115.90 port 41348:11: Bye Bye [preauth]
Jul 28 14:45:19 sshVictim sshd[3605]: Disconnected from authenticating user root 23.95.115.90 port 41348 [preauth]
Jul 28 14:45:19 sshVictim sshd[3608]: Failed password for root from 137.184.219.69 port 32880 ssh2
Jul 28 14:45:19 sshVictim sshd[3607]: Failed password for invalid user PPAP from 46.101.214.249 port 42542 ssh2
Jul 28 14:45:19 sshVictim sshd[3611]: Invalid user facturacion from 46.101.106.10 port 53456
Jul 28 14:45:19 sshVictim sshd[3611]: pam_unix(sshd:auth): check pass; user unknown
Jul 28 14:45:19 sshVictim sshd[3611]: pam_unix(sshd:auth): authentication failure; logname= uid=0 euid=0 tty=ssh ruser= rhost=46.101.106.10 
Jul 28 14:45:19 sshVictim sshd[3607]: Received disconnect from 46.101.214.249 port 42542:11: Bye Bye [preauth]
Jul 28 14:45:19 sshVictim sshd[3607]: Disconnected from invalid user PPAP 46.101.214.249 port 42542 [preauth]
Jul 28 14:45:20 sshVictim sshd[3608]: Received disconnect from 137.184.219.69 port 32880:11: Bye Bye [preauth]
Jul 28 14:45:20 sshVictim sshd[3608]: Disconnected from authenticating user root 137.184.219.69 port 32880 [preauth]
Jul 28 14:45:20 sshVictim sshd[3611]: Failed password for invalid user facturacion from 46.101.106.10 port 53456 ssh2
Jul 28 14:45:21 sshVictim sshd[3611]: Received disconnect from 46.101.106.10 port 53456:11: Bye Bye [preauth]
Jul 28 14:45:21 sshVictim sshd[3611]: Disconnected from invalid user facturacion 46.101.106.10 port 53456 [preauth]
Jul 28 14:45:30 sshVictim sshd[3615]: Invalid user support from 193.228.110.131 port 51492
Jul 28 14:45:30 sshVictim sshd[3615]: pam_unix(sshd:auth): check pass; user unknown
Jul 28 14:45:30 sshVictim sshd[3615]: pam_unix(sshd:auth): authentication failure; logname= uid=0 euid=0 tty=ssh ruser= rhost=193.228.110.131 
Jul 28 14:45:32 sshVictim sshd[3615]: Failed password for invalid user support from 193.228.110.131 port 51492 ssh2
Jul 28 14:45:32 sshVictim sshd[3617]: pam_unix(sshd:auth): authentication failure; logname= uid=0 euid=0 tty=ssh ruser= rhost=139.59.0.209  user=root
Jul 28 14:45:33 sshVictim sshd[3615]: Received disconnect from 193.228.110.131 port 51492:11: Bye Bye [preauth]
Jul 28 14:45:33 sshVictim sshd[3615]: Disconnected from invalid user support 193.228.110.131 port 51492 [preauth]
Jul 28 14:45:34 sshVictim sshd[3617]: Failed password for root from 139.59.0.209 port 51790 ssh2
Jul 28 14:45:34 sshVictim sshd[3617]: Received disconnect from 139.59.0.209 port 51790:11: Bye Bye [preauth]
Jul 28 14:45:34 sshVictim sshd[3617]: Disconnected from authenticating user root 139.59.0.209 port 51790 [preauth]
Jul 28 14:45:44 sshVictim sshd[3619]: pam_unix(sshd:auth): authentication failure; logname= uid=0 euid=0 tty=ssh ruser= rhost=165.227.68.95  user=root
Jul 28 14:45:46 sshVictim sshd[3619]: Failed password for root from 165.227.68.95 port 54660 ssh2
Jul 28 14:45:46 sshVictim sshd[3619]: Received disconnect from 165.227.68.95 port 54660:11: Bye Bye [preauth]
Jul 28 14:45:46 sshVictim sshd[3619]: Disconnected from authenticating user root 165.227.68.95 port 54660 [preauth]
Jul 28 14:45:48 sshVictim sshd[3622]: Invalid user upload from 178.62.108.63 port 50552
Jul 28 14:45:48 sshVictim sshd[3622]: pam_unix(sshd:auth): check pass; user unknown
Jul 28 14:45:48 sshVictim sshd[3622]: pam_unix(sshd:auth): authentication failure; logname= uid=0 euid=0 tty=ssh ruser= rhost=178.62.108.63 
Jul 28 14:45:50 sshVictim sshd[3622]: Failed password for invalid user upload from 178.62.108.63 port 50552 ssh2
Jul 28 14:45:52 sshVictim sshd[3622]: Received disconnect from 178.62.108.63 port 50552:11: Bye Bye [preauth]
Jul 28 14:45:52 sshVictim sshd[3622]: Disconnected from invalid user upload 178.62.108.63 port 50552 [preauth]
Jul 28 14:46:05 sshVictim sshd[3624]: Invalid user kim from 200.219.222.220 port 36824
Jul 28 14:46:05 sshVictim sshd[3624]: pam_unix(sshd:auth): check pass; user unknown
Jul 28 14:46:05 sshVictim sshd[3624]: pam_unix(sshd:auth): authentication failure; logname= uid=0 euid=0 tty=ssh ruser= rhost=200.219.222.220 
Jul 28 14:46:07 sshVictim sshd[3624]: Failed password for invalid user kim from 200.219.222.220 port 36824 ssh2
Jul 28 14:46:07 sshVictim sshd[3626]: pam_unix(sshd:auth): authentication failure; logname= uid=0 euid=0 tty=ssh ruser= rhost=143.110.190.255  user=root
Jul 28 14:46:09 sshVictim sshd[3626]: Failed password for root from 143.110.190.255 port 38876 ssh2
Jul 28 14:46:09 sshVictim sshd[3624]: Received disconnect from 200.219.222.220 port 36824:11: Bye Bye [preauth]
Jul 28 14:46:09 sshVictim sshd[3624]: Disconnected from invalid user kim 200.219.222.220 port 36824 [preauth]
Jul 28 14:46:09 sshVictim sshd[3626]: Received disconnect from 143.110.190.255 port 38876:11: Bye Bye [preauth]
Jul 28 14:46:09 sshVictim sshd[3626]: Disconnected from authenticating user root 143.110.190.255 port 38876 [preauth]
Jul 28 14:46:15 sshVictim sshd[3628]: pam_unix(sshd:auth): authentication failure; logname= uid=0 euid=0 tty=ssh ruser= rhost=20.219.196.147  user=root
Jul 28 14:46:17 sshVictim sshd[3628]: Failed password for root from 20.219.196.147 port 60026 ssh2
Jul 28 14:46:18 sshVictim sshd[3630]: Invalid user ingrid from 46.101.214.249 port 59512
Jul 28 14:46:18 sshVictim sshd[3630]: pam_unix(sshd:auth): check pass; user unknown
Jul 28 14:46:18 sshVictim sshd[3630]: pam_unix(sshd:auth): authentication failure; logname= uid=0 euid=0 tty=ssh ruser= rhost=46.101.214.249 
Jul 28 14:46:19 sshVictim sshd[3628]: Received disconnect from 20.219.196.147 port 60026:11: Bye Bye [preauth]
Jul 28 14:46:19 sshVictim sshd[3628]: Disconnected from authenticating user root 20.219.196.147 port 60026 [preauth]
Jul 28 14:46:19 sshVictim sshd[3636]: pam_unix(sshd:auth): authentication failure; logname= uid=0 euid=0 tty=ssh ruser= rhost=23.95.115.90  user=root
Jul 28 14:46:20 sshVictim sshd[3633]: Invalid user svnuser from 46.101.106.10 port 42196
Jul 28 14:46:20 sshVictim sshd[3633]: pam_unix(sshd:auth): check pass; user unknown
Jul 28 14:46:20 sshVictim sshd[3633]: pam_unix(sshd:auth): authentication failure; logname= uid=0 euid=0 tty=ssh ruser= rhost=46.101.106.10 
Jul 28 14:46:21 sshVictim sshd[3630]: Failed password for invalid user ingrid from 46.101.214.249 port 59512 ssh2
Jul 28 14:46:21 sshVictim sshd[3633]: Failed password for invalid user svnuser from 46.101.106.10 port 42196 ssh2
Jul 28 14:46:21 sshVictim sshd[3636]: Failed password for root from 23.95.115.90 port 58212 ssh2
Jul 28 14:46:21 sshVictim sshd[3638]: pam_unix(sshd:auth): authentication failure; logname= uid=0 euid=0 tty=ssh ruser= rhost=118.70.169.150  user=root
Jul 28 14:46:21 sshVictim sshd[3636]: Received disconnect from 23.95.115.90 port 58212:11: Bye Bye [preauth]
Jul 28 14:46:21 sshVictim sshd[3636]: Disconnected from authenticating user root 23.95.115.90 port 58212 [preauth]
Jul 28 14:46:22 sshVictim sshd[3632]: pam_unix(sshd:auth): authentication failure; logname= uid=0 euid=0 tty=ssh ruser= rhost=103.37.83.26  user=root
Jul 28 14:46:22 sshVictim sshd[3633]: Received disconnect from 46.101.106.10 port 42196:11: Bye Bye [preauth]
Jul 28 14:46:22 sshVictim sshd[3633]: Disconnected from invalid user svnuser 46.101.106.10 port 42196 [preauth]
Jul 28 14:46:22 sshVictim sshd[3630]: Received disconnect from 46.101.214.249 port 59512:11: Bye Bye [preauth]
Jul 28 14:46:22 sshVictim sshd[3630]: Disconnected from invalid user ingrid 46.101.214.249 port 59512 [preauth]
Jul 28 14:46:23 sshVictim sshd[3638]: Failed password for root from 118.70.169.150 port 33910 ssh2
Jul 28 14:46:23 sshVictim sshd[3638]: Received disconnect from 118.70.169.150 port 33910:11: Bye Bye [preauth]
Jul 28 14:46:23 sshVictim sshd[3638]: Disconnected from authenticating user root 118.70.169.150 port 33910 [preauth]
Jul 28 14:46:24 sshVictim sshd[3632]: Failed password for root from 103.37.83.26 port 55599 ssh2
Jul 28 14:46:26 sshVictim sshd[3632]: Received disconnect from 103.37.83.26 port 55599:11: Bye Bye [preauth]
Jul 28 14:46:26 sshVictim sshd[3632]: Disconnected from authenticating user root 103.37.83.26 port 55599 [preauth]
Jul 28 14:46:26 sshVictim sshd[3640]: pam_unix(sshd:auth): authentication failure; logname= uid=0 euid=0 tty=ssh ruser= rhost=137.184.219.69  user=root
Jul 28 14:46:28 sshVictim sshd[3640]: Failed password for root from 137.184.219.69 port 49460 ssh2
Jul 28 14:46:28 sshVictim sshd[3640]: Received disconnect from 137.184.219.69 port 49460:11: Bye Bye [preauth]
Jul 28 14:46:28 sshVictim sshd[3640]: Disconnected from authenticating user root 137.184.219.69 port 49460 [preauth]
Jul 28 14:46:37 sshVictim sshd[3642]: Invalid user linux from 193.228.110.131 port 39912
Jul 28 14:46:37 sshVictim sshd[3642]: pam_unix(sshd:auth): check pass; user unknown
Jul 28 14:46:37 sshVictim sshd[3642]: pam_unix(sshd:auth): authentication failure; logname= uid=0 euid=0 tty=ssh ruser= rhost=193.228.110.131 
Jul 28 14:46:38 sshVictim sshd[3642]: Failed password for invalid user linux from 193.228.110.131 port 39912 ssh2
Jul 28 14:46:40 sshVictim sshd[3642]: Received disconnect from 193.228.110.131 port 39912:11: Bye Bye [preauth]
Jul 28 14:46:40 sshVictim sshd[3642]: Disconnected from invalid user linux 193.228.110.131 port 39912 [preauth]
Jul 28 14:46:42 sshVictim sshd[3644]: pam_unix(sshd:auth): authentication failure; logname= uid=0 euid=0 tty=ssh ruser= rhost=139.59.0.209  user=root
Jul 28 14:46:44 sshVictim sshd[3644]: Failed password for root from 139.59.0.209 port 40364 ssh2
Jul 28 14:46:47 sshVictim sshd[3644]: Received disconnect from 139.59.0.209 port 40364:11: Bye Bye [preauth]
Jul 28 14:46:47 sshVictim sshd[3644]: Disconnected from authenticating user root 139.59.0.209 port 40364 [preauth]
Jul 28 14:46:47 sshVictim sshd[3592]: fatal: Timeout before authentication for 61.177.173.53 port 46222
Jul 28 14:46:55 sshVictim sshd[3647]: Invalid user y from 178.62.108.63 port 39174
Jul 28 14:46:55 sshVictim sshd[3647]: pam_unix(sshd:auth): check pass; user unknown
Jul 28 14:46:55 sshVictim sshd[3647]: pam_unix(sshd:auth): authentication failure; logname= uid=0 euid=0 tty=ssh ruser= rhost=178.62.108.63 
Jul 28 14:46:56 sshVictim sshd[3647]: Failed password for invalid user y from 178.62.108.63 port 39174 ssh2
Jul 28 14:46:56 sshVictim sshd[3601]: fatal: Timeout before authentication for 51.77.118.44 port 45960
Jul 28 14:46:56 sshVictim sshd[3602]: fatal: Timeout before authentication for 51.77.118.44 port 45966
Jul 28 14:46:57 sshVictim sshd[3647]: Received disconnect from 178.62.108.63 port 39174:11: Bye Bye [preauth]
Jul 28 14:46:57 sshVictim sshd[3647]: Disconnected from invalid user y 178.62.108.63 port 39174 [preauth]
Jul 28 14:47:02 sshVictim sshd[3649]: pam_unix(sshd:auth): authentication failure; logname= uid=0 euid=0 tty=ssh ruser= rhost=165.227.68.95  user=root
Jul 28 14:47:04 sshVictim sshd[3649]: Failed password for root from 165.227.68.95 port 43120 ssh2
Jul 28 14:47:04 sshVictim sshd[3649]: Received disconnect from 165.227.68.95 port 43120:11: Bye Bye [preauth]
Jul 28 14:47:04 sshVictim sshd[3649]: Disconnected from authenticating user root 165.227.68.95 port 43120 [preauth]
Jul 28 14:47:18 sshVictim sshd[3653]: Invalid user accounts from 200.219.222.220 port 53302
Jul 28 14:47:18 sshVictim sshd[3653]: pam_unix(sshd:auth): check pass; user unknown
Jul 28 14:47:18 sshVictim sshd[3653]: pam_unix(sshd:auth): authentication failure; logname= uid=0 euid=0 tty=ssh ruser= rhost=200.219.222.220 
Jul 28 14:47:18 sshVictim sshd[3651]: pam_unix(sshd:auth): authentication failure; logname= uid=0 euid=0 tty=ssh ruser= rhost=143.110.190.255  user=root
Jul 28 14:47:20 sshVictim sshd[3655]: Invalid user transfer from 46.101.106.10 port 59170
Jul 28 14:47:20 sshVictim sshd[3655]: pam_unix(sshd:auth): check pass; user unknown
Jul 28 14:47:20 sshVictim sshd[3655]: pam_unix(sshd:auth): authentication failure; logname= uid=0 euid=0 tty=ssh ruser= rhost=46.101.106.10 
Jul 28 14:47:20 sshVictim sshd[3653]: Failed password for invalid user accounts from 200.219.222.220 port 53302 ssh2
Jul 28 14:47:20 sshVictim sshd[3651]: Failed password for root from 143.110.190.255 port 55134 ssh2
Jul 28 14:47:20 sshVictim sshd[3653]: Received disconnect from 200.219.222.220 port 53302:11: Bye Bye [preauth]
Jul 28 14:47:20 sshVictim sshd[3653]: Disconnected from invalid user accounts 200.219.222.220 port 53302 [preauth]
Jul 28 14:47:21 sshVictim sshd[3657]: Invalid user sandbox from 46.101.214.249 port 48252
Jul 28 14:47:21 sshVictim sshd[3657]: pam_unix(sshd:auth): check pass; user unknown
Jul 28 14:47:21 sshVictim sshd[3657]: pam_unix(sshd:auth): authentication failure; logname= uid=0 euid=0 tty=ssh ruser= rhost=46.101.214.249 
Jul 28 14:47:22 sshVictim sshd[3655]: Failed password for invalid user transfer from 46.101.106.10 port 59170 ssh2
Jul 28 14:47:22 sshVictim sshd[3655]: Received disconnect from 46.101.106.10 port 59170:11: Bye Bye [preauth]
Jul 28 14:47:22 sshVictim sshd[3655]: Disconnected from invalid user transfer 46.101.106.10 port 59170 [preauth]
Jul 28 14:47:22 sshVictim sshd[3651]: Received disconnect from 143.110.190.255 port 55134:11: Bye Bye [preauth]
Jul 28 14:47:22 sshVictim sshd[3651]: Disconnected from authenticating user root 143.110.190.255 port 55134 [preauth]
Jul 28 14:47:22 sshVictim sshd[3659]: pam_unix(sshd:auth): authentication failure; logname= uid=0 euid=0 tty=ssh ruser= rhost=23.95.115.90  user=root
Jul 28 14:47:23 sshVictim sshd[3657]: Failed password for invalid user sandbox from 46.101.214.249 port 48252 ssh2
Jul 28 14:47:24 sshVictim sshd[3657]: Received disconnect from 46.101.214.249 port 48252:11: Bye Bye [preauth]
Jul 28 14:47:24 sshVictim sshd[3657]: Disconnected from invalid user sandbox 46.101.214.249 port 48252 [preauth]
Jul 28 14:47:24 sshVictim sshd[3659]: Failed password for root from 23.95.115.90 port 46838 ssh2
Jul 28 14:47:24 sshVictim sshd[3659]: Received disconnect from 23.95.115.90 port 46838:11: Bye Bye [preauth]
Jul 28 14:47:24 sshVictim sshd[3659]: Disconnected from authenticating user root 23.95.115.90 port 46838 [preauth]
Jul 28 14:47:33 sshVictim sshd[3661]: Invalid user user from 92.255.85.70 port 18572
Jul 28 14:47:33 sshVictim sshd[3661]: pam_unix(sshd:auth): check pass; user unknown
Jul 28 14:47:33 sshVictim sshd[3661]: pam_unix(sshd:auth): authentication failure; logname= uid=0 euid=0 tty=ssh ruser= rhost=92.255.85.70 
Jul 28 14:47:34 sshVictim sshd[3661]: Failed password for invalid user user from 92.255.85.70 port 18572 ssh2
Jul 28 14:47:35 sshVictim sshd[3661]: Received disconnect from 92.255.85.70 port 18572:11: Bye Bye [preauth]
Jul 28 14:47:35 sshVictim sshd[3661]: Disconnected from invalid user user 92.255.85.70 port 18572 [preauth]
Jul 28 14:47:36 sshVictim sshd[3663]: pam_unix(sshd:auth): authentication failure; logname= uid=0 euid=0 tty=ssh ruser= rhost=20.219.196.147  user=root
Jul 28 14:47:37 sshVictim sshd[3665]: pam_unix(sshd:auth): authentication failure; logname= uid=0 euid=0 tty=ssh ruser= rhost=137.184.219.69  user=root
Jul 28 14:47:38 sshVictim sshd[3663]: Failed password for root from 20.219.196.147 port 60120 ssh2
Jul 28 14:47:39 sshVictim sshd[3665]: Failed password for root from 137.184.219.69 port 37806 ssh2
Jul 28 14:47:39 sshVictim sshd[3665]: Received disconnect from 137.184.219.69 port 37806:11: Bye Bye [preauth]
Jul 28 14:47:39 sshVictim sshd[3665]: Disconnected from authenticating user root 137.184.219.69 port 37806 [preauth]
Jul 28 14:47:40 sshVictim sshd[3663]: Received disconnect from 20.219.196.147 port 60120:11: Bye Bye [preauth]
Jul 28 14:47:40 sshVictim sshd[3663]: Disconnected from authenticating user root 20.219.196.147 port 60120 [preauth]
Jul 28 14:47:46 sshVictim sshd[3667]: Invalid user kim from 193.228.110.131 port 56564
Jul 28 14:47:46 sshVictim sshd[3667]: pam_unix(sshd:auth): check pass; user unknown
Jul 28 14:47:46 sshVictim sshd[3667]: pam_unix(sshd:auth): authentication failure; logname= uid=0 euid=0 tty=ssh ruser= rhost=193.228.110.131 
Jul 28 14:47:48 sshVictim sshd[3667]: Failed password for invalid user kim from 193.228.110.131 port 56564 ssh2
Jul 28 14:47:49 sshVictim sshd[3669]: pam_unix(sshd:auth): authentication failure; logname= uid=0 euid=0 tty=ssh ruser= rhost=118.70.169.150  user=root
Jul 28 14:47:50 sshVictim sshd[3667]: Received disconnect from 193.228.110.131 port 56564:11: Bye Bye [preauth]
Jul 28 14:47:50 sshVictim sshd[3667]: Disconnected from invalid user kim 193.228.110.131 port 56564 [preauth]
Jul 28 14:47:51 sshVictim sshd[3669]: Failed password for root from 118.70.169.150 port 46715 ssh2
Jul 28 14:47:51 sshVictim sshd[3669]: Received disconnect from 118.70.169.150 port 46715:11: Bye Bye [preauth]
Jul 28 14:47:51 sshVictim sshd[3669]: Disconnected from authenticating user root 118.70.169.150 port 46715 [preauth]
Jul 28 14:47:57 sshVictim sshd[3671]: pam_unix(sshd:auth): authentication failure; logname= uid=0 euid=0 tty=ssh ruser= rhost=139.59.0.209  user=root
Jul 28 14:47:58 sshVictim sshd[3673]: pam_unix(sshd:auth): authentication failure; logname= uid=0 euid=0 tty=ssh ruser= rhost=103.37.83.26  user=root
Jul 28 14:47:59 sshVictim sshd[3671]: Failed password for root from 139.59.0.209 port 57170 ssh2
Jul 28 14:47:59 sshVictim sshd[3671]: Received disconnect from 139.59.0.209 port 57170:11: Bye Bye [preauth]
Jul 28 14:47:59 sshVictim sshd[3671]: Disconnected from authenticating user root 139.59.0.209 port 57170 [preauth]
Jul 28 14:48:00 sshVictim sshd[3673]: Failed password for root from 103.37.83.26 port 35732 ssh2
Jul 28 14:48:02 sshVictim sshd[3673]: Received disconnect from 103.37.83.26 port 35732:11: Bye Bye [preauth]
Jul 28 14:48:02 sshVictim sshd[3673]: Disconnected from authenticating user root 103.37.83.26 port 35732 [preauth]
Jul 28 14:48:02 sshVictim sshd[3675]: Invalid user honda from 178.62.108.63 port 56026
Jul 28 14:48:02 sshVictim sshd[3675]: pam_unix(sshd:auth): check pass; user unknown
Jul 28 14:48:02 sshVictim sshd[3675]: pam_unix(sshd:auth): authentication failure; logname= uid=0 euid=0 tty=ssh ruser= rhost=178.62.108.63 
Jul 28 14:48:04 sshVictim sshd[3675]: Failed password for invalid user honda from 178.62.108.63 port 56026 ssh2
Jul 28 14:48:05 sshVictim sshd[3675]: Received disconnect from 178.62.108.63 port 56026:11: Bye Bye [preauth]
Jul 28 14:48:05 sshVictim sshd[3675]: Disconnected from invalid user honda 178.62.108.63 port 56026 [preauth]
Jul 28 14:48:25 sshVictim sshd[3677]: Invalid user t from 46.101.214.249 port 36998
Jul 28 14:48:25 sshVictim sshd[3677]: pam_unix(sshd:auth): check pass; user unknown
Jul 28 14:48:25 sshVictim sshd[3677]: pam_unix(sshd:auth): authentication failure; logname= uid=0 euid=0 tty=ssh ruser= rhost=46.101.214.249 
Jul 28 14:48:27 sshVictim sshd[3677]: Failed password for invalid user t from 46.101.214.249 port 36998 ssh2
Jul 28 14:48:28 sshVictim sshd[3677]: Received disconnect from 46.101.214.249 port 36998:11: Bye Bye [preauth]
Jul 28 14:48:28 sshVictim sshd[3677]: Disconnected from invalid user t 46.101.214.249 port 36998 [preauth]
Jul 28 14:48:30 sshVictim sshd[3679]: pam_unix(sshd:auth): authentication failure; logname= uid=0 euid=0 tty=ssh ruser= rhost=143.110.190.255  user=root
Jul 28 14:48:32 sshVictim sshd[3679]: Failed password for root from 143.110.190.255 port 43160 ssh2
Jul 28 14:48:34 sshVictim sshd[3679]: Received disconnect from 143.110.190.255 port 43160:11: Bye Bye [preauth]
Jul 28 14:48:34 sshVictim sshd[3679]: Disconnected from authenticating user root 143.110.190.255 port 43160 [preauth]
Jul 28 14:48:35 sshVictim sshd[3683]: Invalid user user from 200.219.222.220 port 41532
Jul 28 14:48:35 sshVictim sshd[3683]: pam_unix(sshd:auth): check pass; user unknown
Jul 28 14:48:35 sshVictim sshd[3683]: pam_unix(sshd:auth): authentication failure; logname= uid=0 euid=0 tty=ssh ruser= rhost=200.219.222.220 
Jul 28 14:48:35 sshVictim sshd[3681]: pam_unix(sshd:auth): authentication failure; logname= uid=0 euid=0 tty=ssh ruser= rhost=165.227.68.95  user=root
Jul 28 14:48:37 sshVictim sshd[3683]: Failed password for invalid user user from 200.219.222.220 port 41532 ssh2
Jul 28 14:48:37 sshVictim sshd[3683]: Received disconnect from 200.219.222.220 port 41532:11: Bye Bye [preauth]
Jul 28 14:48:37 sshVictim sshd[3683]: Disconnected from invalid user user 200.219.222.220 port 41532 [preauth]
Jul 28 14:48:37 sshVictim sshd[3681]: Failed password for root from 165.227.68.95 port 59998 ssh2
Jul 28 14:48:37 sshVictim sshd[3681]: Received disconnect from 165.227.68.95 port 59998:11: Bye Bye [preauth]
Jul 28 14:48:37 sshVictim sshd[3681]: Disconnected from authenticating user root 165.227.68.95 port 59998 [preauth]
Jul 28 14:48:41 sshVictim sshd[3685]: pam_unix(sshd:auth): authentication failure; logname= uid=0 euid=0 tty=ssh ruser= rhost=137.184.219.69  user=root
Jul 28 14:48:44 sshVictim sshd[3685]: Failed password for root from 137.184.219.69 port 54384 ssh2
Jul 28 14:48:45 sshVictim sshd[3685]: Received disconnect from 137.184.219.69 port 54384:11: Bye Bye [preauth]
Jul 28 14:48:45 sshVictim sshd[3685]: Disconnected from authenticating user root 137.184.219.69 port 54384 [preauth]
Jul 28 14:48:57 sshVictim sshd[3687]: Invalid user test from 193.228.110.131 port 44986
Jul 28 14:48:57 sshVictim sshd[3687]: pam_unix(sshd:auth): check pass; user unknown
Jul 28 14:48:57 sshVictim sshd[3687]: pam_unix(sshd:auth): authentication failure; logname= uid=0 euid=0 tty=ssh ruser= rhost=193.228.110.131 
Jul 28 14:48:59 sshVictim sshd[3687]: Failed password for invalid user test from 193.228.110.131 port 44986 ssh2
Jul 28 14:48:59 sshVictim sshd[3689]: pam_unix(sshd:auth): authentication failure; logname= uid=0 euid=0 tty=ssh ruser= rhost=20.219.196.147  user=root
Jul 28 14:48:59 sshVictim sshd[3687]: Received disconnect from 193.228.110.131 port 44986:11: Bye Bye [preauth]
Jul 28 14:48:59 sshVictim sshd[3687]: Disconnected from invalid user test 193.228.110.131 port 44986 [preauth]
Jul 28 14:49:02 sshVictim sshd[3689]: Failed password for root from 20.219.196.147 port 60218 ssh2
Jul 28 14:49:03 sshVictim sshd[3689]: Received disconnect from 20.219.196.147 port 60218:11: Bye Bye [preauth]
Jul 28 14:49:03 sshVictim sshd[3689]: Disconnected from authenticating user root 20.219.196.147 port 60218 [preauth]
Jul 28 14:49:11 sshVictim sshd[3693]: Invalid user user2 from 178.62.108.63 port 44646
Jul 28 14:49:11 sshVictim sshd[3693]: pam_unix(sshd:auth): check pass; user unknown
Jul 28 14:49:11 sshVictim sshd[3693]: pam_unix(sshd:auth): authentication failure; logname= uid=0 euid=0 tty=ssh ruser= rhost=178.62.108.63 
Jul 28 14:49:11 sshVictim sshd[3691]: pam_unix(sshd:auth): authentication failure; logname= uid=0 euid=0 tty=ssh ruser= rhost=139.59.0.209  user=root
Jul 28 14:49:14 sshVictim sshd[3693]: Failed password for invalid user user2 from 178.62.108.63 port 44646 ssh2
Jul 28 14:49:14 sshVictim sshd[3691]: Failed password for root from 139.59.0.209 port 45744 ssh2
Jul 28 14:49:15 sshVictim sshd[3691]: Received disconnect from 139.59.0.209 port 45744:11: Bye Bye [preauth]
