Jul 28 14:24:36 sshVictim sshd[3072]: pam_unix(sshd:auth): authentication failure; logname= uid=0 euid=0 tty=ssh ruser= rhost=46.101.214.249 
Jul 28 14:24:37 sshVictim sshd[3071]: pam_unix(sshd:auth): authentication failure; logname= uid=0 euid=0 tty=ssh ruser= rhost=143.110.190.255  user=root
Jul 28 14:24:38 sshVictim sshd[3072]: Failed password for invalid user dc from 46.101.214.249 port 58886 ssh2
Jul 28 14:24:39 sshVictim sshd[3071]: Failed password for root from 143.110.190.255 port 56782 ssh2
Jul 28 14:24:39 sshVictim sshd[3072]: Received disconnect from 46.101.214.249 port 58886:11: Bye Bye [preauth]
Jul 28 14:24:39 sshVictim sshd[3072]: Disconnected from invalid user dc 46.101.214.249 port 58886 [preauth]
Jul 28 14:24:41 sshVictim sshd[3071]: Received disconnect from 143.110.190.255 port 56782:11: Bye Bye [preauth]
Jul 28 14:24:41 sshVictim sshd[3071]: Disconnected from authenticating user root 143.110.190.255 port 56782 [preauth]
Jul 28 14:24:41 sshVictim sshd[3075]: pam_unix(sshd:auth): authentication failure; logname= uid=0 euid=0 tty=ssh ruser= rhost=20.219.196.147  user=root
Jul 28 14:24:43 sshVictim sshd[3075]: Failed password for root from 20.219.196.147 port 58562 ssh2
Jul 28 14:24:45 sshVictim sshd[3075]: Received disconnect from 20.219.196.147 port 58562:11: Bye Bye [preauth]
Jul 28 14:24:45 sshVictim sshd[3075]: Disconnected from authenticating user root 20.219.196.147 port 58562 [preauth]
Jul 28 14:24:48 sshVictim sshd[3079]: Invalid user ems from 178.62.108.63 port 57748
Jul 28 14:24:48 sshVictim sshd[3079]: pam_unix(sshd:auth): check pass; user unknown
Jul 28 14:24:48 sshVictim sshd[3079]: pam_unix(sshd:auth): authentication failure; logname= uid=0 euid=0 tty=ssh ruser= rhost=178.62.108.63 
Jul 28 14:24:51 sshVictim sshd[3082]: Invalid user emil from 46.101.106.10 port 41508
Jul 28 14:24:51 sshVictim sshd[3082]: pam_unix(sshd:auth): check pass; user unknown
Jul 28 14:24:51 sshVictim sshd[3082]: pam_unix(sshd:auth): authentication failure; logname= uid=0 euid=0 tty=ssh ruser= rhost=46.101.106.10 
Jul 28 14:24:51 sshVictim sshd[3079]: Failed password for invalid user ems from 178.62.108.63 port 57748 ssh2
Jul 28 14:24:53 sshVictim sshd[3079]: Received disconnect from 178.62.108.63 port 57748:11: Bye Bye [preauth]
Jul 28 14:24:53 sshVictim sshd[3079]: Disconnected from invalid user ems 178.62.108.63 port 57748 [preauth]
Jul 28 14:24:53 sshVictim sshd[3082]: Failed password for invalid user emil from 46.101.106.10 port 41508 ssh2
Jul 28 14:24:53 sshVictim sshd[3082]: Received disconnect from 46.101.106.10 port 41508:11: Bye Bye [preauth]
Jul 28 14:24:53 sshVictim sshd[3082]: Disconnected from invalid user emil 46.101.106.10 port 41508 [preauth]
Jul 28 14:24:53 sshVictim sshd[3086]: Invalid user maciek from 200.219.222.220 port 39156
Jul 28 14:24:53 sshVictim sshd[3086]: pam_unix(sshd:auth): check pass; user unknown
Jul 28 14:24:53 sshVictim sshd[3086]: pam_unix(sshd:auth): authentication failure; logname= uid=0 euid=0 tty=ssh ruser= rhost=200.219.222.220 
Jul 28 14:24:55 sshVictim sshd[3086]: Failed password for invalid user maciek from 200.219.222.220 port 39156 ssh2
Jul 28 14:24:55 sshVictim sshd[3086]: Received disconnect from 200.219.222.220 port 39156:11: Bye Bye [preauth]
Jul 28 14:24:55 sshVictim sshd[3086]: Disconnected from invalid user maciek 200.219.222.220 port 39156 [preauth]
Jul 28 14:24:57 sshVictim sshd[3088]: pam_unix(sshd:auth): authentication failure; logname= uid=0 euid=0 tty=ssh ruser= rhost=118.70.169.150  user=root
Jul 28 14:24:58 sshVictim sshd[3088]: Failed password for root from 118.70.169.150 port 55566 ssh2
Jul 28 14:24:59 sshVictim sshd[3088]: Received disconnect from 118.70.169.150 port 55566:11: Bye Bye [preauth]
Jul 28 14:24:59 sshVictim sshd[3088]: Disconnected from authenticating user root 118.70.169.150 port 55566 [preauth]
Jul 28 14:25:15 sshVictim sshd[3090]: pam_unix(sshd:auth): authentication failure; logname= uid=0 euid=0 tty=ssh ruser= rhost=137.184.219.69  user=root
Jul 28 14:25:16 sshVictim sshd[3090]: Failed password for root from 137.184.219.69 port 33344 ssh2
Jul 28 14:25:17 sshVictim sshd[3090]: Received disconnect from 137.184.219.69 port 33344:11: Bye Bye [preauth]
Jul 28 14:25:17 sshVictim sshd[3090]: Disconnected from authenticating user root 137.184.219.69 port 33344 [preauth]
Jul 28 14:25:17 sshVictim sshd[3092]: Invalid user username from 193.228.110.131 port 34064
Jul 28 14:25:17 sshVictim sshd[3092]: pam_unix(sshd:auth): check pass; user unknown
Jul 28 14:25:17 sshVictim sshd[3092]: pam_unix(sshd:auth): authentication failure; logname= uid=0 euid=0 tty=ssh ruser= rhost=193.228.110.131 
Jul 28 14:25:19 sshVictim sshd[3092]: Failed password for invalid user username from 193.228.110.131 port 34064 ssh2
Jul 28 14:25:20 sshVictim sshd[3092]: Received disconnect from 193.228.110.131 port 34064:11: Bye Bye [preauth]
Jul 28 14:25:20 sshVictim sshd[3092]: Disconnected from invalid user username 193.228.110.131 port 34064 [preauth]
Jul 28 14:25:25 sshVictim sshd[3094]: pam_unix(sshd:auth): authentication failure; logname= uid=0 euid=0 tty=ssh ruser= rhost=139.59.0.209  user=root
Jul 28 14:25:27 sshVictim sshd[3094]: Failed password for root from 139.59.0.209 port 36972 ssh2
Jul 28 14:25:29 sshVictim sshd[3094]: Received disconnect from 139.59.0.209 port 36972:11: Bye Bye [preauth]
Jul 28 14:25:29 sshVictim sshd[3094]: Disconnected from authenticating user root 139.59.0.209 port 36972 [preauth]
Jul 28 14:25:35 sshVictim sshd[3054]: fatal: Timeout before authentication for 61.177.173.51 port 40127
Jul 28 14:25:39 sshVictim sshd[3096]: pam_unix(sshd:auth): authentication failure; logname= uid=0 euid=0 tty=ssh ruser= rhost=23.95.115.90  user=root
Jul 28 14:25:41 sshVictim sshd[3096]: Failed password for root from 23.95.115.90 port 48414 ssh2
Jul 28 14:25:41 sshVictim sshd[3098]: Invalid user sabnzbd from 46.101.214.249 port 47626
Jul 28 14:25:41 sshVictim sshd[3098]: pam_unix(sshd:auth): check pass; user unknown
Jul 28 14:25:41 sshVictim sshd[3098]: pam_unix(sshd:auth): authentication failure; logname= uid=0 euid=0 tty=ssh ruser= rhost=46.101.214.249 
Jul 28 14:25:41 sshVictim sshd[3096]: Received disconnect from 23.95.115.90 port 48414:11: Bye Bye [preauth]
Jul 28 14:25:41 sshVictim sshd[3096]: Disconnected from authenticating user root 23.95.115.90 port 48414 [preauth]
Jul 28 14:25:43 sshVictim sshd[3098]: Failed password for invalid user sabnzbd from 46.101.214.249 port 47626 ssh2
Jul 28 14:25:45 sshVictim sshd[3098]: Received disconnect from 46.101.214.249 port 47626:11: Bye Bye [preauth]
Jul 28 14:25:45 sshVictim sshd[3098]: Disconnected from invalid user sabnzbd 46.101.214.249 port 47626 [preauth]
Jul 28 14:25:46 sshVictim sshd[3100]: pam_unix(sshd:auth): authentication failure; logname= uid=0 euid=0 tty=ssh ruser= rhost=103.37.83.26  user=root
Jul 28 14:25:47 sshVictim sshd[3102]: pam_unix(sshd:auth): authentication failure; logname= uid=0 euid=0 tty=ssh ruser= rhost=143.110.190.255  user=root
Jul 28 14:25:48 sshVictim sshd[3100]: Failed password for root from 103.37.83.26 port 59720 ssh2
Jul 28 14:25:50 sshVictim sshd[3102]: Failed password for root from 143.110.190.255 port 44808 ssh2
Jul 28 14:25:50 sshVictim sshd[3100]: Received disconnect from 103.37.83.26 port 59720:11: Bye Bye [preauth]
Jul 28 14:25:50 sshVictim sshd[3100]: Disconnected from authenticating user root 103.37.83.26 port 59720 [preauth]
Jul 28 14:25:52 sshVictim sshd[3102]: Received disconnect from 143.110.190.255 port 44808:11: Bye Bye [preauth]
Jul 28 14:25:52 sshVictim sshd[3102]: Disconnected from authenticating user root 143.110.190.255 port 44808 [preauth]
Jul 28 14:25:53 sshVictim sshd[3104]: pam_unix(sshd:auth): authentication failure; logname= uid=0 euid=0 tty=ssh ruser= rhost=20.219.196.147  user=root
Jul 28 14:25:55 sshVictim sshd[3104]: Failed password for root from 20.219.196.147 port 58650 ssh2
Jul 28 14:25:56 sshVictim sshd[3104]: Received disconnect from 20.219.196.147 port 58650:11: Bye Bye [preauth]
Jul 28 14:25:56 sshVictim sshd[3104]: Disconnected from authenticating user root 20.219.196.147 port 58650 [preauth]
Jul 28 14:25:58 sshVictim sshd[3108]: Invalid user ubuntu from 46.101.106.10 port 58486
Jul 28 14:25:58 sshVictim sshd[3108]: pam_unix(sshd:auth): check pass; user unknown
Jul 28 14:25:58 sshVictim sshd[3108]: pam_unix(sshd:auth): authentication failure; logname= uid=0 euid=0 tty=ssh ruser= rhost=46.101.106.10 
Jul 28 14:26:00 sshVictim sshd[3108]: Failed password for invalid user ubuntu from 46.101.106.10 port 58486 ssh2
Jul 28 14:26:01 sshVictim sshd[3108]: Received disconnect from 46.101.106.10 port 58486:11: Bye Bye [preauth]
Jul 28 14:26:01 sshVictim sshd[3108]: Disconnected from invalid user ubuntu 46.101.106.10 port 58486 [preauth]
Jul 28 14:26:01 sshVictim sshd[3106]: pam_unix(sshd:auth): authentication failure; logname= uid=0 euid=0 tty=ssh ruser= rhost=165.227.68.95  user=root
Jul 28 14:26:03 sshVictim sshd[3106]: Failed password for root from 165.227.68.95 port 45150 ssh2
Jul 28 14:26:03 sshVictim sshd[3110]: Invalid user bbb from 200.219.222.220 port 55620
Jul 28 14:26:03 sshVictim sshd[3110]: pam_unix(sshd:auth): check pass; user unknown
Jul 28 14:26:03 sshVictim sshd[3110]: pam_unix(sshd:auth): authentication failure; logname= uid=0 euid=0 tty=ssh ruser= rhost=200.219.222.220 
Jul 28 14:26:04 sshVictim sshd[3110]: Failed password for invalid user bbb from 200.219.222.220 port 55620 ssh2
Jul 28 14:26:05 sshVictim sshd[3106]: Received disconnect from 165.227.68.95 port 45150:11: Bye Bye [preauth]
Jul 28 14:26:05 sshVictim sshd[3106]: Disconnected from authenticating user root 165.227.68.95 port 45150 [preauth]
Jul 28 14:26:05 sshVictim sshd[3110]: Received disconnect from 200.219.222.220 port 55620:11: Bye Bye [preauth]
Jul 28 14:26:05 sshVictim sshd[3110]: Disconnected from invalid user bbb 200.219.222.220 port 55620 [preauth]
Jul 28 14:26:10 sshVictim sshd[3120]: Invalid user cam from 178.62.108.63 port 46370
Jul 28 14:26:10 sshVictim sshd[3120]: pam_unix(sshd:auth): check pass; user unknown
Jul 28 14:26:10 sshVictim sshd[3120]: pam_unix(sshd:auth): authentication failure; logname= uid=0 euid=0 tty=ssh ruser= rhost=178.62.108.63 
Jul 28 14:26:12 sshVictim sshd[3120]: Failed password for invalid user cam from 178.62.108.63 port 46370 ssh2
Jul 28 14:26:13 sshVictim sshd[3120]: Received disconnect from 178.62.108.63 port 46370:11: Bye Bye [preauth]
Jul 28 14:26:13 sshVictim sshd[3120]: Disconnected from invalid user cam 178.62.108.63 port 46370 [preauth]
Jul 28 14:26:18 sshVictim sshd[3122]: Unable to negotiate with 193.106.191.80 port 34082: no matching host key type found. Their offer: ssh-rsa,ssh-dss [preauth]
Jul 28 14:26:21 sshVictim sshd[3124]: pam_unix(sshd:auth): authentication failure; logname= uid=0 euid=0 tty=ssh ruser= rhost=118.70.169.150  user=root
Jul 28 14:26:23 sshVictim sshd[3124]: Failed password for root from 118.70.169.150 port 63826 ssh2
Jul 28 14:26:23 sshVictim sshd[3124]: Received disconnect from 118.70.169.150 port 63826:11: Bye Bye [preauth]
Jul 28 14:26:23 sshVictim sshd[3124]: Disconnected from authenticating user root 118.70.169.150 port 63826 [preauth]
Jul 28 14:26:24 sshVictim sshd[3126]: Invalid user wangqi from 193.228.110.131 port 50716
Jul 28 14:26:24 sshVictim sshd[3126]: pam_unix(sshd:auth): check pass; user unknown
Jul 28 14:26:24 sshVictim sshd[3126]: pam_unix(sshd:auth): authentication failure; logname= uid=0 euid=0 tty=ssh ruser= rhost=193.228.110.131 
Jul 28 14:26:26 sshVictim sshd[3126]: Failed password for invalid user wangqi from 193.228.110.131 port 50716 ssh2
Jul 28 14:26:28 sshVictim sshd[3126]: Received disconnect from 193.228.110.131 port 50716:11: Bye Bye [preauth]
Jul 28 14:26:28 sshVictim sshd[3126]: Disconnected from invalid user wangqi 193.228.110.131 port 50716 [preauth]
Jul 28 14:26:36 sshVictim sshd[3128]: pam_unix(sshd:auth): authentication failure; logname= uid=0 euid=0 tty=ssh ruser= rhost=139.59.0.209  user=root
Jul 28 14:26:38 sshVictim sshd[3128]: Failed password for root from 139.59.0.209 port 53778 ssh2
Jul 28 14:26:38 sshVictim sshd[3128]: Received disconnect from 139.59.0.209 port 53778:11: Bye Bye [preauth]
Jul 28 14:26:38 sshVictim sshd[3128]: Disconnected from authenticating user root 139.59.0.209 port 53778 [preauth]
Jul 28 14:26:39 sshVictim sshd[3130]: pam_unix(sshd:auth): authentication failure; logname= uid=0 euid=0 tty=ssh ruser= rhost=23.95.115.90  user=root
Jul 28 14:26:40 sshVictim sshd[3130]: Failed password for root from 23.95.115.90 port 37046 ssh2
Jul 28 14:26:40 sshVictim sshd[3130]: Received disconnect from 23.95.115.90 port 37046:11: Bye Bye [preauth]
Jul 28 14:26:40 sshVictim sshd[3130]: Disconnected from authenticating user root 23.95.115.90 port 37046 [preauth]
Jul 28 14:26:42 sshVictim sshd[3132]: pam_unix(sshd:auth): authentication failure; logname= uid=0 euid=0 tty=ssh ruser= rhost=137.184.219.69  user=root
Jul 28 14:26:43 sshVictim sshd[3134]: Invalid user agung from 46.101.214.249 port 36368
Jul 28 14:26:43 sshVictim sshd[3134]: pam_unix(sshd:auth): check pass; user unknown
Jul 28 14:26:43 sshVictim sshd[3134]: pam_unix(sshd:auth): authentication failure; logname= uid=0 euid=0 tty=ssh ruser= rhost=46.101.214.249 
Jul 28 14:26:44 sshVictim sshd[3132]: Failed password for root from 137.184.219.69 port 49926 ssh2
Jul 28 14:26:46 sshVictim sshd[3134]: Failed password for invalid user agung from 46.101.214.249 port 36368 ssh2
Jul 28 14:26:46 sshVictim sshd[3132]: Received disconnect from 137.184.219.69 port 49926:11: Bye Bye [preauth]
Jul 28 14:26:46 sshVictim sshd[3132]: Disconnected from authenticating user root 137.184.219.69 port 49926 [preauth]
Jul 28 14:26:47 sshVictim sshd[3134]: Received disconnect from 46.101.214.249 port 36368:11: Bye Bye [preauth]
Jul 28 14:26:47 sshVictim sshd[3134]: Disconnected from invalid user agung 46.101.214.249 port 36368 [preauth]
Jul 28 14:26:47 sshVictim sshd[3078]: fatal: Timeout before authentication for 61.177.172.104 port 46089
Jul 28 14:26:51 sshVictim sshd[3084]: fatal: Timeout before authentication for 61.177.173.35 port 18005
Jul 28 14:26:55 sshVictim sshd[3137]: pam_unix(sshd:auth): authentication failure; logname= uid=0 euid=0 tty=ssh ruser= rhost=143.110.190.255  user=root
Jul 28 14:26:57 sshVictim sshd[3137]: Failed password for root from 143.110.190.255 port 32834 ssh2
Jul 28 14:26:58 sshVictim sshd[3139]: Invalid user ingrid from 46.101.106.10 port 47226
Jul 28 14:26:58 sshVictim sshd[3139]: pam_unix(sshd:auth): check pass; user unknown
Jul 28 14:26:58 sshVictim sshd[3139]: pam_unix(sshd:auth): authentication failure; logname= uid=0 euid=0 tty=ssh ruser= rhost=46.101.106.10 
Jul 28 14:26:59 sshVictim sshd[3137]: Received disconnect from 143.110.190.255 port 32834:11: Bye Bye [preauth]
Jul 28 14:26:59 sshVictim sshd[3137]: Disconnected from authenticating user root 143.110.190.255 port 32834 [preauth]
Jul 28 14:27:00 sshVictim sshd[3139]: Failed password for invalid user ingrid from 46.101.106.10 port 47226 ssh2
Jul 28 14:27:01 sshVictim sshd[3139]: Received disconnect from 46.101.106.10 port 47226:11: Bye Bye [preauth]
Jul 28 14:27:01 sshVictim sshd[3139]: Disconnected from invalid user ingrid 46.101.106.10 port 47226 [preauth]
Jul 28 14:27:02 sshVictim sshd[3141]: pam_unix(sshd:auth): authentication failure; logname= uid=0 euid=0 tty=ssh ruser= rhost=20.219.196.147  user=root
Jul 28 14:27:04 sshVictim sshd[3141]: Failed password for root from 20.219.196.147 port 58744 ssh2
Jul 28 14:27:05 sshVictim sshd[3141]: Received disconnect from 20.219.196.147 port 58744:11: Bye Bye [preauth]
Jul 28 14:27:05 sshVictim sshd[3141]: Disconnected from authenticating user root 20.219.196.147 port 58744 [preauth]
Jul 28 14:27:13 sshVictim sshd[3143]: Invalid user test from 200.219.222.220 port 43858
Jul 28 14:27:13 sshVictim sshd[3143]: pam_unix(sshd:auth): check pass; user unknown
Jul 28 14:27:13 sshVictim sshd[3143]: pam_unix(sshd:auth): authentication failure; logname= uid=0 euid=0 tty=ssh ruser= rhost=200.219.222.220 
Jul 28 14:27:16 sshVictim sshd[3143]: Failed password for invalid user test from 200.219.222.220 port 43858 ssh2
Jul 28 14:27:16 sshVictim sshd[3143]: Received disconnect from 200.219.222.220 port 43858:11: Bye Bye [preauth]
Jul 28 14:27:16 sshVictim sshd[3143]: Disconnected from invalid user test 200.219.222.220 port 43858 [preauth]
Jul 28 14:27:17 sshVictim sshd[3145]: pam_unix(sshd:auth): authentication failure; logname= uid=0 euid=0 tty=ssh ruser= rhost=103.37.83.26  user=root
Jul 28 14:27:19 sshVictim sshd[3145]: Failed password for root from 103.37.83.26 port 39855 ssh2
Jul 28 14:27:19 sshVictim sshd[3145]: Received disconnect from 103.37.83.26 port 39855:11: Bye Bye [preauth]
Jul 28 14:27:19 sshVictim sshd[3145]: Disconnected from authenticating user root 103.37.83.26 port 39855 [preauth]
Jul 28 14:27:26 sshVictim sshd[3147]: Invalid user record from 178.62.108.63 port 34996
Jul 28 14:27:26 sshVictim sshd[3147]: pam_unix(sshd:auth): check pass; user unknown
Jul 28 14:27:26 sshVictim sshd[3147]: pam_unix(sshd:auth): authentication failure; logname= uid=0 euid=0 tty=ssh ruser= rhost=178.62.108.63 
Jul 28 14:27:28 sshVictim sshd[3147]: Failed password for invalid user record from 178.62.108.63 port 34996 ssh2
Jul 28 14:27:28 sshVictim sshd[3149]: Invalid user test1 from 193.228.110.131 port 39140
Jul 28 14:27:28 sshVictim sshd[3149]: pam_unix(sshd:auth): check pass; user unknown
Jul 28 14:27:28 sshVictim sshd[3149]: pam_unix(sshd:auth): authentication failure; logname= uid=0 euid=0 tty=ssh ruser= rhost=193.228.110.131 
Jul 28 14:27:28 sshVictim sshd[3147]: Received disconnect from 178.62.108.63 port 34996:11: Bye Bye [preauth]
Jul 28 14:27:28 sshVictim sshd[3147]: Disconnected from invalid user record 178.62.108.63 port 34996 [preauth]
Jul 28 14:27:29 sshVictim sshd[3149]: Failed password for invalid user test1 from 193.228.110.131 port 39140 ssh2
Jul 28 14:27:30 sshVictim sshd[3149]: Received disconnect from 193.228.110.131 port 39140:11: Bye Bye [preauth]
Jul 28 14:27:30 sshVictim sshd[3149]: Disconnected from invalid user test1 193.228.110.131 port 39140 [preauth]
Jul 28 14:27:31 sshVictim sshd[3151]: pam_unix(sshd:auth): authentication failure; logname= uid=0 euid=0 tty=ssh ruser= rhost=165.227.68.95  user=root
Jul 28 14:27:33 sshVictim sshd[3151]: Failed password for root from 165.227.68.95 port 33632 ssh2
Jul 28 14:27:35 sshVictim sshd[3151]: Received disconnect from 165.227.68.95 port 33632:11: Bye Bye [preauth]
Jul 28 14:27:35 sshVictim sshd[3151]: Disconnected from authenticating user root 165.227.68.95 port 33632 [preauth]
Jul 28 14:27:37 sshVictim sshd[3153]: pam_unix(sshd:auth): authentication failure; logname= uid=0 euid=0 tty=ssh ruser= rhost=23.95.115.90  user=root
Jul 28 14:27:39 sshVictim sshd[3153]: Failed password for root from 23.95.115.90 port 53902 ssh2
Jul 28 14:27:39 sshVictim sshd[3153]: Received disconnect from 23.95.115.90 port 53902:11: Bye Bye [preauth]
Jul 28 14:27:39 sshVictim sshd[3153]: Disconnected from authenticating user root 23.95.115.90 port 53902 [preauth]
Jul 28 14:27:45 sshVictim sshd[3155]: Invalid user ubuntu from 46.101.214.249 port 53336
Jul 28 14:27:45 sshVictim sshd[3155]: pam_unix(sshd:auth): check pass; user unknown
Jul 28 14:27:45 sshVictim sshd[3155]: pam_unix(sshd:auth): authentication failure; logname= uid=0 euid=0 tty=ssh ruser= rhost=46.101.214.249 
Jul 28 14:27:47 sshVictim sshd[3157]: pam_unix(sshd:auth): authentication failure; logname= uid=0 euid=0 tty=ssh ruser= rhost=118.70.169.150  user=root
Jul 28 14:27:47 sshVictim sshd[3155]: Failed password for invalid user ubuntu from 46.101.214.249 port 53336 ssh2
Jul 28 14:27:48 sshVictim sshd[3155]: Received disconnect from 46.101.214.249 port 53336:11: Bye Bye [preauth]
Jul 28 14:27:48 sshVictim sshd[3155]: Disconnected from invalid user ubuntu 46.101.214.249 port 53336 [preauth]
Jul 28 14:27:49 sshVictim sshd[3157]: Failed password for root from 118.70.169.150 port 43871 ssh2
Jul 28 14:27:49 sshVictim sshd[3157]: Received disconnect from 118.70.169.150 port 43871:11: Bye Bye [preauth]
Jul 28 14:27:49 sshVictim sshd[3157]: Disconnected from authenticating user root 118.70.169.150 port 43871 [preauth]
Jul 28 14:27:51 sshVictim sshd[3159]: pam_unix(sshd:auth): authentication failure; logname= uid=0 euid=0 tty=ssh ruser= rhost=139.59.0.209  user=root
Jul 28 14:27:52 sshVictim sshd[3161]: pam_unix(sshd:auth): authentication failure; logname= uid=0 euid=0 tty=ssh ruser= rhost=137.184.219.69  user=root
Jul 28 14:27:53 sshVictim sshd[3159]: Failed password for root from 139.59.0.209 port 42352 ssh2
Jul 28 14:27:54 sshVictim sshd[3161]: Failed password for root from 137.184.219.69 port 38274 ssh2
Jul 28 14:27:54 sshVictim sshd[3161]: Received disconnect from 137.184.219.69 port 38274:11: Bye Bye [preauth]
Jul 28 14:27:54 sshVictim sshd[3161]: Disconnected from authenticating user root 137.184.219.69 port 38274 [preauth]
Jul 28 14:27:55 sshVictim sshd[3159]: Received disconnect from 139.59.0.209 port 42352:11: Bye Bye [preauth]
Jul 28 14:27:55 sshVictim sshd[3159]: Disconnected from authenticating user root 139.59.0.209 port 42352 [preauth]
Jul 28 14:28:01 sshVictim sshd[3165]: Invalid user dbmaker from 46.101.106.10 port 35966
Jul 28 14:28:01 sshVictim sshd[3165]: pam_unix(sshd:auth): check pass; user unknown
Jul 28 14:28:01 sshVictim sshd[3165]: pam_unix(sshd:auth): authentication failure; logname= uid=0 euid=0 tty=ssh ruser= rhost=46.101.106.10 
Jul 28 14:28:01 sshVictim sshd[3163]: pam_unix(sshd:auth): authentication failure; logname= uid=0 euid=0 tty=ssh ruser= rhost=143.110.190.255  user=root
Jul 28 14:28:03 sshVictim sshd[3165]: Failed password for invalid user dbmaker from 46.101.106.10 port 35966 ssh2
Jul 28 14:28:03 sshVictim sshd[3163]: Failed password for root from 143.110.190.255 port 49092 ssh2
Jul 28 14:28:04 sshVictim sshd[3163]: Received disconnect from 143.110.190.255 port 49092:11: Bye Bye [preauth]
Jul 28 14:28:04 sshVictim sshd[3163]: Disconnected from authenticating user root 143.110.190.255 port 49092 [preauth]
Jul 28 14:28:05 sshVictim sshd[3165]: Received disconnect from 46.101.106.10 port 35966:11: Bye Bye [preauth]
Jul 28 14:28:05 sshVictim sshd[3165]: Disconnected from invalid user dbmaker 46.101.106.10 port 35966 [preauth]
Jul 28 14:28:19 sshVictim sshd[3167]: pam_unix(sshd:auth): authentication failure; logname= uid=0 euid=0 tty=ssh ruser= rhost=20.219.196.147  user=root
Jul 28 14:28:21 sshVictim sshd[3167]: Failed password for root from 20.219.196.147 port 58836 ssh2
Jul 28 14:28:23 sshVictim sshd[3167]: Received disconnect from 20.219.196.147 port 58836:11: Bye Bye [preauth]
Jul 28 14:28:23 sshVictim sshd[3167]: Disconnected from authenticating user root 20.219.196.147 port 58836 [preauth]
Jul 28 14:28:25 sshVictim sshd[3169]: Invalid user user from 200.219.222.220 port 60340
Jul 28 14:28:25 sshVictim sshd[3169]: pam_unix(sshd:auth): check pass; user unknown
Jul 28 14:28:25 sshVictim sshd[3169]: pam_unix(sshd:auth): authentication failure; logname= uid=0 euid=0 tty=ssh ruser= rhost=200.219.222.220 
Jul 28 14:28:28 sshVictim sshd[3169]: Failed password for invalid user user from 200.219.222.220 port 60340 ssh2
Jul 28 14:28:30 sshVictim sshd[3169]: Received disconnect from 200.219.222.220 port 60340:11: Bye Bye [preauth]
Jul 28 14:28:30 sshVictim sshd[3169]: Disconnected from invalid user user 200.219.222.220 port 60340 [preauth]
Jul 28 14:28:32 sshVictim sshd[3171]: Invalid user test from 178.62.108.63 port 51848
Jul 28 14:28:32 sshVictim sshd[3171]: pam_unix(sshd:auth): check pass; user unknown
Jul 28 14:28:32 sshVictim sshd[3171]: pam_unix(sshd:auth): authentication failure; logname= uid=0 euid=0 tty=ssh ruser= rhost=178.62.108.63 
Jul 28 14:28:33 sshVictim sshd[3173]: Invalid user ftpuser3 from 193.228.110.131 port 55796
Jul 28 14:28:33 sshVictim sshd[3173]: pam_unix(sshd:auth): check pass; user unknown
Jul 28 14:28:33 sshVictim sshd[3173]: pam_unix(sshd:auth): authentication failure; logname= uid=0 euid=0 tty=ssh ruser= rhost=193.228.110.131 
Jul 28 14:28:34 sshVictim sshd[3171]: Failed password for invalid user test from 178.62.108.63 port 51848 ssh2
Jul 28 14:28:34 sshVictim sshd[3171]: Received disconnect from 178.62.108.63 port 51848:11: Bye Bye [preauth]
Jul 28 14:28:34 sshVictim sshd[3171]: Disconnected from invalid user test 178.62.108.63 port 51848 [preauth]
Jul 28 14:28:35 sshVictim sshd[3173]: Failed password for invalid user ftpuser3 from 193.228.110.131 port 55796 ssh2
Jul 28 14:28:36 sshVictim sshd[3173]: Received disconnect from 193.228.110.131 port 55796:11: Bye Bye [preauth]
Jul 28 14:28:36 sshVictim sshd[3173]: Disconnected from invalid user ftpuser3 193.228.110.131 port 55796 [preauth]
Jul 28 14:28:39 sshVictim sshd[3175]: pam_unix(sshd:auth): authentication failure; logname= uid=0 euid=0 tty=ssh ruser= rhost=23.95.115.90  user=root
Jul 28 14:28:39 sshVictim CRON[2886]: pam_unix(cron:session): session closed for user root
Jul 28 14:28:40 sshVictim sshd[3175]: Failed password for root from 23.95.115.90 port 42530 ssh2
Jul 28 14:28:41 sshVictim sshd[3175]: Received disconnect from 23.95.115.90 port 42530:11: Bye Bye [preauth]
Jul 28 14:28:41 sshVictim sshd[3175]: Disconnected from authenticating user root 23.95.115.90 port 42530 [preauth]
Jul 28 14:28:52 sshVictim sshd[3205]: Invalid user user from 46.101.214.249 port 42076
Jul 28 14:28:52 sshVictim sshd[3205]: pam_unix(sshd:auth): check pass; user unknown
Jul 28 14:28:52 sshVictim sshd[3205]: pam_unix(sshd:auth): authentication failure; logname= uid=0 euid=0 tty=ssh ruser= rhost=46.101.214.249 
Jul 28 14:28:54 sshVictim sshd[3205]: Failed password for invalid user user from 46.101.214.249 port 42076 ssh2
Jul 28 14:28:55 sshVictim sshd[3207]: pam_unix(sshd:auth): authentication failure; logname= uid=0 euid=0 tty=ssh ruser= rhost=103.37.83.26  user=root
Jul 28 14:28:56 sshVictim sshd[3205]: Received disconnect from 46.101.214.249 port 42076:11: Bye Bye [preauth]
Jul 28 14:28:56 sshVictim sshd[3205]: Disconnected from invalid user user 46.101.214.249 port 42076 [preauth]
Jul 28 14:28:57 sshVictim sshd[3207]: Failed password for root from 103.37.83.26 port 48223 ssh2
Jul 28 14:28:57 sshVictim sshd[3207]: Received disconnect from 103.37.83.26 port 48223:11: Bye Bye [preauth]
Jul 28 14:28:57 sshVictim sshd[3207]: Disconnected from authenticating user root 103.37.83.26 port 48223 [preauth]
Jul 28 14:28:57 sshVictim sshd[3211]: pam_unix(sshd:auth): authentication failure; logname= uid=0 euid=0 tty=ssh ruser= rhost=137.184.219.69  user=root
Jul 28 14:28:59 sshVictim sshd[3211]: Failed password for root from 137.184.219.69 port 54856 ssh2
Jul 28 14:28:59 sshVictim sshd[3211]: Received disconnect from 137.184.219.69 port 54856:11: Bye Bye [preauth]
Jul 28 14:28:59 sshVictim sshd[3211]: Disconnected from authenticating user root 137.184.219.69 port 54856 [preauth]
Jul 28 14:29:01 sshVictim sshd[3209]: pam_unix(sshd:auth): authentication failure; logname= uid=0 euid=0 tty=ssh ruser= rhost=165.227.68.95  user=root
Jul 28 14:29:03 sshVictim sshd[3209]: Failed password for root from 165.227.68.95 port 50634 ssh2
Jul 28 14:29:05 sshVictim sshd[3209]: Received disconnect from 165.227.68.95 port 50634:11: Bye Bye [preauth]
Jul 28 14:29:05 sshVictim sshd[3209]: Disconnected from authenticating user root 165.227.68.95 port 50634 [preauth]
Jul 28 14:29:06 sshVictim sshd[3215]: Invalid user globus from 46.101.106.10 port 52938
Jul 28 14:29:06 sshVictim sshd[3215]: pam_unix(sshd:auth): check pass; user unknown
Jul 28 14:29:06 sshVictim sshd[3215]: pam_unix(sshd:auth): authentication failure; logname= uid=0 euid=0 tty=ssh ruser= rhost=46.101.106.10 
Jul 28 14:29:06 sshVictim sshd[3213]: pam_unix(sshd:auth): authentication failure; logname= uid=0 euid=0 tty=ssh ruser= rhost=139.59.0.209  user=root
Jul 28 14:29:08 sshVictim sshd[3215]: Failed password for invalid user globus from 46.101.106.10 port 52938 ssh2
Jul 28 14:29:08 sshVictim sshd[3213]: Failed password for root from 139.59.0.209 port 59158 ssh2
Jul 28 14:29:08 sshVictim sshd[3213]: Received disconnect from 139.59.0.209 port 59158:11: Bye Bye [preauth]
Jul 28 14:29:08 sshVictim sshd[3213]: Disconnected from authenticating user root 139.59.0.209 port 59158 [preauth]
Jul 28 14:29:09 sshVictim sshd[3215]: Received disconnect from 46.101.106.10 port 52938:11: Bye Bye [preauth]
Jul 28 14:29:09 sshVictim sshd[3215]: Disconnected from invalid user globus 46.101.106.10 port 52938 [preauth]
Jul 28 14:29:11 sshVictim sshd[3218]: pam_unix(sshd:auth): authentication failure; logname= uid=0 euid=0 tty=ssh ruser= rhost=143.110.190.255  user=root
Jul 28 14:29:11 sshVictim sshd[3217]: pam_unix(sshd:auth): authentication failure; logname= uid=0 euid=0 tty=ssh ruser= rhost=118.70.169.150  user=root
Jul 28 14:29:13 sshVictim sshd[3218]: Failed password for root from 143.110.190.255 port 37118 ssh2
Jul 28 14:29:13 sshVictim sshd[3217]: Failed password for root from 118.70.169.150 port 52137 ssh2
Jul 28 14:29:13 sshVictim sshd[3218]: Received disconnect from 143.110.190.255 port 37118:11: Bye Bye [preauth]
Jul 28 14:29:13 sshVictim sshd[3218]: Disconnected from authenticating user root 143.110.190.255 port 37118 [preauth]
Jul 28 14:29:14 sshVictim sshd[3217]: Received disconnect from 118.70.169.150 port 52137:11: Bye Bye [preauth]
Jul 28 14:29:14 sshVictim sshd[3217]: Disconnected from authenticating user root 118.70.169.150 port 52137 [preauth]
Jul 28 14:29:36 sshVictim sshd[3221]: Invalid user developer from 178.62.108.63 port 40468
Jul 28 14:29:36 sshVictim sshd[3221]: pam_unix(sshd:auth): check pass; user unknown
Jul 28 14:29:36 sshVictim sshd[3221]: pam_unix(sshd:auth): authentication failure; logname= uid=0 euid=0 tty=ssh ruser= rhost=178.62.108.63 
Jul 28 14:29:38 sshVictim sshd[3221]: Failed password for invalid user developer from 178.62.108.63 port 40468 ssh2
Jul 28 14:29:39 sshVictim sshd[3223]: pam_unix(sshd:auth): authentication failure; logname= uid=0 euid=0 tty=ssh ruser= rhost=20.219.196.147  user=root
Jul 28 14:29:39 sshVictim sshd[3221]: Received disconnect from 178.62.108.63 port 40468:11: Bye Bye [preauth]
Jul 28 14:29:39 sshVictim sshd[3221]: Disconnected from invalid user developer 178.62.108.63 port 40468 [preauth]
Jul 28 14:29:40 sshVictim sshd[3225]: Invalid user faculty from 193.228.110.131 port 44218
Jul 28 14:29:40 sshVictim sshd[3225]: pam_unix(sshd:auth): check pass; user unknown
Jul 28 14:29:40 sshVictim sshd[3225]: pam_unix(sshd:auth): authentication failure; logname= uid=0 euid=0 tty=ssh ruser= rhost=193.228.110.131 
Jul 28 14:29:41 sshVictim sshd[3223]: Failed password for root from 20.219.196.147 port 58928 ssh2
Jul 28 14:29:41 sshVictim sshd[3227]: Invalid user admin from 200.219.222.220 port 48590
Jul 28 14:29:41 sshVictim sshd[3227]: pam_unix(sshd:auth): check pass; user unknown
Jul 28 14:29:41 sshVictim sshd[3227]: pam_unix(sshd:auth): authentication failure; logname= uid=0 euid=0 tty=ssh ruser= rhost=200.219.222.220 
Jul 28 14:29:41 sshVictim sshd[3225]: Failed password for invalid user faculty from 193.228.110.131 port 44218 ssh2
Jul 28 14:29:42 sshVictim sshd[3225]: Received disconnect from 193.228.110.131 port 44218:11: Bye Bye [preauth]
Jul 28 14:29:42 sshVictim sshd[3225]: Disconnected from invalid user faculty 193.228.110.131 port 44218 [preauth]
Jul 28 14:29:43 sshVictim sshd[3223]: Received disconnect from 20.219.196.147 port 58928:11: Bye Bye [preauth]
Jul 28 14:29:43 sshVictim sshd[3223]: Disconnected from authenticating user root 20.219.196.147 port 58928 [preauth]
Jul 28 14:29:43 sshVictim sshd[3227]: Failed password for invalid user admin from 200.219.222.220 port 48590 ssh2
Jul 28 14:29:44 sshVictim sshd[3227]: Received disconnect from 200.219.222.220 port 48590:11: Bye Bye [preauth]
Jul 28 14:29:44 sshVictim sshd[3227]: Disconnected from invalid user admin 200.219.222.220 port 48590 [preauth]
Jul 28 14:29:47 sshVictim sshd[3231]: pam_unix(sshd:auth): authentication failure; logname= uid=0 euid=0 tty=ssh ruser= rhost=23.95.115.90  user=root
Jul 28 14:29:49 sshVictim sshd[3231]: Failed password for root from 23.95.115.90 port 59390 ssh2
Jul 28 14:29:51 sshVictim sshd[3231]: Received disconnect from 23.95.115.90 port 59390:11: Bye Bye [preauth]
Jul 28 14:29:51 sshVictim sshd[3231]: Disconnected from authenticating user root 23.95.115.90 port 59390 [preauth]
Jul 28 14:29:58 sshVictim sshd[3233]: Invalid user dork from 46.101.214.249 port 59050
Jul 28 14:29:58 sshVictim sshd[3233]: pam_unix(sshd:auth): check pass; user unknown
Jul 28 14:29:58 sshVictim sshd[3233]: pam_unix(sshd:auth): authentication failure; logname= uid=0 euid=0 tty=ssh ruser= rhost=46.101.214.249 
Jul 28 14:30:01 sshVictim sshd[3233]: Failed password for invalid user dork from 46.101.214.249 port 59050 ssh2
Jul 28 14:30:01 sshVictim sshd[3233]: Received disconnect from 46.101.214.249 port 59050:11: Bye Bye [preauth]
Jul 28 14:30:01 sshVictim sshd[3233]: Disconnected from invalid user dork 46.101.214.249 port 59050 [preauth]
Jul 28 14:30:04 sshVictim sshd[3235]: pam_unix(sshd:auth): authentication failure; logname= uid=0 euid=0 tty=ssh ruser= rhost=137.184.219.69  user=root
Jul 28 14:30:06 sshVictim sshd[3235]: Failed password for root from 137.184.219.69 port 43202 ssh2
Jul 28 14:30:08 sshVictim sshd[3235]: Received disconnect from 137.184.219.69 port 43202:11: Bye Bye [preauth]
Jul 28 14:30:08 sshVictim sshd[3235]: Disconnected from authenticating user root 137.184.219.69 port 43202 [preauth]
Jul 28 14:30:11 sshVictim sshd[3237]: Invalid user user from 46.101.106.10 port 41682
Jul 28 14:30:11 sshVictim sshd[3237]: pam_unix(sshd:auth): check pass; user unknown
Jul 28 14:30:11 sshVictim sshd[3237]: pam_unix(sshd:auth): authentication failure; logname= uid=0 euid=0 tty=ssh ruser= rhost=46.101.106.10 
Jul 28 14:30:13 sshVictim sshd[3237]: Failed password for invalid user user from 46.101.106.10 port 41682 ssh2
Jul 28 14:30:13 sshVictim sshd[3237]: Received disconnect from 46.101.106.10 port 41682:11: Bye Bye [preauth]
Jul 28 14:30:13 sshVictim sshd[3237]: Disconnected from invalid user user 46.101.106.10 port 41682 [preauth]
Jul 28 14:30:21 sshVictim sshd[3239]: pam_unix(sshd:auth): authentication failure; logname= uid=0 euid=0 tty=ssh ruser= rhost=143.110.190.255  user=root
Jul 28 14:30:23 sshVictim sshd[3239]: Failed password for root from 143.110.190.255 port 53374 ssh2
Jul 28 14:30:24 sshVictim sshd[3241]: pam_unix(sshd:auth): authentication failure; logname= uid=0 euid=0 tty=ssh ruser= rhost=165.227.68.95  user=root
Jul 28 14:30:25 sshVictim sshd[3239]: Received disconnect from 143.110.190.255 port 53374:11: Bye Bye [preauth]
Jul 28 14:30:25 sshVictim sshd[3239]: Disconnected from authenticating user root 143.110.190.255 port 53374 [preauth]
Jul 28 14:30:26 sshVictim sshd[3241]: Failed password for root from 165.227.68.95 port 39116 ssh2
Jul 28 14:30:26 sshVictim sshd[3243]: pam_unix(sshd:auth): authentication failure; logname= uid=0 euid=0 tty=ssh ruser= rhost=103.37.83.26  user=root
Jul 28 14:30:26 sshVictim sshd[3241]: Received disconnect from 165.227.68.95 port 39116:11: Bye Bye [preauth]
Jul 28 14:30:26 sshVictim sshd[3241]: Disconnected from authenticating user root 165.227.68.95 port 39116 [preauth]
Jul 28 14:30:28 sshVictim sshd[3243]: Failed password for root from 103.37.83.26 port 56610 ssh2
Jul 28 14:30:29 sshVictim sshd[3245]: pam_unix(sshd:auth): authentication failure; logname= uid=0 euid=0 tty=ssh ruser= rhost=139.59.0.209  user=root
Jul 28 14:30:30 sshVictim sshd[3243]: Received disconnect from 103.37.83.26 port 56610:11: Bye Bye [preauth]
Jul 28 14:30:30 sshVictim sshd[3243]: Disconnected from authenticating user root 103.37.83.26 port 56610 [preauth]
Jul 28 14:30:31 sshVictim sshd[3245]: Failed password for root from 139.59.0.209 port 47734 ssh2
Jul 28 14:30:33 sshVictim sshd[3245]: Received disconnect from 139.59.0.209 port 47734:11: Bye Bye [preauth]
Jul 28 14:30:33 sshVictim sshd[3245]: Disconnected from authenticating user root 139.59.0.209 port 47734 [preauth]
Jul 28 14:30:35 sshVictim sshd[3247]: pam_unix(sshd:auth): authentication failure; logname= uid=0 euid=0 tty=ssh ruser= rhost=61.177.173.51  user=root
Jul 28 14:30:38 sshVictim sshd[3247]: Failed password for root from 61.177.173.51 port 16735 ssh2
Jul 28 14:30:39 sshVictim sshd[3249]: pam_unix(sshd:auth): authentication failure; logname= uid=0 euid=0 tty=ssh ruser= rhost=118.70.169.150  user=root
Jul 28 14:30:41 sshVictim sshd[3249]: Failed password for root from 118.70.169.150 port 60413 ssh2
Jul 28 14:30:41 sshVictim sshd[3249]: Received disconnect from 118.70.169.150 port 60413:11: Bye Bye [preauth]
Jul 28 14:30:41 sshVictim sshd[3249]: Disconnected from authenticating user root 118.70.169.150 port 60413 [preauth]
Jul 28 14:30:43 sshVictim sshd[3247]: Failed password for root from 61.177.173.51 port 16735 ssh2
Jul 28 14:30:47 sshVictim sshd[3247]: Failed password for root from 61.177.173.51 port 16735 ssh2
Jul 28 14:30:47 sshVictim sshd[3251]: Invalid user developer from 178.62.108.63 port 57322
Jul 28 14:30:47 sshVictim sshd[3251]: pam_unix(sshd:auth): check pass; user unknown
Jul 28 14:30:47 sshVictim sshd[3251]: pam_unix(sshd:auth): authentication failure; logname= uid=0 euid=0 tty=ssh ruser= rhost=178.62.108.63 
Jul 28 14:30:47 sshVictim sshd[3247]: Received disconnect from 61.177.173.51 port 16735:11:  [preauth]
Jul 28 14:30:47 sshVictim sshd[3247]: Disconnected from authenticating user root 61.177.173.51 port 16735 [preauth]
Jul 28 14:30:47 sshVictim sshd[3247]: PAM 2 more authentication failures; logname= uid=0 euid=0 tty=ssh ruser= rhost=61.177.173.51  user=root
Jul 28 14:30:48 sshVictim sshd[3253]: Invalid user admin from 193.228.110.131 port 60872
Jul 28 14:30:48 sshVictim sshd[3253]: pam_unix(sshd:auth): check pass; user unknown
Jul 28 14:30:48 sshVictim sshd[3253]: pam_unix(sshd:auth): authentication failure; logname= uid=0 euid=0 tty=ssh ruser= rhost=193.228.110.131 
Jul 28 14:30:49 sshVictim sshd[3251]: Failed password for invalid user developer from 178.62.108.63 port 57322 ssh2
Jul 28 14:30:50 sshVictim sshd[3253]: Failed password for invalid user admin from 193.228.110.131 port 60872 ssh2
Jul 28 14:30:50 sshVictim sshd[3251]: Received disconnect from 178.62.108.63 port 57322:11: Bye Bye [preauth]
Jul 28 14:30:50 sshVictim sshd[3251]: Disconnected from invalid user developer 178.62.108.63 port 57322 [preauth]
Jul 28 14:30:50 sshVictim sshd[3253]: Received disconnect from 193.228.110.131 port 60872:11: Bye Bye [preauth]
Jul 28 14:30:50 sshVictim sshd[3253]: Disconnected from invalid user admin 193.228.110.131 port 60872 [preauth]
Jul 28 14:30:54 sshVictim sshd[3255]: pam_unix(sshd:auth): authentication failure; logname= uid=0 euid=0 tty=ssh ruser= rhost=23.95.115.90  user=root
Jul 28 14:30:56 sshVictim sshd[3255]: Failed password for root from 23.95.115.90 port 48010 ssh2
Jul 28 14:30:56 sshVictim sshd[3255]: Received disconnect from 23.95.115.90 port 48010:11: Bye Bye [preauth]
Jul 28 14:30:56 sshVictim sshd[3255]: Disconnected from authenticating user root 23.95.115.90 port 48010 [preauth]
Jul 28 14:31:01 sshVictim sshd[3257]: pam_unix(sshd:auth): authentication failure; logname= uid=0 euid=0 tty=ssh ruser= rhost=20.219.196.147  user=root
Jul 28 14:31:04 sshVictim sshd[3257]: Failed password for root from 20.219.196.147 port 59018 ssh2
Jul 28 14:31:05 sshVictim sshd[3257]: Received disconnect from 20.219.196.147 port 59018:11: Bye Bye [preauth]
Jul 28 14:31:05 sshVictim sshd[3257]: Disconnected from authenticating user root 20.219.196.147 port 59018 [preauth]
Jul 28 14:31:06 sshVictim sshd[3259]: Invalid user dbmaker from 46.101.214.249 port 47784
Jul 28 14:31:06 sshVictim sshd[3259]: pam_unix(sshd:auth): check pass; user unknown
Jul 28 14:31:06 sshVictim sshd[3259]: pam_unix(sshd:auth): authentication failure; logname= uid=0 euid=0 tty=ssh ruser= rhost=46.101.214.249 
Jul 28 14:31:08 sshVictim sshd[3259]: Failed password for invalid user dbmaker from 46.101.214.249 port 47784 ssh2
Jul 28 14:31:10 sshVictim sshd[3263]: pam_unix(sshd:auth): authentication failure; logname= uid=0 euid=0 tty=ssh ruser= rhost=137.184.219.69  user=root
Jul 28 14:31:10 sshVictim sshd[3259]: Received disconnect from 46.101.214.249 port 47784:11: Bye Bye [preauth]
Jul 28 14:31:10 sshVictim sshd[3259]: Disconnected from invalid user dbmaker 46.101.214.249 port 47784 [preauth]
Jul 28 14:31:11 sshVictim sshd[3261]: pam_unix(sshd:auth): authentication failure; logname= uid=0 euid=0 tty=ssh ruser= rhost=61.177.172.114  user=root
Jul 28 14:31:12 sshVictim sshd[3263]: Failed password for root from 137.184.219.69 port 59782 ssh2
Jul 28 14:31:12 sshVictim sshd[3265]: Invalid user student from 200.219.222.220 port 36826
Jul 28 14:31:12 sshVictim sshd[3265]: pam_unix(sshd:auth): check pass; user unknown
Jul 28 14:31:12 sshVictim sshd[3265]: pam_unix(sshd:auth): authentication failure; logname= uid=0 euid=0 tty=ssh ruser= rhost=200.219.222.220 
Jul 28 14:31:12 sshVictim sshd[3263]: Received disconnect from 137.184.219.69 port 59782:11: Bye Bye [preauth]
Jul 28 14:31:12 sshVictim sshd[3263]: Disconnected from authenticating user root 137.184.219.69 port 59782 [preauth]
Jul 28 14:31:13 sshVictim sshd[3261]: Failed password for root from 61.177.172.114 port 41857 ssh2
Jul 28 14:31:14 sshVictim sshd[3265]: Failed password for invalid user student from 200.219.222.220 port 36826 ssh2
Jul 28 14:31:14 sshVictim sshd[3265]: Received disconnect from 200.219.222.220 port 36826:11: Bye Bye [preauth]
Jul 28 14:31:14 sshVictim sshd[3265]: Disconnected from invalid user student 200.219.222.220 port 36826 [preauth]
Jul 28 14:31:15 sshVictim sshd[3261]: Failed password for root from 61.177.172.114 port 41857 ssh2
Jul 28 14:31:17 sshVictim sshd[3267]: Invalid user tn from 46.101.106.10 port 58656
Jul 28 14:31:17 sshVictim sshd[3267]: pam_unix(sshd:auth): check pass; user unknown
Jul 28 14:31:17 sshVictim sshd[3267]: pam_unix(sshd:auth): authentication failure; logname= uid=0 euid=0 tty=ssh ruser= rhost=46.101.106.10 
Jul 28 14:31:19 sshVictim sshd[3267]: Failed password for invalid user tn from 46.101.106.10 port 58656 ssh2
Jul 28 14:31:20 sshVictim sshd[3261]: Failed password for root from 61.177.172.114 port 41857 ssh2
Jul 28 14:31:21 sshVictim sshd[3267]: Received disconnect from 46.101.106.10 port 58656:11: Bye Bye [preauth]
Jul 28 14:31:21 sshVictim sshd[3267]: Disconnected from invalid user tn 46.101.106.10 port 58656 [preauth]
Jul 28 14:31:22 sshVictim sshd[3261]: Received disconnect from 61.177.172.114 port 41857:11:  [preauth]
Jul 28 14:31:22 sshVictim sshd[3261]: Disconnected from authenticating user root 61.177.172.114 port 41857 [preauth]
Jul 28 14:31:22 sshVictim sshd[3261]: PAM 2 more authentication failures; logname= uid=0 euid=0 tty=ssh ruser= rhost=61.177.172.114  user=root
Jul 28 14:31:36 sshVictim sshd[3275]: pam_unix(sshd:auth): authentication failure; logname= uid=0 euid=0 tty=ssh ruser= rhost=143.110.190.255  user=root
Jul 28 14:31:39 sshVictim sshd[3278]: pam_unix(sshd:auth): authentication failure; logname= uid=0 euid=0 tty=ssh ruser= rhost=165.227.68.95  user=root
Jul 28 14:31:39 sshVictim sshd[3275]: Failed password for root from 143.110.190.255 port 41402 ssh2
Jul 28 14:31:40 sshVictim sshd[3275]: Received disconnect from 143.110.190.255 port 41402:11: Bye Bye [preauth]
Jul 28 14:31:40 sshVictim sshd[3275]: Disconnected from authenticating user root 143.110.190.255 port 41402 [preauth]
Jul 28 14:31:41 sshVictim sshd[3278]: Failed password for root from 165.227.68.95 port 55808 ssh2
Jul 28 14:31:42 sshVictim sshd[3269]: Received disconnect from 61.177.172.114 port 17007:11:  [preauth]
Jul 28 14:31:42 sshVictim sshd[3269]: Disconnected from 61.177.172.114 port 17007 [preauth]
Jul 28 14:31:42 sshVictim sshd[3278]: Received disconnect from 165.227.68.95 port 55808:11: Bye Bye [preauth]
Jul 28 14:31:42 sshVictim sshd[3278]: Disconnected from authenticating user root 165.227.68.95 port 55808 [preauth]
Jul 28 14:31:48 sshVictim sshd[3271]: Invalid user oracle from 54.36.123.35 port 35206
Jul 28 14:31:50 sshVictim sshd[3282]: pam_unix(sshd:auth): authentication failure; logname= uid=0 euid=0 tty=ssh ruser= rhost=139.59.0.209  user=root
Jul 28 14:31:52 sshVictim sshd[3270]: pam_unix(sshd:auth): authentication failure; logname= uid=0 euid=0 tty=ssh ruser= rhost=54.36.123.35  user=root
Jul 28 14:31:52 sshVictim sshd[3271]: pam_unix(sshd:auth): check pass; user unknown
Jul 28 14:31:52 sshVictim sshd[3271]: pam_unix(sshd:auth): authentication failure; logname= uid=0 euid=0 tty=ssh ruser= rhost=54.36.123.35 
Jul 28 14:31:52 sshVictim sshd[3282]: Failed password for root from 139.59.0.209 port 36310 ssh2
Jul 28 14:31:54 sshVictim sshd[3270]: Failed password for root from 54.36.123.35 port 35210 ssh2
Jul 28 14:31:54 sshVictim sshd[3282]: Received disconnect from 139.59.0.209 port 36310:11: Bye Bye [preauth]
Jul 28 14:31:54 sshVictim sshd[3282]: Disconnected from authenticating user root 139.59.0.209 port 36310 [preauth]
Jul 28 14:31:54 sshVictim sshd[3271]: Failed password for invalid user oracle from 54.36.123.35 port 35206 ssh2
Jul 28 14:31:55 sshVictim sshd[3281]: pam_unix(sshd:auth): authentication failure; logname= uid=0 euid=0 tty=ssh ruser= rhost=61.177.172.114  user=root
Jul 28 14:31:56 sshVictim sshd[3285]: Invalid user netflow from 178.62.108.63 port 45942
Jul 28 14:31:56 sshVictim sshd[3285]: pam_unix(sshd:auth): check pass; user unknown
Jul 28 14:31:56 sshVictim sshd[3285]: pam_unix(sshd:auth): authentication failure; logname= uid=0 euid=0 tty=ssh ruser= rhost=178.62.108.63 
Jul 28 14:31:57 sshVictim sshd[3281]: Failed password for root from 61.177.172.114 port 62261 ssh2
Jul 28 14:31:58 sshVictim sshd[3285]: Failed password for invalid user netflow from 178.62.108.63 port 45942 ssh2
Jul 28 14:31:58 sshVictim sshd[3270]: Connection closed by authenticating user root 54.36.123.35 port 35210 [preauth]
Jul 28 14:31:59 sshVictim sshd[3285]: Received disconnect from 178.62.108.63 port 45942:11: Bye Bye [preauth]
Jul 28 14:31:59 sshVictim sshd[3285]: Disconnected from invalid user netflow 178.62.108.63 port 45942 [preauth]
Jul 28 14:31:59 sshVictim sshd[3271]: Connection closed by invalid user oracle 54.36.123.35 port 35206 [preauth]
Jul 28 14:32:00 sshVictim sshd[3287]: pam_unix(sshd:auth): authentication failure; logname= uid=0 euid=0 tty=ssh ruser= rhost=103.37.83.26  user=root
Jul 28 14:32:01 sshVictim sshd[3289]: pam_unix(sshd:auth): authentication failure; logname= uid=0 euid=0 tty=ssh ruser= rhost=23.95.115.90  user=root
Jul 28 14:32:01 sshVictim sshd[3281]: Failed password for root from 61.177.172.114 port 62261 ssh2
Jul 28 14:32:02 sshVictim sshd[3287]: Failed password for root from 103.37.83.26 port 36743 ssh2
Jul 28 14:32:03 sshVictim sshd[3291]: pam_unix(sshd:auth): authentication failure; logname= uid=0 euid=0 tty=ssh ruser= rhost=118.70.169.150  user=root
Jul 28 14:32:04 sshVictim sshd[3293]: Invalid user user from 193.228.110.131 port 49294
Jul 28 14:32:04 sshVictim sshd[3293]: pam_unix(sshd:auth): check pass; user unknown
Jul 28 14:32:04 sshVictim sshd[3293]: pam_unix(sshd:auth): authentication failure; logname= uid=0 euid=0 tty=ssh ruser= rhost=193.228.110.131 
Jul 28 14:32:04 sshVictim sshd[3289]: Failed password for root from 23.95.115.90 port 36638 ssh2
Jul 28 14:32:04 sshVictim sshd[3287]: Received disconnect from 103.37.83.26 port 36743:11: Bye Bye [preauth]
Jul 28 14:32:04 sshVictim sshd[3287]: Disconnected from authenticating user root 103.37.83.26 port 36743 [preauth]
Jul 28 14:32:05 sshVictim sshd[3291]: Failed password for root from 118.70.169.150 port 40451 ssh2
Jul 28 14:32:05 sshVictim sshd[3281]: Failed password for root from 61.177.172.114 port 62261 ssh2
Jul 28 14:32:05 sshVictim sshd[3291]: Received disconnect from 118.70.169.150 port 40451:11: Bye Bye [preauth]
Jul 28 14:32:05 sshVictim sshd[3291]: Disconnected from authenticating user root 118.70.169.150 port 40451 [preauth]
Jul 28 14:32:05 sshVictim sshd[3289]: Received disconnect from 23.95.115.90 port 36638:11: Bye Bye [preauth]
Jul 28 14:32:05 sshVictim sshd[3289]: Disconnected from authenticating user root 23.95.115.90 port 36638 [preauth]
Jul 28 14:32:05 sshVictim sshd[3281]: Received disconnect from 61.177.172.114 port 62261:11:  [preauth]
Jul 28 14:32:05 sshVictim sshd[3281]: Disconnected from authenticating user root 61.177.172.114 port 62261 [preauth]
Jul 28 14:32:05 sshVictim sshd[3281]: PAM 2 more authentication failures; logname= uid=0 euid=0 tty=ssh ruser= rhost=61.177.172.114  user=root
Jul 28 14:32:05 sshVictim sshd[3293]: Failed password for invalid user user from 193.228.110.131 port 49294 ssh2
Jul 28 14:32:06 sshVictim sshd[3293]: Received disconnect from 193.228.110.131 port 49294:11: Bye Bye [preauth]
Jul 28 14:32:06 sshVictim sshd[3293]: Disconnected from invalid user user 193.228.110.131 port 49294 [preauth]
Jul 28 14:32:12 sshVictim sshd[3296]: Invalid user facturacion from 46.101.214.249 port 36526
Jul 28 14:32:12 sshVictim sshd[3296]: pam_unix(sshd:auth): check pass; user unknown
Jul 28 14:32:12 sshVictim sshd[3296]: pam_unix(sshd:auth): authentication failure; logname= uid=0 euid=0 tty=ssh ruser= rhost=46.101.214.249 
Jul 28 14:32:14 sshVictim sshd[3296]: Failed password for invalid user facturacion from 46.101.214.249 port 36526 ssh2
Jul 28 14:32:15 sshVictim sshd[3296]: Received disconnect from 46.101.214.249 port 36526:11: Bye Bye [preauth]
Jul 28 14:32:15 sshVictim sshd[3296]: Disconnected from invalid user facturacion 46.101.214.249 port 36526 [preauth]
Jul 28 14:32:17 sshVictim sshd[3295]: Received disconnect from 61.177.172.114 port 34638:11:  [preauth]
Jul 28 14:32:17 sshVictim sshd[3295]: Disconnected from 61.177.172.114 port 34638 [preauth]
Jul 28 14:32:19 sshVictim sshd[3301]: pam_unix(sshd:auth): authentication failure; logname= uid=0 euid=0 tty=ssh ruser= rhost=137.184.219.69  user=root
Jul 28 14:32:20 sshVictim sshd[3303]: Invalid user PPAP from 46.101.106.10 port 47396
